Installing app...
App install succeeded.
[16:27:19] main.c:658> INIT entered
[16:27:19] main.c:695> READY storage=1048576 heap=32400 message=0
[16:27:19] ui.c:511> UI screen0 heap32400
[16:27:20] ui.c:511> UI screen0 heap32480
[16:27:20] ui.c:511> UI screen0 heap32480
[16:27:56] ocess_manager.c:487> Heap Usage for App <KasugaBus>: Total Size <91896B> Used <59496B> Still allocated <0B>
[16:27:56] main.c:658> INIT entered
[16:27:57] main.c:695> READY storage=1048576 heap=32400 message=0
[16:27:57] ui.c:511> UI screen0 heap32400
[16:27:57] ui.c:511> UI screen0 heap32480
[16:27:57] ui.c:511> UI screen0 heap32480
[16:27:57] ui.c:511> UI screen0 heap32480
[16:27:58] ui.c:511> UI screen3 heap32480
[16:27:58] ui.c:511> UI screen3 heap32480
[16:27:58] ui.c:511> UI screen3 heap32480
[16:27:59] ui.c:511> UI screen11 heap32480
[16:27:59] ui.c:511> UI screen11 heap32480
[16:27:59] ui.c:511> UI screen11 heap32480
[16:27:59] ui.c:511> UI screen11 heap32480
[16:27:59] ui.c:511> UI screen11 heap32480
[16:27:59] ui.c:511> UI screen11 heap32480
[16:27:59] main.c:250> Update begin v2 bytes24203 status0
[16:27:59] ui.c:511> UI screen11 heap32480
[16:27:59] ui.c:511> UI screen11 heap32480
[16:27:59] ui.c:511> UI screen11 heap32480
[16:27:59] ui.c:511> UI screen11 heap32480
[16:27:59] ui.c:511> UI screen11 heap32480
[16:27:59] ui.c:511> UI screen11 heap32480
[16:27:59] ui.c:511> UI screen11 heap32480
[16:28:00] ui.c:511> UI screen11 heap32480
[16:28:00] ui.c:511> UI screen11 heap32480
[16:28:00] ui.c:511> UI screen11 heap32480
[16:28:00] ui.c:511> UI screen11 heap32480
[16:28:00] ui.c:511> UI screen11 heap32480
[16:28:00] ui.c:511> UI screen11 heap32480
[16:28:00] ui.c:511> UI screen11 heap32480
[16:28:00] ui.c:511> UI screen11 heap32480
[16:28:00] ui.c:511> UI screen11 heap32480
[16:28:00] ui.c:511> UI screen11 heap32480
[16:28:00] ui.c:511> UI screen11 heap32480
[16:28:01] ui.c:511> UI screen11 heap32480
[16:28:01] ui.c:511> UI screen11 heap32480
[16:28:01] ui.c:511> UI screen11 heap32480
[16:28:01] ui.c:511> UI screen11 heap32480
[16:28:01] ui.c:511> UI screen11 heap32480
[16:28:01] ui.c:511> UI screen11 heap32480
[16:28:01] ui.c:511> UI screen11 heap32480
[16:28:01] ui.c:511> UI screen11 heap32480
[16:28:01] ui.c:511> UI screen11 heap32480
[16:28:01] ui.c:511> UI screen11 heap32480
[16:28:01] ui.c:511> UI screen11 heap32480
[16:28:02] ui.c:511> UI screen11 heap32480
[16:28:02] ui.c:511> UI screen11 heap32480
[16:28:02] ui.c:511> UI screen11 heap32480
[16:28:02] ui.c:511> UI screen11 heap32480
[16:28:02] ui.c:511> UI screen11 heap32480
[16:28:02] ui.c:511> UI screen11 heap32480
[16:28:02] ui.c:511> UI screen11 heap32480
[16:28:02] ui.c:511> UI screen11 heap32480
[16:28:02] ui.c:511> UI screen11 heap32480
[16:28:02] ui.c:511> UI screen11 heap32480
[16:28:03] ui.c:511> UI screen11 heap32480
[16:28:03] ui.c:511> UI screen11 heap32480
[16:28:03] ui.c:511> UI screen11 heap32480
[16:28:03] ui.c:511> UI screen11 heap32480
[16:28:03] ui.c:511> UI screen11 heap32480
[16:28:03] ui.c:511> UI screen11 heap32480
[16:28:03] ui.c:511> UI screen11 heap32480
[16:28:03] ui.c:511> UI screen11 heap32480
[16:28:03] ui.c:511> UI screen11 heap32480
[16:28:03] ui.c:511> UI screen11 heap32480
[16:28:03] ui.c:511> UI screen11 heap32480
[16:28:04] ui.c:511> UI screen11 heap32480
[16:28:04] ui.c:511> UI screen11 heap32480
[16:28:04] ui.c:511> UI screen11 heap32480
[16:28:04] ui.c:511> UI screen11 heap32480
[16:28:04] ui.c:511> UI screen11 heap32480
[16:28:04] ui.c:511> UI screen11 heap32480
[16:28:04] ui.c:511> UI screen11 heap32480
[16:28:04] ui.c:511> UI screen11 heap32480
[16:28:04] ui.c:511> UI screen11 heap32480
[16:28:04] ui.c:511> UI screen11 heap32480
[16:28:05] ui.c:511> UI screen11 heap32480
[16:28:05] ui.c:511> UI screen11 heap32480
[16:28:05] ui.c:511> UI screen11 heap32480
[16:28:05] ui.c:511> UI screen11 heap32480
[16:28:05] ui.c:511> UI screen11 heap32480
[16:28:05] ui.c:511> UI screen11 heap32480
[16:28:05] ui.c:511> UI screen11 heap32480
[16:28:05] ui.c:511> UI screen11 heap32480
[16:28:05] ui.c:511> UI screen11 heap32480
[16:28:05] ui.c:511> UI screen11 heap32480
[16:28:06] ui.c:511> UI screen11 heap32480
[16:28:06] ui.c:511> UI screen11 heap32480
[16:28:06] ui.c:511> UI screen11 heap32480
[16:28:06] ui.c:511> UI screen11 heap32480
[16:28:06] ui.c:511> UI screen11 heap32480
[16:28:06] ui.c:511> UI screen11 heap32480
[16:28:06] ui.c:511> UI screen11 heap32480
[16:28:06] ui.c:511> UI screen11 heap32480
[16:28:06] ui.c:511> UI screen11 heap32480
[16:28:06] ui.c:511> UI screen11 heap32480
[16:28:06] ui.c:511> UI screen11 heap32480
[16:28:07] ui.c:511> UI screen11 heap32480
[16:28:07] ui.c:511> UI screen11 heap32480
[16:28:07] ui.c:511> UI screen11 heap32480
[16:28:07] ui.c:511> UI screen11 heap32480
[16:28:07] ui.c:511> UI screen11 heap32480
[16:28:07] ui.c:511> UI screen11 heap32480
[16:28:07] ui.c:511> UI screen11 heap32480
[16:28:07] ui.c:511> UI screen11 heap32480
[16:28:07] ui.c:511> UI screen11 heap32480
[16:28:07] ui.c:511> UI screen11 heap32480
[16:28:08] ui.c:511> UI screen11 heap32480
[16:28:08] ui.c:511> UI screen11 heap32480
[16:28:08] ui.c:511> UI screen11 heap32480
[16:28:08] ui.c:511> UI screen11 heap32480
[16:28:08] ui.c:511> UI screen11 heap32480
[16:28:08] ui.c:511> UI screen11 heap32480
[16:28:08] ui.c:511> UI screen11 heap32480
[16:28:08] ui.c:511> UI screen11 heap32480
[16:28:08] ui.c:511> UI screen11 heap32480
[16:28:08] ui.c:511> UI screen11 heap32480
[16:28:09] ui.c:511> UI screen11 heap32480
[16:28:09] ui.c:511> UI screen11 heap32480
[16:28:09] ui.c:511> UI screen11 heap32480
[16:28:09] ui.c:511> UI screen11 heap32480
[16:28:09] ui.c:511> UI screen11 heap32480
[16:28:09] ui.c:511> UI screen11 heap32480
[16:28:09] ui.c:511> UI screen11 heap32480
[16:28:09] ui.c:511> UI screen11 heap32480
[16:28:09] ui.c:511> UI screen11 heap32480
[16:28:09] ui.c:511> UI screen11 heap32480
[16:28:10] ui.c:511> UI screen11 heap32480
[16:28:10] ui.c:511> UI screen11 heap32480
[16:28:10] ui.c:511> UI screen11 heap32480
[16:28:10] ui.c:511> UI screen11 heap32480
[16:28:10] ui.c:511> UI screen11 heap32480
[16:28:10] ui.c:511> UI screen11 heap32480
[16:28:10] ui.c:511> UI screen11 heap32480
[16:28:10] ui.c:511> UI screen11 heap32480
[16:28:10] ui.c:511> UI screen11 heap32480
[16:28:10] ui.c:511> UI screen11 heap32480
[16:28:11] ui.c:511> UI screen11 heap32480
[16:28:11] ui.c:511> UI screen11 heap32480
[16:28:11] ui.c:511> UI screen11 heap32480
[16:28:11] ui.c:511> UI screen11 heap32480
[16:28:11] ui.c:511> UI screen11 heap32480
[16:28:11] ui.c:511> UI screen11 heap32480
[16:28:11] ui.c:511> UI screen11 heap32480
[16:28:11] main.c:537> Update commit session1491999713 status3 heap32480
[16:28:11] ui.c:511> UI screen11 heap32480
[16:28:11] ui.c:511> UI screen11 heap32480
[16:28:11] ocess_manager.c:487> Heap Usage for App <KasugaBus>: Total Size <91896B> Used <59496B> Still allocated <0B>
[16:28:12] main.c:658> INIT entered
[16:28:12] main.c:695> READY storage=1048576 heap=32400 message=0
[16:28:12] ui.c:511> UI screen0 heap32400
[16:28:12] ui.c:511> UI screen0 heap32480
[16:28:12] ui.c:511> UI screen0 heap32480
[16:28:12] ui.c:511> UI screen0 heap32480
[16:29:00] ui.c:511> UI screen0 heap32480
[16:29:14] ui.c:511> UI screen0 heap32480
[16:29:14] ui.c:511> UI screen1 heap32480
[16:29:15] ui.c:511> UI screen2 heap32480
[16:29:16] ui.c:511> UI screen1 heap32480
[16:29:16] ui.c:511> UI screen0 heap32480
[16:29:51] ui.c:511> UI screen1 heap32480
[16:29:51] ui.c:511> UI screen0 heap32480
