................................................Registration intent saved before UI submission. Use Dashboard New once with the frozen PBW/listing/assets; immediately record the returned App ID. This command never submits or uploads.
....Assigned listing recorded: bbbbbbbbbbbbbbbbbbbbbbbb https://apps.repebble.com/bbbbbbbbbbbbbbbbbbbbbbbb
.....{
  "uuid": "d7ba77b0-d528-4cc8-b35c-7052798152c9",
  "github_repo": "fixture-owner/kasugabus",
  "app_id": "bbbbbbbbbbbbbbbbbbbbbbbb",
  "listing_url": "https://apps.repebble.com/bbbbbbbbbbbbbbbbbbbbbbbb",
  "public_verification": "not checked",
  "releases": []
}
{
  "uuid": "d7ba77b0-d528-4cc8-b35c-7052798152c9",
  "github_repo": "fixture-owner/kasugabus",
  "app_id": "bbbbbbbbbbbbbbbbbbbbbbbb",
  "listing_url": "https://apps.repebble.com/bbbbbbbbbbbbbbbbbbbbbbbb",
  "public_verification": "not checked",
  "releases": [],
  "saved_locally": true
}
Assigned listing recorded: bbbbbbbbbbbbbbbbbbbbbbbb https://apps.repebble.com/bbbbbbbbbbbbbbbbbbbbbbbb
..Candidate frozen: /var/folders/5r/5wgy3x_d64z4dm3n0d6g6zq80000gn/T/kasugabus-release-fixtures-fyr5pe5g/.release/1.0.0 {"sha256": "78658160cb864d46bfdbce213a39b75715bc221803205caa57bedfba26874841", "bytes": 567}
Installation is recorded. Explicit physical approval of this SHA-256 and these destinations is still required.
..Registration intent saved before UI submission. Use Dashboard New once with the frozen PBW/listing/assets; immediately record the returned App ID. This command never submits or uploads.
.Assigned listing recorded: bbbbbbbbbbbbbbbbbbbbbbbb https://apps.repebble.com/bbbbbbbbbbbbbbbbbbbbbbbb
.Registration intent saved before UI submission. Use Dashboard New once with the frozen PBW/listing/assets; immediately record the returned App ID. This command never submits or uploads.
Assigned listing recorded: bbbbbbbbbbbbbbbbbbbbbbbb https://apps.repebble.com/bbbbbbbbbbbbbbbbbbbbbbbb
.Registration intent saved before UI submission. Use Dashboard New once with the frozen PBW/listing/assets; immediately record the returned App ID. This command never submits or uploads.
Assigned listing recorded: bbbbbbbbbbbbbbbbbbbbbbbb https://apps.repebble.com/bbbbbbbbbbbbbbbbbbbbbbbb
.Registration intent saved before UI submission. Use Dashboard New once with the frozen PBW/listing/assets; immediately record the returned App ID. This command never submits or uploads.
Assigned listing recorded: bbbbbbbbbbbbbbbbbbbbbbbb https://apps.repebble.com/bbbbbbbbbbbbbbbbbbbbbbbb
.....Registration intent saved before UI submission. Use Dashboard New once with the frozen PBW/listing/assets; immediately record the returned App ID. This command never submits or uploads.
Assigned listing recorded: bbbbbbbbbbbbbbbbbbbbbbbb https://apps.repebble.com/bbbbbbbbbbbbbbbbbbbbbbbb
Assigned listing recorded: bbbbbbbbbbbbbbbbbbbbbbbb https://apps.repebble.com/bbbbbbbbbbbbbbbbbbbbbbbb
..Registration intent saved before UI submission. Use Dashboard New once with the frozen PBW/listing/assets; immediately record the returned App ID. This command never submits or uploads.
Assigned listing recorded: bbbbbbbbbbbbbbbbbbbbbbbb https://apps.repebble.com/bbbbbbbbbbbbbbbbbbbbbbbb
.Registration intent saved before UI submission. Use Dashboard New once with the frozen PBW/listing/assets; immediately record the returned App ID. This command never submits or uploads.
Assigned listing recorded: bbbbbbbbbbbbbbbbbbbbbbbb https://apps.repebble.com/bbbbbbbbbbbbbbbbbbbbbbbb
..Registration intent saved before UI submission. Use Dashboard New once with the frozen PBW/listing/assets; immediately record the returned App ID. This command never submits or uploads.
.Registration intent saved before UI submission. Use Dashboard New once with the frozen PBW/listing/assets; immediately record the returned App ID. This command never submits or uploads.
Assigned listing recorded: bbbbbbbbbbbbbbbbbbbbbbbb https://apps.repebble.com/bbbbbbbbbbbbbbbbbbbbbbbb
.Registration intent saved before UI submission. Use Dashboard New once with the frozen PBW/listing/assets; immediately record the returned App ID. This command never submits or uploads.
Assigned listing recorded: bbbbbbbbbbbbbbbbbbbbbbbb https://apps.repebble.com/bbbbbbbbbbbbbbbbbbbbbbbb
Assigned listing recorded: bbbbbbbbbbbbbbbbbbbbbbbb https://apps.repebble.com/bbbbbbbbbbbbbbbbbbbbbbbb
Assigned listing recorded: bbbbbbbbbbbbbbbbbbbbbbbb https://apps.repebble.com/bbbbbbbbbbbbbbbbbbbbbbbb
....................Runtime log captured: /private/var/folders/5r/5wgy3x_d64z4dm3n0d6g6zq80000gn/T/kasugabus-release-fixtures-fv1w7t75/artifacts/capture-fixture.log receipt: /private/var/folders/5r/5wgy3x_d64z4dm3n0d6g6zq80000gn/T/kasugabus-release-fixtures-fv1w7t75/artifacts/capture-fixture.log.install.json PBW: f0d19fe3da8015a2f82790aedb49fa1acc12b6b1b3a8fdcda50f1367bb2d4458
usage: python3.13 -m unittest [-h]
                              {plan,prepare,publish,verify,begin-registration,record-registration,reconcile-registration,discover-registration} ...

Freeze, publish and verify one approved KasugaBus PBW. Never auto-register.
Imports and help are offline and unauthenticated. Publication is a separate,
explicit command and never builds or rewrites its approved artifact.

positional arguments:
  {plan,prepare,publish,verify,begin-registration,record-registration,reconcile-registration,discover-registration}
    plan                Read-only release/version context; no build, bump or
                        publication
    prepare             Freeze an already audited exact PBW and install it
                        physically; no public mutation
    publish             Explicitly publish the frozen artifact; no build or
                        auto-registration
    verify              Read-only bounded verification, preserving partial
                        status
    begin-registration  Approve frozen first listing and journal intent before
                        Dashboard New; never submit/upload
    record-registration
                        Immediately persist assigned ID, verify
                        ownership/UUID, and record optional listing read-back
    reconcile-registration
                        Discover a possibly created owned UUID; never resubmit
                        Dashboard New
    discover-registration
                        Read-only owned UUID/repository/release preflight;
                        optional verified local ID adoption, never creation

options:
  -h, --help            show this help message and exit
Candidate frozen: /var/folders/5r/5wgy3x_d64z4dm3n0d6g6zq80000gn/T/kasugabus-release-fixtures-o0gp42wz/.release/1.0.0 {"sha256": "f0d19fe3da8015a2f82790aedb49fa1acc12b6b1b3a8fdcda50f1367bb2d4458", "bytes": 567}
Installation is recorded. Explicit physical approval of this SHA-256 and these destinations is still required.
..........Verification attempt 1 {"github": {"state": "verified", "details": {"fixture": "ok"}}, "appstore": {"state": "pending verification", "reason": "fixture propagation"}}
Verification attempt 2 {"github": {"state": "verified", "details": {"fixture": "ok"}}, "appstore": {"state": "pending verification", "reason": "fixture propagation"}}
..
----------------------------------------------------------------------
Ran 109 tests in 28.518s

OK
PASS protocol preserves unsigned words through signed PebbleKit tuples
PASS shared sender waits for transport callback after an early application ACK
PASS shared sender bounds FIFO and handles NACK without concurrent transactions
PASS shared sender timeout blocks new transactions until callback or reconnect
PASS shared sender reports immediate SDK exceptions once
PASS standard CRC32 and SHA256 vectors
PASS valid complete binary and manifest agree
PASS reject malformed dates, versions, hosts, lengths, compatibility and future current
PASS binary rejects corrupt payload, references, sort, flags, time and UTF8
PASS fixed80B atomic preference roundtrip, explicit unset versus zero
PASS startup Nearby requires startup location while None default remains valid
PASS invalid duplicate/unknown/outofrange/padded preferences reject
PASS Nearby good, stale, poor, outside, missing and stable uncertainty ties
PASS Nearby stale and poor fixes retain real bounded metadata without ranking rows
PASS Nearby denied, unavailable, timeout, missing/throwing API and NaN fix use explicit error states
PASS one-shot geolocation timeout and obsolete request suppression
PASS transfer ignores old session/sequence, acknowledges chunks, retries same bytes
PASS transfer gives up after bounded retries without COMMIT
PASS unconfigured feed never makes network attempt or successful stamp
PASS watch-owned one-inflight and no downgrade/rewrite
PASS transfer requires the explicit watch request including zero
PASS Restore during manifest or payload download aborts once and suppresses obsolete callbacks
PASS Restore during transfer rejects old ACKs after a new check and binds BEGIN to its request
PASS Restore between future and current downloads prevents the remaining current transfer
PASS synchronous fetch completion cannot retain an obsolete abort handle
25 phone unit scenarios passed
PASS Clay page prevents duplicate, invalid and excessive walking preferences
PASS phone configuration cancellation, invalid responses, atomic confirmation and reconnect handshake
PASS phone Nearby respects location opt-in independently of startup
PASS disabling location suppresses an in-flight result
PASS Restore STATE cancels downloading and permits a new explicit check
{"testOnly": true, "origin": "http://127.0.0.1:60680", "manifest": "http://127.0.0.1:60680/manifest.json", "fixtures": "/var/folders/5r/5wgy3x_d64z4dm3n0d6g6zq80000gn/T/kasugabus-test-feed-iwjnh7mq"}
PASS controlled HTTP current + future staged before current; commits 3,2
PASS controlled HTTP corrupt checksum; commits 
PASS controlled HTTP incompatible schema; commits 
PASS controlled HTTP interrupted HTTP payload; commits 
PASS controlled HTTP lost ACK bounded transfer; commits 
5 real HTTP integration scenarios passed; production endpoint unchanged
preferences/control: atomic banks, torn writes/checksums, durable uint32 requests, retained timestamps/settings, KBW2/KBW1/KBP1 compatibility and precedence, two-read load, generation/flags PASS
automatic eligibility: offline defer, disabled, busy, rolling24h, backward clock PASS
storage: transfer/recovery, 7 lazy-validation regressions, and 6 atomic-directory/migration suites PASS
All local KasugaBus test suites passed
'distclean' finished successfully (0.001s)

up to date, audited 2 packages in 7s

found 0 vulnerabilities

up to date, audited 2 packages in 631ms

found 0 vulnerabilities
Setting top to                           : /Users/e_wijaya_ap/Desktop/kasugabus-pebble 
Setting out to                           : /Users/e_wijaya_ap/Desktop/kasugabus-pebble/build 
Checking for program 'webpack'           : /Users/e_wijaya_ap/Library/Application Support/Pebble SDK/SDKs/current/node_modules/.bin/webpack 
Found Pebble SDK for emery in:           : /Users/e_wijaya_ap/Library/Application Support/Pebble SDK/SDKs/current/sdk-core/pebble/emery 
Checking for program 'gcc, cc'           : arm-none-eabi-gcc 
Checking for program 'ar'                : arm-none-eabi-ar 
'configure' finished successfully (0.461s)
Waf: Entering directory `/Users/e_wijaya_ap/Desktop/kasugabus-pebble/build'
Waf: Leaving directory `/Users/e_wijaya_ap/Desktop/kasugabus-pebble/build'
'build' finished successfully (0.514s)

Release audit stopped: Missing/ambiguous Emery build metric: resources
