[11:16:00] ui.c:50> UI screen0 render_ms15 heap39116
[11:16:02] ui.c:50> UI screen1 render_ms16 heap39116
[11:16:04] ui.c:50> UI screen2 render_ms14 heap39116
[11:16:06] ui.c:50> UI screen15 render_ms8 heap39116
[11:17:00] ui.c:50> UI screen15 render_ms10 heap39116
[11:17:05] ui.c:50> UI screen15 render_ms6 heap39116
[11:17:05] ui.c:50> UI screen15 render_ms5 heap39116
[11:17:05] main.c:47> Update begin v3 bytes24203 status0
[11:17:05] ui.c:50> UI screen15 render_ms5 heap39116
[11:17:05] ui.c:50> UI screen15 render_ms6 heap39116
[11:17:05] ui.c:50> UI screen15 render_ms6 heap39116
[11:17:05] ui.c:50> UI screen15 render_ms6 heap39116
[11:17:05] ui.c:50> UI screen15 render_ms6 heap39116
[11:17:05] ui.c:50> UI screen15 render_ms6 heap39116
[11:17:05] ui.c:50> UI screen15 render_ms6 heap39116
[11:17:05] ui.c:50> UI screen15 render_ms6 heap39116
[11:17:05] ui.c:50> UI screen15 render_ms6 heap39116
[11:17:05] ui.c:50> UI screen15 render_ms5 heap39116
[11:17:05] ui.c:50> UI screen15 render_ms6 heap39116
[11:17:05] ui.c:50> UI screen15 render_ms6 heap39116
[11:17:05] ui.c:50> UI screen15 render_ms6 heap39116
[11:17:05] ui.c:50> UI screen15 render_ms6 heap39116
[11:17:05] ui.c:50> UI screen15 render_ms7 heap39116
[11:17:05] ui.c:50> UI screen15 render_ms6 heap39116
[11:17:05] ui.c:50> UI screen15 render_ms6 heap39116
[11:17:05] ui.c:50> UI screen15 render_ms6 heap39116
[11:17:05] ui.c:50> UI screen15 render_ms6 heap39116
[11:17:05] ui.c:50> UI screen15 render_ms6 heap39116
[11:17:05] ui.c:50> UI screen15 render_ms6 heap39116
[11:17:05] ui.c:50> UI screen15 render_ms5 heap39116
[11:17:05] ui.c:50> UI screen15 render_ms6 heap39116
[11:17:05] ui.c:50> UI screen15 render_ms4 heap39116
[11:17:05] ui.c:50> UI screen15 render_ms5 heap39116
[11:17:05] ui.c:50> UI screen15 render_ms6 heap39116
[11:17:05] ui.c:50> UI screen15 render_ms6 heap39116
[11:17:05] ui.c:50> UI screen15 render_ms6 heap39116
[11:17:05] ui.c:50> UI screen15 render_ms6 heap39116
[11:17:05] ui.c:50> UI screen15 render_ms6 heap39116
[11:17:05] ui.c:50> UI screen15 render_ms6 heap39116
[11:17:05] ui.c:50> UI screen15 render_ms6 heap39116
[11:17:05] ui.c:50> UI screen15 render_ms5 heap39116
[11:17:05] ui.c:50> UI screen15 render_ms6 heap39116
[11:17:05] ui.c:50> UI screen15 render_ms5 heap39116
[11:17:05] ui.c:50> UI screen15 render_ms7 heap39116
[11:17:05] ui.c:50> UI screen15 render_ms5 heap39116
[11:17:05] ui.c:50> UI screen15 render_ms6 heap39116
[11:17:05] ui.c:50> UI screen15 render_ms6 heap39116
[11:17:05] ui.c:50> UI screen15 render_ms6 heap39116
[11:17:05] ui.c:50> UI screen15 render_ms6 heap39116
[11:17:06] ui.c:50> UI screen15 render_ms1006 heap39116
[11:17:06] ui.c:50> UI screen15 render_ms6 heap39116
[11:17:06] ui.c:50> UI screen15 render_ms6 heap39116
[11:17:06] ui.c:50> UI screen15 render_ms6 heap39116
[11:17:06] ui.c:50> UI screen15 render_ms6 heap39116
[11:17:06] ui.c:50> UI screen15 render_ms6 heap39116
[11:17:06] ui.c:50> UI screen15 render_ms6 heap39116
[11:17:06] ui.c:50> UI screen15 render_ms5 heap39116
[11:17:06] ui.c:50> UI screen15 render_ms6 heap39116
[11:17:06] ui.c:50> UI screen15 render_ms5 heap39116
[11:17:06] ui.c:50> UI screen15 render_ms6 heap39116
[11:17:06] ui.c:50> UI screen15 render_ms6 heap39116
[11:17:06] ui.c:50> UI screen15 render_ms6 heap39116
[11:17:06] ui.c:50> UI screen15 render_ms6 heap39116
[11:17:06] ui.c:50> UI screen15 render_ms6 heap39116
[11:17:06] ui.c:50> UI screen15 render_ms6 heap39116
[11:17:06] ui.c:50> UI screen15 render_ms6 heap39116
[11:17:06] ui.c:50> UI screen15 render_ms6 heap39116
[11:17:06] ui.c:50> UI screen15 render_ms6 heap39116
[11:17:06] ui.c:50> UI screen15 render_ms6 heap39116
[11:17:06] ui.c:50> UI screen15 render_ms6 heap39116
[11:17:06] ui.c:50> UI screen15 render_ms4 heap39116
[11:17:06] ui.c:50> UI screen15 render_ms5 heap39116
[11:17:06] ui.c:50> UI screen15 render_ms6 heap39116
[11:17:06] ui.c:50> UI screen15 render_ms6 heap39116
[11:17:06] ui.c:50> UI screen15 render_ms5 heap39116
[11:17:06] ui.c:50> UI screen15 render_ms6 heap39116
[11:17:06] ui.c:50> UI screen15 render_ms6 heap39116
[11:17:06] ui.c:50> UI screen15 render_ms6 heap39116
[11:17:06] ui.c:50> UI screen15 render_ms6 heap39116
[11:17:06] ui.c:50> UI screen15 render_ms6 heap39116
[11:17:06] ui.c:50> UI screen15 render_ms6 heap39116
[11:17:06] ui.c:50> UI screen15 render_ms6 heap39116
[11:17:06] ui.c:50> UI screen15 render_ms6 heap39116
[11:17:06] ui.c:50> UI screen15 render_ms6 heap39116
[11:17:06] ui.c:50> UI screen15 render_ms6 heap39116
[11:17:06] ui.c:50> UI screen15 render_ms6 heap39116
[11:17:06] ui.c:50> UI screen15 render_ms5 heap39116
[11:17:06] ui.c:50> UI screen15 render_ms5 heap39116
[11:17:06] ui.c:50> UI screen15 render_ms6 heap39116
[11:17:06] ui.c:50> UI screen15 render_ms6 heap39116
[11:17:06] ui.c:50> UI screen15 render_ms6 heap39116
[11:17:06] ui.c:50> UI screen15 render_ms6 heap39116
[11:17:06] ui.c:50> UI screen15 render_ms6 heap39116
[11:17:06] ui.c:50> UI screen15 render_ms6 heap39116
[11:17:06] ui.c:50> UI screen15 render_ms6 heap39116
[11:17:06] ui.c:50> UI screen15 render_ms6 heap39116
[11:17:06] ui.c:50> UI screen15 render_ms6 heap39116
[11:17:06] ui.c:50> UI screen15 render_ms6 heap39116
[11:17:06] ui.c:50> UI screen15 render_ms6 heap39116
[11:17:06] ui.c:50> UI screen15 render_ms6 heap39116
[11:17:06] ui.c:50> UI screen15 render_ms5 heap39116
[11:17:06] ui.c:50> UI screen15 render_ms7 heap39116
[11:17:06] ui.c:50> UI screen15 render_ms5 heap39116
[11:17:06] ui.c:50> UI screen15 render_ms5 heap39116
[11:17:06] ui.c:50> UI screen15 render_ms6 heap39116
[11:17:06] ui.c:50> UI screen15 render_ms6 heap39116
[11:17:06] ui.c:50> UI screen15 render_ms5 heap39116
[11:17:06] ui.c:50> UI screen15 render_ms6 heap39116
[11:17:06] ui.c:50> UI screen15 render_ms6 heap39116
[11:17:06] ui.c:50> UI screen15 render_ms6 heap39116
[11:17:06] ui.c:50> UI screen15 render_ms6 heap39116
[11:17:06] ui.c:50> UI screen15 render_ms6 heap39116
[11:17:06] ui.c:50> UI screen15 render_ms6 heap39116
[11:17:07] ui.c:50> UI screen15 render_ms6 heap39116
[11:17:07] ui.c:50> UI screen15 render_ms6 heap39116
[11:17:07] ui.c:50> UI screen15 render_ms6 heap39116
[11:17:07] ui.c:50> UI screen15 render_ms6 heap39116
[11:17:07] ui.c:50> UI screen15 render_ms7 heap39116
[11:17:07] ui.c:50> UI screen15 render_ms6 heap39116
[11:17:07] ui.c:50> UI screen15 render_ms7 heap39116
[11:17:07] ui.c:50> UI screen15 render_ms6 heap39116
[11:17:07] ui.c:50> UI screen15 render_ms6 heap39116
[11:17:07] ui.c:50> UI screen15 render_ms5 heap39116
[11:17:07] ui.c:50> UI screen15 render_ms5 heap39116
[11:17:07] ui.c:50> UI screen15 render_ms6 heap39116
[11:17:07] ui.c:50> UI screen15 render_ms6 heap39116
[11:17:07] ui.c:50> UI screen15 render_ms6 heap39116
[11:17:07] ui.c:50> UI screen15 render_ms5 heap39116
[11:17:07] ui.c:50> UI screen15 render_ms5 heap39116
[11:17:07] ui.c:50> UI screen15 render_ms5 heap39116
[11:17:07] ui.c:50> UI screen15 render_ms6 heap39116
[11:17:07] ui.c:50> UI screen15 render_ms5 heap39116
[11:17:07] ui.c:50> UI screen15 render_ms6 heap39116
[11:17:07] ui.c:50> UI screen15 render_ms6 heap39116
[11:17:07] ui.c:50> UI screen15 render_ms5 heap39116
[11:17:07] ui.c:50> UI screen15 render_ms4 heap39116
[11:17:07] main.c:49> Update commit session2739411364 status4 heap39116
[11:17:07] ui.c:50> UI screen15 render_ms5 heap39116
[11:17:07] main.c:47> Update begin v2 bytes24203 status0
[11:17:07] ui.c:50> UI screen15 render_ms5 heap39116
[11:17:07] ui.c:50> UI screen15 render_ms6 heap39116
[11:17:07] ui.c:50> UI screen15 render_ms5 heap39116
[11:17:07] ui.c:50> UI screen15 render_ms5 heap39116
[11:17:07] ui.c:50> UI screen15 render_ms6 heap39116
[11:17:07] ui.c:50> UI screen15 render_ms6 heap39116
[11:17:07] ui.c:50> UI screen15 render_ms6 heap39116
[11:17:07] ui.c:50> UI screen15 render_ms6 heap39116
[11:17:07] ui.c:50> UI screen15 render_ms6 heap39116
[11:17:07] ui.c:50> UI screen15 render_ms7 heap39116
[11:17:07] ui.c:50> UI screen15 render_ms6 heap39116
[11:17:07] ui.c:50> UI screen15 render_ms6 heap39116
[11:17:07] ui.c:50> UI screen15 render_ms5 heap39116
[11:17:07] ui.c:50> UI screen15 render_ms6 heap39116
[11:17:07] ui.c:50> UI screen15 render_ms6 heap39116
[11:17:07] ui.c:50> UI screen15 render_ms7 heap39116
[11:17:07] ui.c:50> UI screen15 render_ms6 heap39116
[11:17:07] ui.c:50> UI screen15 render_ms5 heap39116
[11:17:07] ui.c:50> UI screen15 render_ms6 heap39116
[11:17:07] ui.c:50> UI screen15 render_ms6 heap39116
[11:17:07] ui.c:50> UI screen15 render_ms6 heap39116
[11:17:07] ui.c:50> UI screen15 render_ms6 heap39116
[11:17:07] ui.c:50> UI screen15 render_ms6 heap39116
[11:17:07] ui.c:50> UI screen15 render_ms6 heap39116
[11:17:07] ui.c:50> UI screen15 render_ms5 heap39116
[11:17:07] ui.c:50> UI screen15 render_ms6 heap39116
[11:17:07] ui.c:50> UI screen15 render_ms6 heap39116
[11:17:07] ui.c:50> UI screen15 render_ms6 heap39116
[11:17:07] ui.c:50> UI screen15 render_ms6 heap39116
[11:17:07] ui.c:50> UI screen15 render_ms6 heap39116
[11:17:07] ui.c:50> UI screen15 render_ms7 heap39116
[11:17:07] ui.c:50> UI screen15 render_ms6 heap39116
[11:17:07] ui.c:50> UI screen15 render_ms6 heap39116
[11:17:07] ui.c:50> UI screen15 render_ms5 heap39116
[11:17:07] ui.c:50> UI screen15 render_ms5 heap39116
[11:17:07] ui.c:50> UI screen15 render_ms6 heap39116
[11:17:08] ui.c:50> UI screen15 render_ms6 heap39116
[11:17:08] ui.c:50> UI screen15 render_ms6 heap39116
[11:17:08] ui.c:50> UI screen15 render_ms6 heap39116
[11:17:08] ui.c:50> UI screen15 render_ms5 heap39116
[11:17:08] ui.c:50> UI screen15 render_ms5 heap39116
[11:17:08] ui.c:50> UI screen15 render_ms6 heap39116
[11:17:08] ui.c:50> UI screen15 render_ms6 heap39116
[11:17:08] ui.c:50> UI screen15 render_ms5 heap39116
[11:17:08] ui.c:50> UI screen15 render_ms5 heap39116
[11:17:08] ui.c:50> UI screen15 render_ms6 heap39116
[11:17:08] ui.c:50> UI screen15 render_ms6 heap39116
[11:17:08] ui.c:50> UI screen15 render_ms5 heap39116
[11:17:08] ui.c:50> UI screen15 render_ms5 heap39116
[11:17:08] ui.c:50> UI screen15 render_ms5 heap39116
[11:17:08] ui.c:50> UI screen15 render_ms6 heap39116
[11:17:08] ui.c:50> UI screen15 render_ms5 heap39116
[11:17:08] ui.c:50> UI screen15 render_ms6 heap39116
[11:17:08] ui.c:50> UI screen15 render_ms5 heap39116
[11:17:08] ui.c:50> UI screen15 render_ms5 heap39116
[11:17:08] ui.c:50> UI screen15 render_ms5 heap39116
[11:17:08] ui.c:50> UI screen15 render_ms5 heap39116
[11:17:08] ui.c:50> UI screen15 render_ms6 heap39116
[11:17:08] ui.c:50> UI screen15 render_ms6 heap39116
[11:17:08] ui.c:50> UI screen15 render_ms5 heap39116
[11:17:08] ui.c:50> UI screen15 render_ms6 heap39116
[11:17:08] ui.c:50> UI screen15 render_ms5 heap39116
[11:17:08] ui.c:50> UI screen15 render_ms6 heap39116
[11:17:08] ui.c:50> UI screen15 render_ms6 heap39116
[11:17:08] ui.c:50> UI screen15 render_ms6 heap39116
[11:17:08] ui.c:50> UI screen15 render_ms5 heap39116
[11:17:08] ui.c:50> UI screen15 render_ms5 heap39116
[11:17:08] ui.c:50> UI screen15 render_ms6 heap39116
[11:17:08] ui.c:50> UI screen15 render_ms5 heap39116
[11:17:08] ui.c:50> UI screen15 render_ms5 heap39116
[11:17:08] ui.c:50> UI screen15 render_ms5 heap39116
[11:17:08] ui.c:50> UI screen15 render_ms5 heap39116
[11:17:08] ui.c:50> UI screen15 render_ms6 heap39116
[11:17:08] ui.c:50> UI screen15 render_ms5 heap39116
[11:17:08] ui.c:50> UI screen15 render_ms6 heap39116
[11:17:08] ui.c:50> UI screen15 render_ms6 heap39116
[11:17:08] ui.c:50> UI screen15 render_ms6 heap39116
[11:17:08] ui.c:50> UI screen15 render_ms6 heap39116
[11:17:08] ui.c:50> UI screen15 render_ms6 heap39116
[11:17:08] ui.c:50> UI screen15 render_ms5 heap39116
[11:17:08] ui.c:50> UI screen15 render_ms6 heap39116
[11:17:08] ui.c:50> UI screen15 render_ms7 heap39116
[11:17:08] ui.c:50> UI screen15 render_ms6 heap39116
[11:17:08] ui.c:50> UI screen15 render_ms5 heap39116
[11:17:08] ui.c:50> UI screen15 render_ms5 heap39116
[11:17:08] ui.c:50> UI screen15 render_ms6 heap39116
[11:17:08] ui.c:50> UI screen15 render_ms6 heap39116
[11:17:08] ui.c:50> UI screen15 render_ms5 heap39116
[11:17:09] ui.c:50> UI screen15 render_ms6 heap39116
[11:17:09] ui.c:50> UI screen15 render_ms6 heap39116
[11:17:09] ui.c:50> UI screen15 render_ms6 heap39116
[11:17:09] ui.c:50> UI screen15 render_ms6 heap39116
[11:17:09] ui.c:50> UI screen15 render_ms6 heap39116
[11:17:09] ui.c:50> UI screen15 render_ms5 heap39116
[11:17:09] ui.c:50> UI screen15 render_ms6 heap39116
[11:17:09] ui.c:50> UI screen15 render_ms6 heap39116
[11:17:09] ui.c:50> UI screen15 render_ms6 heap39116
[11:17:09] ui.c:50> UI screen15 render_ms6 heap39116
[11:17:09] ui.c:50> UI screen15 render_ms5 heap39116
[11:17:09] ui.c:50> UI screen15 render_ms7 heap39116
[11:17:09] ui.c:50> UI screen15 render_ms5 heap39116
[11:17:09] ui.c:50> UI screen15 render_ms6 heap39116
[11:17:09] ui.c:50> UI screen15 render_ms6 heap39116
[11:17:09] ui.c:50> UI screen15 render_ms6 heap39116
[11:17:09] ui.c:50> UI screen15 render_ms5 heap39116
[11:17:09] ui.c:50> UI screen15 render_ms5 heap39116
[11:17:09] ui.c:50> UI screen15 render_ms6 heap39116
[11:17:09] ui.c:50> UI screen15 render_ms5 heap39116
[11:17:09] ui.c:50> UI screen15 render_ms5 heap39116
[11:17:09] ui.c:50> UI screen15 render_ms6 heap39116
[11:17:09] ui.c:50> UI screen15 render_ms6 heap39116
[11:17:09] ui.c:50> UI screen15 render_ms6 heap39116
[11:17:09] ui.c:50> UI screen15 render_ms6 heap39116
[11:17:09] ui.c:50> UI screen15 render_ms6 heap39116
[11:17:09] ui.c:50> UI screen15 render_ms6 heap39116
[11:17:09] ui.c:50> UI screen15 render_ms6 heap39116
[11:17:09] ui.c:50> UI screen15 render_ms5 heap39116
[11:17:09] ui.c:50> UI screen15 render_ms6 heap39116
[11:17:09] ui.c:50> UI screen15 render_ms6 heap39116
[11:17:09] ui.c:50> UI screen15 render_ms6 heap39116
[11:17:09] ui.c:50> UI screen15 render_ms6 heap39116
[11:17:09] ui.c:50> UI screen15 render_ms6 heap39116
[11:17:09] ui.c:50> UI screen15 render_ms5 heap39116
[11:17:09] ui.c:50> UI screen15 render_ms6 heap39116
[11:17:09] ui.c:50> UI screen15 render_ms6 heap39116
[11:17:09] ui.c:50> UI screen15 render_ms5 heap39116
[11:17:09] ui.c:50> UI screen15 render_ms5 heap39116
[11:17:09] ui.c:50> UI screen15 render_ms5 heap39116
[11:17:09] main.c:49> Update commit session2739411365 status3 heap39116
[11:17:09] ui.c:50> UI screen15 render_ms5 heap39116
[11:17:09] ui.c:50> UI screen15 render_ms5 heap39116
[11:17:09] ocess_manager.c:487> Heap Usage for App <KasugaBus>: Total Size <96704B> Used <57668B> Still allocated <0B>
[11:17:10] main.c:60> READY init_ms=130 storage=1048576 heap=39036 message=0
[11:17:10] ui.c:50> UI screen0 render_ms36 heap39036
[11:17:10] ui.c:50> UI screen0 render_ms38 heap39116
[11:17:10] main.c:47> Update begin v5 bytes24203 status0
[11:17:10] ui.c:50> UI screen0 render_ms33 heap39116
[11:17:10] ui.c:50> UI screen0 render_ms35 heap39116
[11:17:10] ui.c:50> UI screen0 render_ms36 heap39116
[11:17:10] ui.c:50> UI screen0 render_ms34 heap39116
[11:17:10] ocess_manager.c:487> Heap Usage for App <KasugaBus>: Total Size <96704B> Used <57668B> Still allocated <0B>
[11:17:10] main.c:60> READY init_ms=132 storage=1048576 heap=39036 message=0
[11:17:10] ui.c:50> UI screen0 render_ms36 heap39036
[11:17:10] ui.c:50> UI screen0 render_ms34 heap39116
[11:17:10] ui.c:50> UI screen0 render_ms35 heap39116
[11:17:10] ui.c:50> UI screen0 render_ms35 heap39116
[11:17:10] ui.c:50> UI screen0 render_ms35 heap39116
[11:17:10] ui.c:50> UI screen0 render_ms34 heap39116
[11:17:11] ui.c:50> UI screen0 render_ms36 heap39116
[11:17:11] ui.c:50> UI screen0 render_ms44 heap39116
[11:18:00] ui.c:50> UI screen0 render_ms45 heap39116
[11:19:00] ui.c:50> UI screen0 render_ms50 heap39116
[11:19:24] ocess_manager.c:487> Heap Usage for App <KasugaBus>: Total Size <96704B> Used <57668B> Still allocated <0B>
[11:19:25] main.c:60> READY init_ms=134 storage=1048576 heap=37088 message=0
[11:19:25] ui.c:50> UI screen0 render_ms10 heap37088
[11:19:25] ui.c:50> UI screen0 render_ms-992 heap37168
[11:19:26] ui.c:50> UI screen0 render_ms8 heap37168
[11:19:26] ui.c:50> UI screen0 render_ms18 heap37168
[11:20:00] ui.c:50> UI screen0 render_ms17 heap37168
[11:21:00] ui.c:50> UI screen0 render_ms15 heap37168
[11:22:00] ui.c:50> UI screen0 render_ms16 heap37168
[11:23:00] ui.c:50> UI screen0 render_ms21 heap37168
[11:24:00] ui.c:50> UI screen0 render_ms15 heap37168
[11:25:00] ui.c:50> UI screen0 render_ms23 heap37168
[11:26:00] ui.c:50> UI screen0 render_ms22 heap37168
[11:27:00] ui.c:50> UI screen0 render_ms17 heap37168
[11:28:00] ui.c:50> UI screen0 render_ms18 heap37168
[11:29:00] ui.c:50> UI screen0 render_ms19 heap37168
[11:29:54] ocess_manager.c:487> Heap Usage for App <KasugaBus>: Total Size <96584B> Used <59496B> Still allocated <0B>
[11:29:55] main.c:540> READY init_ms=133 storage=1048576 heap=36176 message=0
[11:29:55] ui.c:493> UI screen0 render_ms36 heap36176
[11:29:55] ui.c:493> UI screen0 render_ms35 heap36256
[11:29:56] ui.c:493> UI screen0 render_ms51 heap36256
[11:29:56] ui.c:493> UI screen0 render_ms41 heap36256
[11:30:00] ui.c:493> UI screen0 render_ms52 heap36256
[11:31:00] ui.c:493> UI screen0 render_ms61 heap36256
[11:32:00] ui.c:493> UI screen0 render_ms54 heap36256
[11:33:00] ui.c:493> UI screen0 render_ms50 heap36256
[11:34:00] ui.c:493> UI screen0 render_ms54 heap36256
[11:35:00] ui.c:493> UI screen0 render_ms43 heap36256
[11:36:00] ui.c:493> UI screen0 render_ms41 heap36256
[11:37:00] ui.c:493> UI screen0 render_ms35 heap36256
[11:37:40] ocess_manager.c:487> Heap Usage for App <KasugaBus>: Total Size <95672B> Used <59496B> Still allocated <0B>
[11:37:41] main.c:554> READY init_ms=1136 storage=1048576 heap=35648 message=0
[11:37:41] ui.c:498> UI screen0 render_ms37 heap35648
[11:37:41] ui.c:498> UI screen0 render_ms34 heap35728
[11:37:42] ui.c:498> UI screen0 render_ms40 heap35728
[11:37:57] ui.c:498> UI screen3 render_ms11 heap35728
[11:38:00] ui.c:498> UI screen3 render_ms16 heap35728
[11:39:00] ui.c:498> UI screen3 render_ms17 heap35728
[11:40:00] ui.c:498> UI screen3 render_ms15 heap35728
[11:41:00] ui.c:498> UI screen3 render_ms11 heap35728
[11:41:10] ui.c:498> UI screen3 render_ms9 heap35728
[11:41:10] ui.c:498> UI screen3 render_ms8 heap35728
[11:41:10] ocess_manager.c:487> Heap Usage for App <KasugaBus>: Total Size <95144B> Used <59496B> Still allocated <0B>
[11:41:10] main.c:554> READY init_ms=136 storage=1048576 heap=35648 message=0
[11:41:10] ui.c:498> UI screen0 render_ms36 heap35648
[11:41:10] ui.c:498> UI screen0 render_ms34 heap35728
[11:41:10] ui.c:498> UI screen0 render_ms35 heap35728
[11:41:10] ui.c:498> UI screen0 render_ms35 heap35728
[11:41:11] ui.c:498> UI screen0 render_ms36 heap35728
[11:41:12] ui.c:498> UI screen0 render_ms35 heap35728
[11:41:13] ui.c:498> UI screen0 render_ms38 heap35728
[11:41:14] ui.c:498> UI screen1 render_ms13 heap35728
[11:41:16] ui.c:498> UI screen2 render_ms14 heap35728
[11:41:19] ui.c:498> UI screen15 render_ms8 heap35728
[11:41:21] ui.c:498> UI screen3 render_ms15 heap35728
[11:41:24] ui.c:498> UI screen4 render_ms12 heap35728
[11:41:25] ui.c:498> UI screen5 render_ms15 heap35728
[11:41:27] ui.c:498> UI screen4 render_ms10 heap35728
[11:41:28] ui.c:498> UI screen4 render_ms14 heap35728
[11:41:29] ui.c:498> UI screen4 render_ms13 heap35728
[11:41:30] ui.c:498> UI screen6 render_ms11 heap35728
[11:41:32] ui.c:498> UI screen6 render_ms10 heap35728
[11:41:33] ui.c:498> UI screen6 render_ms9 heap35728
[11:41:33] ui.c:498> UI screen6 render_ms13 heap35728
[11:41:33] ui.c:498> UI screen6 render_ms15 heap35728
[11:41:34] ui.c:498> UI screen7 render_ms16 heap35728
[11:41:37] ui.c:498> UI screen7 render_ms16 heap35728
[11:41:37] ui.c:498> UI screen7 render_ms11 heap35728
[11:41:37] ui.c:498> UI screen7 render_ms12 heap35728
[11:41:39] ui.c:498> UI screen7 render_ms6 heap35728
[11:41:39] ocess_manager.c:487> Heap Usage for App <KasugaBus>: Total Size <95144B> Used <59496B> Still allocated <0B>
[11:41:39] main.c:554> READY init_ms=134 storage=1048576 heap=35648 message=0
[11:41:39] ui.c:498> UI screen0 render_ms36 heap35648
[11:41:39] ui.c:498> UI screen0 render_ms34 heap35728
[11:41:39] ui.c:498> UI screen0 render_ms35 heap35728
[11:41:39] ui.c:498> UI screen0 render_ms36 heap35728
[11:41:40] ui.c:498> UI screen0 render_ms37 heap35728
[11:41:41] ui.c:498> UI screen0 render_ms1041 heap35728
[11:41:41] ocess_manager.c:487> Heap Usage for App <KasugaBus>: Total Size <95144B> Used <59496B> Still allocated <0B>
[11:41:41] main.c:554> READY init_ms=155 storage=1048576 heap=35648 message=0
[11:41:41] ui.c:498> UI screen0 render_ms38 heap35648
[11:41:41] ui.c:498> UI screen0 render_ms35 heap35728
[11:41:41] ui.c:498> UI screen0 render_ms34 heap35728
[11:41:41] ui.c:498> UI screen0 render_ms34 heap35728
[11:41:42] ui.c:498> UI screen0 render_ms36 heap35728
[11:41:44] ui.c:498> UI screen3 render_ms16 heap35728
[11:41:45] ui.c:498> UI screen3 render_ms12 heap35728
[11:41:46] ui.c:498> UI screen3 render_ms16 heap35728
[11:41:46] ui.c:498> UI screen3 render_ms10 heap35728
[11:41:47] ui.c:498> UI screen10 render_ms11 heap35728
[11:41:48] ui.c:498> UI screen10 render_ms9 heap35728
[11:41:48] ocess_manager.c:487> Heap Usage for App <KasugaBus>: Total Size <95144B> Used <59496B> Still allocated <0B>
[11:41:49] main.c:554> READY init_ms=136 storage=1048576 heap=35648 message=0
[11:41:49] ui.c:498> UI screen0 render_ms37 heap35648
[11:41:49] ui.c:498> UI screen0 render_ms35 heap35728
[11:41:49] ui.c:498> UI screen0 render_ms35 heap35728
[11:41:49] ui.c:498> UI screen0 render_ms34 heap35728
[11:41:50] ui.c:498> UI screen0 render_ms36 heap35728
[11:41:51] ui.c:498> UI screen3 render_ms17 heap35728
[11:41:52] ui.c:498> UI screen4 render_ms11 heap35728
[11:41:53] ui.c:498> UI screen4 render_ms11 heap35728
[11:41:54] ui.c:498> UI screen8 render_ms9 heap35728
[11:41:54] ui.c:498> UI screen8 render_ms6 heap35728
[11:41:58] ui.c:498> UI screen8 render_ms11 heap35728
[11:41:58] ui.c:498> UI screen8 render_ms5 heap35728
[11:42:00] ui.c:498> UI screen8 render_ms9 heap35728
[11:42:00] ui.c:498> UI screen8 render_ms6 heap35728
[11:42:01] ui.c:498> UI screen8 render_ms10 heap35728
[11:42:01] ui.c:498> UI screen8 render_ms5 heap35728
[11:42:02] ui.c:498> UI screen8 render_ms6 heap35728
[11:42:03] ui.c:498> UI screen8 render_ms11 heap35728
[11:42:03] ui.c:498> UI screen8 render_ms6 heap35728
[11:42:04] ui.c:498> UI screen8 render_ms10 heap35728
[11:42:04] ui.c:498> UI screen8 render_ms6 heap35728
[11:42:05] ui.c:498> UI screen8 render_ms9 heap35728
[11:42:05] ui.c:498> UI screen8 render_ms6 heap35728
[11:42:06] ui.c:498> UI screen8 render_ms8 heap35728
[11:42:07] ui.c:498> UI screen8 render_ms8 heap35728
[11:42:07] ui.c:498> UI screen8 render_ms9 heap35728
[11:42:07] ui.c:498> UI screen8 render_ms9 heap35728
[11:42:08] ui.c:498> UI screen8 render_ms10 heap35728
[11:42:08] ui.c:498> UI screen8 render_ms8 heap35728
[11:42:09] ocess_manager.c:487> Heap Usage for App <KasugaBus>: Total Size <95144B> Used <59496B> Still allocated <0B>
[11:42:09] main.c:554> READY init_ms=-860 storage=1048576 heap=35648 message=0
[11:42:10] ui.c:498> UI screen0 render_ms1037 heap35648
[11:42:10] ui.c:498> UI screen0 render_ms36 heap35728
[11:42:10] ui.c:498> UI screen0 render_ms36 heap35728
[11:42:10] ui.c:498> UI screen0 render_ms36 heap35728
[11:42:10] ui.c:498> UI screen0 render_ms37 heap35728
[11:42:12] ui.c:498> UI screen0 render_ms36 heap35728
[11:42:13] ui.c:498> UI screen0 render_ms42 heap35728
[11:42:14] ui.c:498> UI screen0 render_ms36 heap35728
[11:42:15] ui.c:498> UI screen0 render_ms35 heap35728
[11:42:16] ui.c:498> UI screen3 render_ms14 heap35728
[11:42:18] ui.c:498> UI screen3 render_ms15 heap35728
[11:42:18] ui.c:498> UI screen3 render_ms13 heap35728
[11:42:19] ui.c:498> UI screen11 render_ms14 heap35728
[11:42:21] ui.c:498> UI screen11 render_ms16 heap35728
[11:42:22] ui.c:498> UI screen11 render_ms20 heap35728
[11:42:22] ui.c:498> UI screen11 render_ms20 heap35728
[11:42:22] ui.c:498> UI screen11 render_ms22 heap35728
[11:42:26] ui.c:498> UI screen11 render_ms13 heap35728
[11:42:26] ocess_manager.c:487> Heap Usage for App <KasugaBus>: Total Size <95144B> Used <59496B> Still allocated <0B>
[11:42:26] main.c:554> READY init_ms=149 storage=1048576 heap=35648 message=0
[11:42:26] ui.c:498> UI screen0 render_ms38 heap35648
[11:42:26] ui.c:498> UI screen0 render_ms35 heap35728
[11:42:26] ui.c:498> UI screen0 render_ms36 heap35728
[11:42:27] ui.c:498> UI screen0 render_ms35 heap35728
[11:42:27] ui.c:498> UI screen0 render_ms36 heap35728
[11:43:25] ui.c:498> UI screen0 render_ms43 heap35728
[11:44:25] ui.c:498> UI screen0 render_ms46 heap35728
[11:45:25] ui.c:498> UI screen0 render_ms39 heap35728
[11:46:08] ocess_manager.c:487> Heap Usage for App <KasugaBus>: Total Size <95144B> Used <59496B> Still allocated <0B>
[11:46:09] main.c:559> READY init_ms=145 storage=1048576 heap=35632 message=0
[11:46:09] ui.c:498> UI screen0 render_ms37 heap35632
[11:46:09] ui.c:498> UI screen0 render_ms36 heap35712
[11:46:10] ui.c:498> UI screen0 render_ms36 heap35712
[11:47:00] ui.c:498> UI screen0 render_ms47 heap35712
[11:47:51] ui.c:498> UI screen0 render_ms36 heap35712
[11:47:51] ui.c:498> UI screen0 render_ms35 heap35712
[11:47:51] ocess_manager.c:487> Heap Usage for App <KasugaBus>: Total Size <95128B> Used <59496B> Still allocated <0B>
[11:47:51] main.c:559> READY init_ms=142 storage=1048576 heap=35632 message=0
[11:47:51] ui.c:498> UI screen0 render_ms37 heap35632
[11:47:51] ui.c:498> UI screen0 render_ms36 heap35712
[11:47:51] ui.c:498> UI screen0 render_ms35 heap35712
[11:47:51] ui.c:498> UI screen0 render_ms36 heap35712
[11:47:52] ui.c:498> UI screen0 render_ms37 heap35712
[11:47:52] ui.c:498> UI screen1 render_ms11 heap35712
[11:47:52] ui.c:498> UI screen2 render_ms10 heap35712
[11:47:52] ui.c:498> UI screen15 render_ms5 heap35712
[11:47:53] ui.c:498> UI screen3 render_ms16 heap35712
[11:47:53] ui.c:498> UI screen4 render_ms9 heap35712
[11:47:53] ui.c:498> UI screen5 render_ms11 heap35712
[11:47:54] ui.c:498> UI screen4 render_ms9 heap35712
[11:47:54] ui.c:498> UI screen4 render_ms9 heap35712
[11:47:54] ui.c:498> UI screen4 render_ms12 heap35712
[11:47:54] ui.c:498> UI screen6 render_ms12 heap35712
[11:47:54] ui.c:498> UI screen6 render_ms9 heap35712
[11:47:55] ui.c:498> UI screen6 render_ms14 heap35712
[11:47:55] ui.c:498> UI screen6 render_ms9 heap35712
[11:47:55] ui.c:498> UI screen6 render_ms9 heap35712
[11:47:55] ui.c:498> UI screen7 render_ms11 heap35712
[11:47:55] ui.c:498> UI screen7 render_ms11 heap35712
[11:47:56] ui.c:498> UI screen7 render_ms13 heap35712
[11:47:56] ui.c:498> UI screen7 render_ms16 heap35712
[11:47:56] ui.c:498> UI screen7 render_ms7 heap35712
[11:47:56] ocess_manager.c:487> Heap Usage for App <KasugaBus>: Total Size <95128B> Used <59496B> Still allocated <0B>
[11:47:56] main.c:559> READY init_ms=150 storage=1048576 heap=35632 message=0
[11:47:56] ui.c:498> UI screen0 render_ms37 heap35632
[11:47:57] ui.c:498> UI screen0 render_ms1035 heap35712
[11:47:57] ui.c:498> UI screen0 render_ms36 heap35712
[11:47:57] ui.c:498> UI screen0 render_ms36 heap35712
[11:47:57] ui.c:498> UI screen0 render_ms36 heap35712
[11:47:57] ui.c:498> UI screen0 render_ms35 heap35712
[11:47:57] ocess_manager.c:487> Heap Usage for App <KasugaBus>: Total Size <95128B> Used <59496B> Still allocated <0B>
[11:47:57] main.c:559> READY init_ms=145 storage=1048576 heap=35632 message=0
[11:47:57] ui.c:498> UI screen0 render_ms38 heap35632
[11:47:57] ui.c:498> UI screen0 render_ms36 heap35712
[11:47:57] ui.c:498> UI screen0 render_ms36 heap35712
[11:47:57] ui.c:498> UI screen0 render_ms36 heap35712
[11:47:58] ui.c:498> UI screen0 render_ms37 heap35712
[11:47:58] ui.c:498> UI screen3 render_ms17 heap35712
[11:47:58] ui.c:498> UI screen3 render_ms9 heap35712
[11:47:59] ui.c:498> UI screen3 render_ms10 heap35712
[11:47:59] ui.c:498> UI screen3 render_ms7 heap35712
[11:47:59] ui.c:498> UI screen10 render_ms15 heap35712
[11:47:59] ui.c:498> UI screen10 render_ms10 heap35712
[11:47:59] ocess_manager.c:487> Heap Usage for App <KasugaBus>: Total Size <95128B> Used <59496B> Still allocated <0B>
[11:48:00] main.c:559> READY init_ms=155 storage=1048576 heap=35632 message=0
[11:48:00] ui.c:498> UI screen0 render_ms38 heap35632
[11:48:00] ui.c:498> UI screen0 render_ms36 heap35712
[11:48:00] ui.c:498> UI screen0 render_ms35 heap35712
[11:48:00] ui.c:498> UI screen0 render_ms35 heap35712
[11:48:00] ui.c:498> UI screen3 render_ms16 heap35712
[11:48:01] ui.c:498> UI screen3 render_ms13 heap35712
[11:48:01] ui.c:498> UI screen4 render_ms12 heap35712
[11:48:01] ui.c:498> UI screen4 render_ms9 heap35712
[11:48:01] ui.c:498> UI screen8 render_ms6 heap35712
[11:48:02] ui.c:498> UI screen4 render_ms9 heap35712
[11:48:02] ui.c:498> UI screen0 render_ms35 heap35712
[11:48:03] ui.c:498> UI screen3 render_ms15 heap35712
[11:48:03] ui.c:498> UI screen3 render_ms12 heap35712
[11:48:03] ui.c:498> UI screen9 render_ms14 heap35712
[11:48:03] ui.c:498> UI screen9 render_ms10 heap35712
[11:48:03] ui.c:498> UI screen0 render_ms36 heap35712
[11:48:03] ui.c:498> UI screen1 render_ms10 heap35712
[11:48:03] ui.c:498> UI screen2 render_ms12 heap35712
[11:48:03] ui.c:498> UI screen2 render_ms11 heap35712
[11:48:04] ui.c:498> UI screen2 render_ms15 heap35712
[11:48:04] ui.c:498> UI screen2 render_ms19 heap35712
[11:48:04] ui.c:498> UI screen2 render_ms11 heap35712
[11:48:04] ui.c:498> UI screen2 render_ms15 heap35712
[11:48:05] ui.c:498> UI screen2 render_ms14 heap35712
[11:48:05] ocess_manager.c:487> Heap Usage for App <KasugaBus>: Total Size <95128B> Used <59496B> Still allocated <0B>
[11:48:05] main.c:559> READY init_ms=159 storage=1048576 heap=35632 message=0
[11:48:05] ui.c:498> UI screen0 render_ms38 heap35632
[11:48:05] ui.c:498> UI screen0 render_ms36 heap35712
[11:48:05] ui.c:498> UI screen0 render_ms36 heap35712
[11:48:05] ui.c:498> UI screen0 render_ms36 heap35712
[11:48:06] ui.c:498> UI screen0 render_ms36 heap35712
[11:48:07] ui.c:498> UI screen0 render_ms39 heap35712
[11:48:07] ui.c:498> UI screen3 render_ms11 heap35712
[11:48:07] ui.c:498> UI screen3 render_ms16 heap35712
[11:48:07] ui.c:498> UI screen3 render_ms12 heap35712
[11:48:07] ui.c:498> UI screen11 render_ms12 heap35712
[11:48:08] ui.c:498> UI screen11 render_ms11 heap35712
[11:48:08] ui.c:498> UI screen11 render_ms13 heap35712
[11:48:08] ui.c:498> UI screen11 render_ms18 heap35712
[11:48:08] ui.c:498> UI screen11 render_ms17 heap35712
[11:48:09] ui.c:498> UI screen11 render_ms14 heap35712
[11:48:09] ocess_manager.c:487> Heap Usage for App <KasugaBus>: Total Size <95128B> Used <59496B> Still allocated <0B>
[11:48:09] main.c:559> READY init_ms=152 storage=1048576 heap=35632 message=0
[11:48:09] ui.c:498> UI screen0 render_ms40 heap35632
[11:48:09] ui.c:498> UI screen0 render_ms36 heap35712
[11:48:09] ui.c:498> UI screen0 render_ms36 heap35712
[11:48:09] ui.c:498> UI screen0 render_ms36 heap35712
[11:48:10] ui.c:498> UI screen0 render_ms37 heap35712
[11:49:00] ui.c:498> UI screen0 render_ms44 heap35712
[11:50:00] ui.c:498> UI screen0 render_ms36 heap35712
[11:50:11] ui.c:498> UI screen0 render_ms36 heap35712
[11:50:13] ui.c:498> UI screen0 render_ms44 heap35712
[11:50:14] ui.c:498> UI screen0 render_ms42 heap35712
[11:51:00] ui.c:498> UI screen0 render_ms48 heap35712
[11:51:02] ui.c:498> UI screen0 render_ms79 heap35712
[11:51:03] ui.c:498> UI screen0 render_ms73 heap35712
[11:51:04] ui.c:498> UI screen0 render_ms57 heap35712
[11:51:04] ocess_manager.c:487> Heap Usage for App <KasugaBus>: Total Size <95128B> Used <59496B> Still allocated <0B>
[11:51:04] main.c:559> READY init_ms=246 storage=1048576 heap=35632 message=0
[11:51:04] ui.c:498> UI screen0 render_ms67 heap35632
[11:51:04] ui.c:498> UI screen0 render_ms69 heap35712
[11:51:04] ui.c:498> UI screen0 render_ms64 heap35712
[11:51:04] ui.c:498> UI screen1 render_ms21 heap35712
[11:51:05] ui.c:498> UI screen1 render_ms1029 heap35712
[11:51:05] ui.c:498> UI screen1 render_ms22 heap35712
[11:51:05] main.c:373> Update begin v5 bytes24203 status0
[11:51:05] ui.c:498> UI screen1 render_ms24 heap35712
[11:51:05] ui.c:498> UI screen1 render_ms18 heap35712
[11:51:09] main.c:398> Update commit session810005 status4 heap35712
[11:51:09] ui.c:498> UI screen1 render_ms19 heap35712
[11:51:09] main.c:373> Update begin v4 bytes24198 status0
[11:51:09] ui.c:498> UI screen1 render_ms17 heap35712
[11:51:15] main.c:398> Update commit session810004 status3 heap35712
[11:51:15] ui.c:498> UI screen1 render_ms20 heap35712
[11:51:15] ui.c:498> UI screen1 render_ms26 heap35712
[11:51:15] ui.c:498> UI screen1 render_ms21 heap35712
[11:51:16] ui.c:498> UI screen1 render_ms18 heap35712
[11:51:17] ui.c:498> UI screen1 render_ms20 heap35712
[11:51:17] ui.c:498> UI screen1 render_ms23 heap35712
[11:51:17] ui.c:498> UI screen1 render_ms21 heap35712
[11:51:17] ocess_manager.c:487> Heap Usage for App <KasugaBus>: Total Size <95128B> Used <59496B> Still allocated <0B>
[11:51:18] main.c:559> READY init_ms=559 storage=1048576 heap=35632 message=0
[11:51:18] ui.c:498> UI screen0 render_ms84 heap35632
[11:51:18] ui.c:498> UI screen0 render_ms82 heap35712
[11:51:18] ui.c:498> UI screen0 render_ms107 heap35712
[11:51:19] ui.c:498> UI screen0 render_ms91 heap35712
[11:52:00] ui.c:498> UI screen0 render_ms58 heap35712
[11:52:32] ui.c:498> UI screen3 render_ms17 heap35712
[11:52:33] ui.c:498> UI screen3 render_ms21 heap35712
[11:52:33] ui.c:498> UI screen3 render_ms17 heap35712
[11:52:33] ui.c:498> UI screen3 render_ms11 heap35712
[11:52:33] ui.c:498> UI screen10 render_ms19 heap35712
[11:52:34] ui.c:498> UI screen10 render_ms22 heap35712
[11:52:34] ui.c:498> UI screen10 render_ms19 heap35712
[11:52:34] ui.c:498> UI screen10 render_ms20 heap35712
[11:52:34] ui.c:498> UI screen10 render_ms21 heap35712
[11:52:35] ui.c:498> UI screen10 render_ms20 heap35712
[11:52:35] ui.c:498> UI screen10 render_ms11 heap35712
[11:52:35] ui.c:498> UI screen14 render_ms16 heap35712
[11:52:35] ui.c:498> UI screen14 render_ms14 heap35712
[11:52:36] ui.c:498> UI screen0 render_ms18 heap35712
[11:52:36] ocess_manager.c:487> Heap Usage for App <KasugaBus>: Total Size <95128B> Used <59496B> Still allocated <0B>
[11:52:36] main.c:559> READY init_ms=289 storage=1048576 heap=35632 message=0
[11:52:36] ui.c:498> UI screen0 render_ms22 heap35632
[11:52:36] ui.c:498> UI screen0 render_ms22 heap35712
[11:52:36] ui.c:498> UI screen0 render_ms21 heap35712
[11:52:37] ui.c:498> UI screen0 render_ms18 heap35712
[11:52:58] ui.c:498> UI screen1 render_ms22 heap35712
[11:53:00] ui.c:498> UI screen1 render_ms24 heap35712
[11:54:00] ui.c:498> UI screen1 render_ms21 heap35712
[11:55:00] ui.c:498> UI screen1 render_ms21 heap35712
[11:56:00] ui.c:498> UI screen1 render_ms20 heap35712
[11:57:00] ui.c:498> UI screen1 render_ms19 heap35712
