...................................................................Runtime log captured: /private/var/folders/5r/5wgy3x_d64z4dm3n0d6g6zq80000gn/T/kasugabus-release-fixtures-z33rbhfm/artifacts/capture-fixture.log receipt: /private/var/folders/5r/5wgy3x_d64z4dm3n0d6g6zq80000gn/T/kasugabus-release-fixtures-z33rbhfm/artifacts/capture-fixture.log.install.json PBW: 408feeab9e2d0935446992ebf6c6d610b1447eabe75cbe4b28f59a019bfa2df6
usage: python3.13 -m unittest [-h] {plan,prepare,publish,verify} ...

Freeze, publish and verify one approved KasugaBus PBW. Never auto-register.
Imports and help are offline and unauthenticated. Publication is a separate,
explicit command and never builds or rewrites its approved artifact.

positional arguments:
  {plan,prepare,publish,verify}
    plan                Read-only release/version context; no build, bump or
                        publication
    prepare             Freeze an already audited exact PBW and install it
                        physically; no public mutation
    publish             Explicitly publish the frozen artifact; no build or
                        auto-registration
    verify              Read-only bounded verification, preserving partial
                        status

options:
  -h, --help            show this help message and exit
Candidate frozen: /var/folders/5r/5wgy3x_d64z4dm3n0d6g6zq80000gn/T/kasugabus-release-fixtures-3ro0wzib/.release/1.0.0 {"sha256": "408feeab9e2d0935446992ebf6c6d610b1447eabe75cbe4b28f59a019bfa2df6", "bytes": 567}
Installation is recorded. Explicit physical approval of this SHA-256 and these destinations is still required.
..........Verification attempt 1 {"github": {"state": "verified", "details": {"fixture": "ok"}}, "appstore": {"state": "pending verification", "reason": "fixture propagation"}}
Verification attempt 2 {"github": {"state": "verified", "details": {"fixture": "ok"}}, "appstore": {"state": "pending verification", "reason": "fixture propagation"}}
..
----------------------------------------------------------------------
Ran 79 tests in 23.563s

OK
PASS protocol preserves unsigned words through signed PebbleKit tuples
PASS shared sender waits for transport callback after an early application ACK
PASS shared sender bounds FIFO and handles NACK without concurrent transactions
PASS shared sender timeout blocks new transactions until callback or reconnect
PASS shared sender reports immediate SDK exceptions once
PASS standard CRC32 and SHA256 vectors
PASS valid complete binary and manifest agree
PASS reject malformed dates, versions, hosts, lengths, compatibility and future current
PASS binary rejects corrupt payload, references, sort, flags, time and UTF8
PASS fixed80B atomic preference roundtrip, explicit unset versus zero
PASS startup Nearby requires startup location while None default remains valid
PASS invalid duplicate/unknown/outofrange/padded preferences reject
PASS Nearby good, stale, poor, outside, missing and stable uncertainty ties
PASS Nearby stale and poor fixes retain real bounded metadata without ranking rows
PASS Nearby denied, unavailable, timeout, missing/throwing API and NaN fix use explicit error states
PASS one-shot geolocation timeout and obsolete request suppression
PASS transfer ignores old session/sequence, acknowledges chunks, retries same bytes
PASS transfer gives up after bounded retries without COMMIT
PASS unconfigured feed never makes network attempt or successful stamp
PASS watch-owned one-inflight and no downgrade/rewrite
PASS transfer requires the explicit watch request including zero
PASS Restore during manifest or payload download aborts once and suppresses obsolete callbacks
PASS Restore during transfer rejects old ACKs after a new check and binds BEGIN to its request
PASS Restore between future and current downloads prevents the remaining current transfer
PASS synchronous fetch completion cannot retain an obsolete abort handle
25 phone unit scenarios passed
PASS Clay page prevents duplicate, invalid and excessive walking preferences
PASS phone configuration cancellation, invalid responses, atomic confirmation and reconnect handshake
PASS phone Nearby respects location opt-in independently of startup
PASS disabling location suppresses an in-flight result
PASS Restore STATE cancels downloading and permits a new explicit check
{"testOnly": true, "origin": "http://127.0.0.1:58523", "manifest": "http://127.0.0.1:58523/manifest.json", "fixtures": "/var/folders/5r/5wgy3x_d64z4dm3n0d6g6zq80000gn/T/kasugabus-test-feed-k121qirz"}
PASS controlled HTTP current + future staged before current; commits 3,2
PASS controlled HTTP corrupt checksum; commits 
PASS controlled HTTP incompatible schema; commits 
PASS controlled HTTP interrupted HTTP payload; commits 
PASS controlled HTTP lost ACK bounded transfer; commits 
5 real HTTP integration scenarios passed; production endpoint unchanged
preferences/control: atomic banks, torn writes/checksums, durable uint32 requests, retained timestamps/settings, KBW2/KBW1/KBP1 compatibility and precedence, two-read load, generation/flags PASS
automatic eligibility: offline defer, disabled, busy, rolling24h, backward clock PASS
storage: transfer/recovery, 7 lazy-validation regressions, and 6 atomic-directory/migration suites PASS
All local KasugaBus test suites passed
'distclean' finished successfully (0.001s)

up to date, audited 2 packages in 7s

found 0 vulnerabilities

up to date, audited 2 packages in 573ms

found 0 vulnerabilities
Setting top to                           : /Users/e_wijaya_ap/Desktop/kasugabus-pebble 
Setting out to                           : /Users/e_wijaya_ap/Desktop/kasugabus-pebble/build 
Checking for program 'webpack'           : /Users/e_wijaya_ap/Library/Application Support/Pebble SDK/SDKs/current/node_modules/.bin/webpack 
Found Pebble SDK for emery in:           : /Users/e_wijaya_ap/Library/Application Support/Pebble SDK/SDKs/current/sdk-core/pebble/emery 
Checking for program 'gcc, cc'           : arm-none-eabi-gcc 
Checking for program 'ar'                : arm-none-eabi-ar 
'configure' finished successfully (0.274s)
Waf: Entering directory `/Users/e_wijaya_ap/Desktop/kasugabus-pebble/build'
[ 4/24] Compiling emery | reso: resources/images/kasugabus-menu-icon.png -> build/emery/resources/images/kasugabus-menu-icon.png.MENU_ICON.reso
[ 7/24] Processing emery | resource_ball: build/emery/resources/timetable.bin.TIMETABLE.reso build/emery/resources/fonts/NotoSansJP-Regular.ttf.JP_16.reso build/emery/resources/images/kasugabus-menu-icon.png.MENU_ICON.reso -> build/emery/system_resources.resball
[ 8/24] Creating emery | /Users/e_wijaya_ap/Desktop/kasugabus-pebble/build/emery/appinfo.auto.c:  -> build/emery/appinfo.auto.c
[15/24] Creating emery | /Users/e_wijaya_ap/Desktop/kasugabus-pebble/build/appinfo.json:  -> build/appinfo.json
[16/24] Compiling emery | generate_resource_id_definitions: build/emery/system_resources.resball -> build/emery/src/resource_ids.auto.c
[17/24] Compiling emery | generate_pbpack: build/emery/system_resources.resball -> build/emery/app_resources.pbpack
[18/24] Compiling emery | generate_resource_id_header: build/emery/system_resources.resball -> build/emery/src/resource_ids.auto.h
[19/24] Compiling emery | c: build/emery/src/resource_ids.auto.c -> build/emery/src/resource_ids.auto.c.9.o
[20/24] Compiling emery | c: src/c/main.c -> build/src/c/main.c.9.o
[21/24] Compiling emery | c: src/c/ui.c -> build/src/c/ui.c.9.o
[22/24] Compiling emery | c: build/emery/appinfo.auto.c -> build/emery/appinfo.auto.c.9.o
[23/24] Linking emery | cprogram: build/src/c/engine.c.9.o build/src/c/main.c.9.o build/src/c/policies.c.9.o build/src/c/preferences.c.9.o build/src/c/storage.c.9.o build/src/c/ui.c.9.o build/emery/appinfo.auto.c.9.o build/emery/src/resource_ids.auto.c.9.o build/src/message_keys.auto.c.9.o -> build/emery/pebble-app.elf
/Users/e_wijaya_ap/Library/Application Support/Pebble SDK/SDKs/4.33.1/toolchain/arm-none-eabi/bin/../lib/gcc/arm-none-eabi/14.2.1/../../../../arm-none-eabi/bin/ld: warning: /Users/e_wijaya_ap/Desktop/kasugabus-pebble/build/emery/pebble-app.elf has a LOAD segment with RWX permissions

[24/24] Processing emery | memory_usage_report: build/emery/pebble-app.elf build/emery/app_resources.pbpack
-------------------------------------------------------
EMERY APP MEMORY USAGE
Total size of resources:        30171 bytes / 256.0KB
Total footprint in RAM:         39170 bytes / 128.0KB
Free RAM available (heap):      91902 bytes
------------------------------------------------------- 
[25/28] Compiling emery | /Users/e_wijaya_ap/Desktop/kasugabus-pebble/build/emery/pebble-app.raw.bin: build/emery/pebble-app.elf -> build/emery/pebble-app.raw.bin
[27/28] Processing emery | inject-metadata: build/emery/pebble-app.raw.bin build/emery/pebble-app.elf build/emery/app_resources.pbpack -> build/emery/pebble-app.bin
[28/28] Creating app_bundle:  -> build/kasugabus-pebble.pbw
Waf: Leaving directory `/Users/e_wijaya_ap/Desktop/kasugabus-pebble/build'
'build' finished successfully (1.251s)

Static audit passed: {"resources": 30171, "static_ram": 39170, "linker_free_ram": 91902, "native_binary": 31428, "pbw": 817558, "timetable": 24203} PBW SHA-256: 9edbddb1077b275375ead8d79f9a6ffb0b0680794e281cb85d32c043d9ebc489
