..................................................................Runtime log captured: /private/var/folders/5r/5wgy3x_d64z4dm3n0d6g6zq80000gn/T/kasugabus-release-fixtures-qz8u28bx/artifacts/capture-fixture.log receipt: /private/var/folders/5r/5wgy3x_d64z4dm3n0d6g6zq80000gn/T/kasugabus-release-fixtures-qz8u28bx/artifacts/capture-fixture.log.install.json PBW: 81b5e9922072734f6b4964f0858eb100994f7f8b94713f8fc59146dc5f4d9f6d
usage: python3.13 -m unittest [-h] {plan,prepare,publish,verify} ...

Freeze, publish and verify one approved KasugaBus PBW. Never auto-register.
Imports and help are offline and unauthenticated. Publication is a separate,
explicit command and never builds or rewrites its approved artifact.

positional arguments:
  {plan,prepare,publish,verify}
    plan                Read-only release/version context; no build, bump or
                        publication
    prepare             Freeze an already audited exact PBW and install it
                        physically; no public mutation
    publish             Explicitly publish the frozen artifact; no build or
                        auto-registration
    verify              Read-only bounded verification, preserving partial
                        status

options:
  -h, --help            show this help message and exit
Candidate frozen: /var/folders/5r/5wgy3x_d64z4dm3n0d6g6zq80000gn/T/kasugabus-release-fixtures-k71mr_tg/.release/1.0.0 {"sha256": "81b5e9922072734f6b4964f0858eb100994f7f8b94713f8fc59146dc5f4d9f6d", "bytes": 567}
Installation is recorded. Explicit physical approval of this SHA-256 and these destinations is still required.
..........Verification attempt 1 {"github": {"state": "verified", "details": {"fixture": "ok"}}, "appstore": {"state": "pending verification", "reason": "fixture propagation"}}
Verification attempt 2 {"github": {"state": "verified", "details": {"fixture": "ok"}}, "appstore": {"state": "pending verification", "reason": "fixture propagation"}}
..
----------------------------------------------------------------------
Ran 78 tests in 23.302s

OK
PASS protocol preserves unsigned words through signed PebbleKit tuples
PASS shared sender waits for transport callback after an early application ACK
PASS shared sender bounds FIFO and handles NACK without concurrent transactions
PASS shared sender timeout blocks new transactions until callback or reconnect
PASS shared sender reports immediate SDK exceptions once
PASS standard CRC32 and SHA256 vectors
PASS valid complete binary and manifest agree
PASS reject malformed dates, versions, hosts, lengths, compatibility and future current
PASS binary rejects corrupt payload, references, sort, flags, time and UTF8
PASS fixed80B atomic preference roundtrip, explicit unset versus zero
PASS startup Nearby requires startup location while None default remains valid
PASS invalid duplicate/unknown/outofrange/padded preferences reject
PASS Nearby good, stale, poor, outside, missing and stable uncertainty ties
PASS Nearby stale and poor fixes retain real bounded metadata without ranking rows
PASS Nearby denied, unavailable, timeout, missing/throwing API and NaN fix use explicit error states
PASS one-shot geolocation timeout and obsolete request suppression
PASS transfer ignores old session/sequence, acknowledges chunks, retries same bytes
PASS transfer gives up after bounded retries without COMMIT
PASS unconfigured feed never makes network attempt or successful stamp
PASS watch-owned one-inflight and no downgrade/rewrite
20 phone unit scenarios passed
PASS Clay page prevents duplicate, invalid and excessive walking preferences
PASS phone configuration cancellation, invalid responses, atomic confirmation and reconnect handshake
PASS phone Nearby respects location opt-in independently of startup
{"testOnly": true, "origin": "http://127.0.0.1:57408", "manifest": "http://127.0.0.1:57408/manifest.json", "fixtures": "/var/folders/5r/5wgy3x_d64z4dm3n0d6g6zq80000gn/T/kasugabus-test-feed-f1z_1kek"}
PASS controlled HTTP current + future staged before current; commits 3,2
PASS controlled HTTP corrupt checksum; commits 
PASS controlled HTTP incompatible schema; commits 
PASS controlled HTTP interrupted HTTP payload; commits 
PASS controlled HTTP lost ACK bounded transfer; commits 
5 real HTTP integration scenarios passed; production endpoint unchanged
preferences/control: atomic banks, torn writes/checksums, retained timestamps/settings, legacy migration, two-read load, generation/flags PASS
automatic eligibility: offline defer, disabled, busy, rolling24h, backward clock PASS
storage: transfer/recovery, 7 lazy-validation regressions, and 6 atomic-directory/migration suites PASS
All local KasugaBus test suites passed
'distclean' finished successfully (0.062s)

up to date, audited 2 packages in 7s

found 0 vulnerabilities

up to date, audited 2 packages in 622ms

found 0 vulnerabilities
Setting top to                           : /Users/e_wijaya_ap/Desktop/kasugabus-pebble 
Setting out to                           : /Users/e_wijaya_ap/Desktop/kasugabus-pebble/build 
Checking for program 'webpack'           : /Users/e_wijaya_ap/Library/Application Support/Pebble SDK/SDKs/current/node_modules/.bin/webpack 
Found Pebble SDK for emery in:           : /Users/e_wijaya_ap/Library/Application Support/Pebble SDK/SDKs/current/sdk-core/pebble/emery 
Checking for program 'gcc, cc'           : arm-none-eabi-gcc 
Checking for program 'ar'                : arm-none-eabi-ar 
'configure' finished successfully (0.218s)
Waf: Entering directory `/Users/e_wijaya_ap/Desktop/kasugabus-pebble/build'
[1/3] Creating message_key_json:  -> build/js/message_keys.json
[2/3] Creating message_key_definitions:  -> build/src/message_keys.auto.c
[3/3] Creating message_key_header:  -> build/include/message_keys.auto.h
[ 4/23] Compiling emery | reso: resources/fonts/NotoSansJP-Regular.ttf -> build/emery/resources/fonts/NotoSansJP-Regular.ttf.JP_16.reso
[ 5/23] Compiling emery | reso: resources/timetable.bin -> build/emery/resources/timetable.bin.TIMETABLE.reso
[ 6/23] Creating emery | /Users/e_wijaya_ap/Desktop/kasugabus-pebble/build/emery/appinfo.auto.c:  -> build/emery/appinfo.auto.c
[ 7/23] Compiling emery | subst: ../../Library/Application Support/Pebble SDK/SDKs/current/sdk-core/pebble/common/pebble_app.ld.template -> build/emery/pebble_app.ld.auto
[ 8/23] Compiling emery | c: build/src/message_keys.auto.c -> build/src/message_keys.auto.c.9.o
[ 9/23] Compiling emery | c: src/c/engine.c -> build/src/c/engine.c.9.o
[10/23] Compiling emery | c: src/c/policies.c -> build/src/c/policies.c.9.o
[11/23] Compiling emery | c: src/c/preferences.c -> build/src/c/preferences.c.9.o
[12/23] Compiling emery | c: src/c/storage.c -> build/src/c/storage.c.9.o
[13/23] Creating emery | /Users/e_wijaya_ap/Desktop/kasugabus-pebble/build/appinfo.json:  -> build/appinfo.json
[14/23] Processing emery | resource_ball: build/emery/resources/timetable.bin.TIMETABLE.reso build/emery/resources/fonts/NotoSansJP-Regular.ttf.JP_16.reso -> build/emery/system_resources.resball
[15/23] Compiling emery | generate_resource_id_definitions: build/emery/system_resources.resball -> build/emery/src/resource_ids.auto.c
[16/23] Compiling emery | generate_pbpack: build/emery/system_resources.resball -> build/emery/app_resources.pbpack
[17/23] Compiling emery | generate_resource_id_header: build/emery/system_resources.resball -> build/emery/src/resource_ids.auto.h
[18/23] Compiling emery | c: build/emery/src/resource_ids.auto.c -> build/emery/src/resource_ids.auto.c.9.o
[19/23] Compiling emery | c: src/c/main.c -> build/src/c/main.c.9.o
[20/23] Compiling emery | c: src/c/ui.c -> build/src/c/ui.c.9.o
[21/23] Compiling emery | c: build/emery/appinfo.auto.c -> build/emery/appinfo.auto.c.9.o
[22/23] Linking emery | cprogram: build/src/c/engine.c.9.o build/src/c/main.c.9.o build/src/c/policies.c.9.o build/src/c/preferences.c.9.o build/src/c/storage.c.9.o build/src/c/ui.c.9.o build/emery/appinfo.auto.c.9.o build/emery/src/resource_ids.auto.c.9.o build/src/message_keys.auto.c.9.o -> build/emery/pebble-app.elf
/Users/e_wijaya_ap/Library/Application Support/Pebble SDK/SDKs/4.33.1/toolchain/arm-none-eabi/bin/../lib/gcc/arm-none-eabi/14.2.1/../../../../arm-none-eabi/bin/ld: warning: /Users/e_wijaya_ap/Desktop/kasugabus-pebble/build/emery/pebble-app.elf has a LOAD segment with RWX permissions

[23/23] Processing emery | memory_usage_report: build/emery/pebble-app.elf build/emery/app_resources.pbpack
-------------------------------------------------------
EMERY APP MEMORY USAGE
Total size of resources:        30042 bytes / 256.0KB
Total footprint in RAM:         38618 bytes / 128.0KB
Free RAM available (heap):      92454 bytes
------------------------------------------------------- 
[24/27] Compiling emery | /Users/e_wijaya_ap/Desktop/kasugabus-pebble/build/emery/pebble-app.raw.bin: build/emery/pebble-app.elf -> build/emery/pebble-app.raw.bin
[25/27] Processing merge_js: src/pkjs/binary.js src/pkjs/catalog.json src/pkjs/checksums.js src/pkjs/clay-config.js src/pkjs/custom-clay.js src/pkjs/feed-config.js src/pkjs/index.js src/pkjs/manifest.js src/pkjs/nearby.js src/pkjs/protocol.js src/pkjs/sender.js src/pkjs/settings.js src/pkjs/transfer.js src/pkjs/updater.js -> build/pebble-js-app.js build/pebble-js-app.js.map
[26/27] Processing emery | inject-metadata: build/emery/pebble-app.raw.bin build/emery/pebble-app.elf build/emery/app_resources.pbpack -> build/emery/pebble-app.bin
[27/27] Creating app_bundle:  -> build/kasugabus-pebble.pbw
Waf: Leaving directory `/Users/e_wijaya_ap/Desktop/kasugabus-pebble/build'
'build' finished successfully (3.811s)

Static audit passed: {"resources": 30042, "static_ram": 38618, "linker_free_ram": 92454, "native_binary": 30884, "pbw": 813751, "timetable": 24203} PBW SHA-256: 9ce96894fd8f45fb1fee238fcc171e7487fdd91ce42f92eb101db5ea143e2d71
