[13:47:50] ui.c:511> UI screen0 heap32480
[13:47:50] ui.c:511> UI screen0 heap32480
[13:47:50] ui.c:511> UI screen0 heap32480
[13:47:51] ocess_manager.c:487> Heap Usage for App <KasugaBus>: Total Size <91896B> Used <59496B> Still allocated <0B>
[13:47:52] main.c:658> INIT entered
[13:47:53] main.c:695> READY storage=1048576 heap=32400 message=0
[13:47:53] ui.c:511> UI screen0 heap32400
[13:47:53] ui.c:511> UI screen0 heap32480
[13:47:53] ui.c:511> UI screen0 heap32480
[13:47:53] ui.c:511> UI screen0 heap32480
[13:47:54] ui.c:511> UI screen3 heap32480
[13:47:54] ui.c:511> UI screen3 heap32480
[13:47:54] ui.c:511> UI screen3 heap32480
[13:47:55] ui.c:511> UI screen3 heap32480
[13:47:55] ui.c:511> UI screen10 heap32480
[13:47:55] ui.c:511> UI screen10 heap32480
[13:47:55] ui.c:511> UI screen10 heap32480
[13:47:56] ui.c:511> UI screen10 heap32480
[13:47:56] ui.c:511> UI screen10 heap32480
[13:47:56] ui.c:511> UI screen10 heap32480
[13:47:56] ui.c:511> UI screen10 heap32480
[13:47:57] ui.c:511> UI screen14 heap32480
[13:47:57] ui.c:511> UI screen14 heap32480
[13:47:57] ui.c:511> UI screen14 heap32480
[13:47:57] main.c:292> Restore cancelled deferred BEGIN session990024
[13:47:57] ui.c:511> UI screen0 heap32480
[13:47:58] ui.c:511> UI screen0 heap32480
[13:47:58] main.c:494> Rejected obsolete BEGIN session990024
[13:47:58] ui.c:511> UI screen0 heap32480
[13:47:58] main.c:494> Rejected obsolete BEGIN session990025
[13:47:58] ui.c:511> UI screen0 heap32480
[13:47:58] main.c:494> Rejected obsolete BEGIN session990026
[13:47:58] ui.c:511> UI screen0 heap32480
[13:47:58] ui.c:511> UI screen0 heap32480
[13:47:58] main.c:250> Update begin v24 bytes24203 status0
[13:47:58] ui.c:511> UI screen0 heap32480
[13:47:58] ocess_manager.c:487> Heap Usage for App <KasugaBus>: Total Size <91896B> Used <59496B> Still allocated <0B>
[13:47:58] main.c:658> INIT entered
[13:47:59] main.c:695> READY storage=1048576 heap=32400 message=0
[13:47:59] ui.c:511> UI screen0 heap32400
[13:47:59] ui.c:511> UI screen0 heap32480
[13:47:59] ui.c:511> UI screen0 heap32480
[13:47:59] main.c:494> Rejected obsolete BEGIN session990028
[13:47:59] ui.c:511> UI screen0 heap32480
[13:47:59] ui.c:511> UI screen0 heap32480
[13:48:00] ui.c:511> UI screen0 heap32480
[13:48:00] ui.c:511> UI screen0 heap32480
[13:48:00] ocess_manager.c:487> Heap Usage for App <KasugaBus>: Total Size <91896B> Used <59496B> Still allocated <0B>
[13:48:01] main.c:658> INIT entered
[13:48:01] main.c:695> READY storage=1048576 heap=32400 message=0
[13:48:01] ui.c:511> UI screen0 heap32400
[13:48:01] ui.c:511> UI screen0 heap32480
[13:48:01] ui.c:511> UI screen0 heap32480
[13:48:01] ui.c:511> UI screen0 heap32480
[13:49:00] ui.c:511> UI screen0 heap32480
[13:50:00] ui.c:511> UI screen0 heap32480
[13:51:00] ui.c:511> UI screen0 heap32480
[13:52:00] ui.c:511> UI screen0 heap32480
[13:53:00] ui.c:511> UI screen0 heap32480
[13:54:00] ui.c:511> UI screen0 heap32480
[13:55:00] ui.c:511> UI screen0 heap32480
[13:56:00] ui.c:511> UI screen0 heap32480
[13:57:00] ui.c:511> UI screen0 heap32480
