Traceback (most recent call last):
  File "/Users/e_wijaya_ap/Desktop/kasugabus-pebble/tools/verify_emulator.py", line 346, in main
    rollover(emu, args.current, args.future)
    ~~~~~~~~^^^^^^^^^^^^^^^^^^^^^^^^^^^^^^^^
  File "/Users/e_wijaya_ap/Desktop/kasugabus-pebble/tools/verify_emulator.py", line 191, in rollover
    before = emu.restart()
  File "/Users/e_wijaya_ap/Desktop/kasugabus-pebble/tools/verify_emulator.py", line 69, in restart
    self.wait(lambda e: e.get("kind") == "AppRunStateStop")
    ~~~~~~~~~^^^^^^^^^^^^^^^^^^^^^^^^^^^^^^^^^^^^^^^^^^^^^^
  File "/Users/e_wijaya_ap/Desktop/kasugabus-pebble/tools/verify_emulator.py", line 40, in wait
    event = self.events.get(timeout=max(.01, end-time.monotonic()))
  File "/opt/homebrew/Cellar/python@3.13/3.13.5/Frameworks/Python.framework/Versions/3.13/lib/python3.13/queue.py", line 212, in get
    raise Empty
_queue.Empty

During handling of the above exception, another exception occurred:

Traceback (most recent call last):
  File "/Users/e_wijaya_ap/Desktop/kasugabus-pebble/tools/verify_emulator.py", line 361, in <module>
    main()
    ~~~~^^
  File "/Users/e_wijaya_ap/Desktop/kasugabus-pebble/tools/verify_emulator.py", line 356, in main
    emu.restart()
    ~~~~~~~~~~~^^
  File "/Users/e_wijaya_ap/Desktop/kasugabus-pebble/tools/verify_emulator.py", line 69, in restart
    self.wait(lambda e: e.get("kind") == "AppRunStateStop")
    ~~~~~~~~~^^^^^^^^^^^^^^^^^^^^^^^^^^^^^^^^^^^^^^^^^^^^^^
  File "/Users/e_wijaya_ap/Desktop/kasugabus-pebble/tools/verify_emulator.py", line 40, in wait
    event = self.events.get(timeout=max(.01, end-time.monotonic()))
  File "/opt/homebrew/Cellar/python@3.13/3.13.5/Frameworks/Python.framework/Versions/3.13/lib/python3.13/queue.py", line 212, in get
    raise Empty
_queue.Empty
