OUT 1 undefined undefined
OUT 11 undefined undefined
OUT 4 undefined undefined
OUT 4 undefined undefined
OUT 4 undefined undefined
OUT 5 927634950 undefined
ACK 927634950 0 0 5
OUT 6 927634950 0
ACK 927634950 0 0 6
OUT 6 927634950 1
ACK 927634950 1 0 6
OUT 6 927634950 2
ACK 927634950 2 0 6
OUT 6 927634950 3
ACK 927634950 3 0 6
OUT 6 927634950 4
ACK 927634950 4 0 6
OUT 6 927634950 5
ACK 927634950 5 0 6
OUT 6 927634950 6
ACK 927634950 6 0 6
OUT 6 927634950 7
ACK 927634950 7 0 6
OUT 6 927634950 8
ACK 927634950 8 0 6
OUT 6 927634950 9
ACK 927634950 9 0 6
OUT 6 927634950 10
ACK 927634950 10 0 6
OUT 6 927634950 11
ACK 927634950 11 0 6
OUT 6 927634950 12
ACK 927634950 12 0 6
OUT 6 927634950 13
ACK 927634950 13 0 6
OUT 6 927634950 14
ACK 927634950 14 0 6
OUT 6 927634950 15
ACK 927634950 15 0 6
OUT 6 927634950 16
ACK 927634950 16 0 6
OUT 6 927634950 17
ACK 927634950 17 0 6
OUT 6 927634950 18
ACK 927634950 18 0 6
OUT 6 927634950 19
ACK 927634950 19 0 6
OUT 6 927634950 20
ACK 927634950 20 0 6
OUT 6 927634950 21
ACK 927634950 21 0 6
OUT 6 927634950 22
ACK 927634950 22 0 6
OUT 6 927634950 23
ACK 927634950 23 0 6
OUT 6 927634950 24
ACK 927634950 24 0 6
OUT 6 927634950 25
ACK 927634950 25 0 6
OUT 6 927634950 26
ACK 927634950 26 0 6
OUT 6 927634950 27
ACK 927634950 27 0 6
OUT 6 927634950 28
ACK 927634950 28 0 6
OUT 6 927634950 29
ACK 927634950 29 0 6
OUT 6 927634950 30
ACK 927634950 30 0 6
OUT 6 927634950 31
ACK 927634950 31 0 6
OUT 6 927634950 32
ACK 927634950 32 0 6
OUT 6 927634950 33
ACK 927634950 33 0 6
OUT 6 927634950 34
ACK 927634950 34 0 6
OUT 6 927634950 35
ACK 927634950 35 0 6
OUT 6 927634950 36
ACK 927634950 36 0 6
OUT 6 927634950 37
ACK 927634950 37 0 6
OUT 6 927634950 38
ACK 927634950 38 0 6
OUT 6 927634950 39
OUT 6 927634950 39
OUT 6 927634950 39
OUT 6 927634950 39
TRANSFER ERROR Transfer acknowledgement timeout undefined
OUT 4 undefined undefined
AssertionError [ERR_ASSERTION]: Expected values to be strictly equal:

5 !== 3

    at Immediate.done [as _onImmediate] (/Users/e_wijaya_ap/Desktop/kasugabus-pebble/tests/run_emulator_feed.js:48:176)
    at process.processImmediate (node:internal/timers:574:21)
