Captured artifacts/screenshots/emery_01_home.png
Captured artifacts/screenshots/emery_02_board.png
Captured artifacts/screenshots/emery_03_details.png
Captured artifacts/screenshots/emery_04_japanese.png
Captured artifacts/screenshots/emery_05_menu.png
Captured artifacts/screenshots/emery_06_favourites.png
Captured artifacts/screenshots/emery_07_all_stops.png
Captured artifacts/screenshots/emery_08_directions.png
Captured artifacts/screenshots/emery_09_direction_long.png
Captured artifacts/screenshots/emery_10_home_long.png
Captured artifacts/screenshots/emery_11_monochrome.png
Captured artifacts/screenshots/emery_12_settings.png
Captured artifacts/screenshots/emery_13_nearby_disabled.png
Captured artifacts/screenshots/emery_14_saved_origin.png
Captured artifacts/screenshots/emery_15_due.png
Captured artifacts/screenshots/emery_16_next_minute.png
Captured artifacts/screenshots/emery_25_local_12h_jst_bus.png
Captured artifacts/screenshots/emery_17_data_status.png
Captured artifacts/screenshots/emery_18_data_dates.png
PASS native preference confirmation/restart and screen navigation (screens require visual review)
