EMU_TRACE {"direction":"send","TYPE":1}
EMU_TRACE {"direction":"receive","TYPE":2,"FLAGS":0,"VERSION":2,"LENGTH":32768}
EMU_TRACE {"direction":"send","TYPE":11}
EMU_TRACE {"event":"transportAck","transaction":2}
EMU_TRACE {"event":"transportAck","transaction":3}
EMU_TRACE {"direction":"receive","TYPE":2,"FLAGS":0,"VERSION":2,"LENGTH":32768}
EMU_TRACE {"direction":"send","TYPE":4,"STATUS":0}
EMU_TRACE {"event":"transportAck","transaction":4}
EMU_TRACE {"direction":"send","TYPE":4,"STATUS":1}
EMU_TRACE {"event":"transportAck","transaction":5}
EMU_TRACE {"direction":"send","TYPE":4,"STATUS":8}
EMU_TRACE {"direction":"send","TYPE":5,"SESSION":1508911147,"VERSION":5,"LENGTH":24203}
EMU_TRACE {"event":"transportAck","transaction":6}
EMU_TRACE {"direction":"receive","TYPE":8,"SESSION":1508911147,"SEQ":0,"STATUS":0,"FLAGS":5}
EMU_TRACE {"direction":"send","TYPE":6,"SESSION":1508911147,"SEQ":0}
EMU_TRACE {"event":"transportAck","transaction":7}
EMU_TRACE {"direction":"receive","TYPE":8,"SESSION":1508911147,"SEQ":0,"STATUS":0,"FLAGS":6}
EMU_TRACE {"direction":"send","TYPE":6,"SESSION":1508911147,"SEQ":1}
EMU_TRACE {"event":"transportAck","transaction":8}
EMU_TRACE {"direction":"receive","TYPE":8,"SESSION":1508911147,"SEQ":1,"STATUS":0,"FLAGS":6}
EMU_TRACE {"direction":"send","TYPE":6,"SESSION":1508911147,"SEQ":2}
EMU_TRACE {"event":"transportAck","transaction":9}
EMU_TRACE {"direction":"receive","TYPE":8,"SESSION":1508911147,"SEQ":2,"STATUS":0,"FLAGS":6}
EMU_TRACE {"direction":"send","TYPE":6,"SESSION":1508911147,"SEQ":3}
EMU_TRACE {"event":"transportAck","transaction":10}
EMU_TRACE {"direction":"receive","TYPE":8,"SESSION":1508911147,"SEQ":3,"STATUS":0,"FLAGS":6}
EMU_TRACE {"direction":"send","TYPE":6,"SESSION":1508911147,"SEQ":4}
EMU_TRACE {"event":"transportAck","transaction":11}
EMU_TRACE {"direction":"receive","TYPE":8,"SESSION":1508911147,"SEQ":4,"STATUS":0,"FLAGS":6}
EMU_TRACE {"direction":"send","TYPE":6,"SESSION":1508911147,"SEQ":5}
EMU_TRACE {"event":"transportAck","transaction":12}
EMU_TRACE {"direction":"receive","TYPE":8,"SESSION":1508911147,"SEQ":5,"STATUS":0,"FLAGS":6}
EMU_TRACE {"direction":"send","TYPE":6,"SESSION":1508911147,"SEQ":6}
EMU_TRACE {"event":"transportAck","transaction":13}
EMU_TRACE {"direction":"receive","TYPE":8,"SESSION":1508911147,"SEQ":6,"STATUS":0,"FLAGS":6}
EMU_TRACE {"direction":"send","TYPE":6,"SESSION":1508911147,"SEQ":7}
EMU_TRACE {"event":"transportAck","transaction":14}
EMU_TRACE {"direction":"receive","TYPE":8,"SESSION":1508911147,"SEQ":7,"STATUS":0,"FLAGS":6}
EMU_TRACE {"direction":"send","TYPE":6,"SESSION":1508911147,"SEQ":8}
EMU_TRACE {"event":"transportAck","transaction":15}
EMU_TRACE {"direction":"receive","TYPE":8,"SESSION":1508911147,"SEQ":8,"STATUS":0,"FLAGS":6}
EMU_TRACE {"direction":"send","TYPE":6,"SESSION":1508911147,"SEQ":9}
EMU_TRACE {"event":"transportAck","transaction":16}
EMU_TRACE {"direction":"receive","TYPE":8,"SESSION":1508911147,"SEQ":9,"STATUS":0,"FLAGS":6}
EMU_TRACE {"direction":"send","TYPE":6,"SESSION":1508911147,"SEQ":10}
EMU_TRACE {"event":"transportAck","transaction":17}
EMU_TRACE {"direction":"receive","TYPE":8,"SESSION":1508911147,"SEQ":10,"STATUS":0,"FLAGS":6}
EMU_TRACE {"direction":"send","TYPE":6,"SESSION":1508911147,"SEQ":11}
EMU_TRACE {"event":"transportAck","transaction":18}
EMU_TRACE {"direction":"receive","TYPE":8,"SESSION":1508911147,"SEQ":11,"STATUS":0,"FLAGS":6}
EMU_TRACE {"direction":"send","TYPE":6,"SESSION":1508911147,"SEQ":12}
EMU_TRACE {"event":"transportAck","transaction":19}
EMU_TRACE {"direction":"receive","TYPE":8,"SESSION":1508911147,"SEQ":12,"STATUS":0,"FLAGS":6}
EMU_TRACE {"direction":"send","TYPE":6,"SESSION":1508911147,"SEQ":13}
EMU_TRACE {"event":"transportAck","transaction":20}
EMU_TRACE {"direction":"receive","TYPE":8,"SESSION":1508911147,"SEQ":13,"STATUS":0,"FLAGS":6}
EMU_TRACE {"direction":"send","TYPE":6,"SESSION":1508911147,"SEQ":14}
EMU_TRACE {"event":"transportAck","transaction":21}
EMU_TRACE {"direction":"receive","TYPE":8,"SESSION":1508911147,"SEQ":14,"STATUS":0,"FLAGS":6}
EMU_TRACE {"direction":"send","TYPE":6,"SESSION":1508911147,"SEQ":15}
EMU_TRACE {"event":"transportAck","transaction":22}
EMU_TRACE {"direction":"receive","TYPE":8,"SESSION":1508911147,"SEQ":15,"STATUS":0,"FLAGS":6}
EMU_TRACE {"direction":"send","TYPE":6,"SESSION":1508911147,"SEQ":16}
EMU_TRACE {"event":"transportAck","transaction":23}
EMU_TRACE {"direction":"receive","TYPE":8,"SESSION":1508911147,"SEQ":16,"STATUS":0,"FLAGS":6}
EMU_TRACE {"direction":"send","TYPE":6,"SESSION":1508911147,"SEQ":17}
EMU_TRACE {"event":"transportAck","transaction":24}
EMU_TRACE {"direction":"receive","TYPE":8,"SESSION":1508911147,"SEQ":17,"STATUS":0,"FLAGS":6}
EMU_TRACE {"direction":"send","TYPE":6,"SESSION":1508911147,"SEQ":18}
EMU_TRACE {"event":"transportAck","transaction":25}
EMU_TRACE {"direction":"receive","TYPE":8,"SESSION":1508911147,"SEQ":18,"STATUS":0,"FLAGS":6}
EMU_TRACE {"direction":"send","TYPE":6,"SESSION":1508911147,"SEQ":19}
EMU_TRACE {"event":"transportAck","transaction":26}
EMU_TRACE {"direction":"receive","TYPE":8,"SESSION":1508911147,"SEQ":19,"STATUS":0,"FLAGS":6}
EMU_TRACE {"direction":"send","TYPE":6,"SESSION":1508911147,"SEQ":20}
EMU_TRACE {"event":"transportAck","transaction":27}
EMU_TRACE {"direction":"receive","TYPE":8,"SESSION":1508911147,"SEQ":20,"STATUS":0,"FLAGS":6}
EMU_TRACE {"direction":"send","TYPE":6,"SESSION":1508911147,"SEQ":21}
EMU_TRACE {"event":"transportAck","transaction":28}
EMU_TRACE {"direction":"receive","TYPE":8,"SESSION":1508911147,"SEQ":21,"STATUS":0,"FLAGS":6}
EMU_TRACE {"direction":"send","TYPE":6,"SESSION":1508911147,"SEQ":22}
EMU_TRACE {"event":"transportAck","transaction":29}
EMU_TRACE {"direction":"receive","TYPE":8,"SESSION":1508911147,"SEQ":22,"STATUS":0,"FLAGS":6}
EMU_TRACE {"direction":"send","TYPE":6,"SESSION":1508911147,"SEQ":23}
EMU_TRACE {"event":"transportAck","transaction":30}
EMU_TRACE {"direction":"receive","TYPE":8,"SESSION":1508911147,"SEQ":23,"STATUS":0,"FLAGS":6}
EMU_TRACE {"direction":"send","TYPE":6,"SESSION":1508911147,"SEQ":24}
EMU_TRACE {"event":"transportAck","transaction":31}
EMU_TRACE {"direction":"receive","TYPE":8,"SESSION":1508911147,"SEQ":24,"STATUS":0,"FLAGS":6}
EMU_TRACE {"direction":"send","TYPE":6,"SESSION":1508911147,"SEQ":25}
EMU_TRACE {"event":"transportAck","transaction":32}
EMU_TRACE {"direction":"receive","TYPE":8,"SESSION":1508911147,"SEQ":25,"STATUS":0,"FLAGS":6}
EMU_TRACE {"direction":"send","TYPE":6,"SESSION":1508911147,"SEQ":26}
EMU_TRACE {"event":"transportAck","transaction":33}
EMU_TRACE {"direction":"receive","TYPE":8,"SESSION":1508911147,"SEQ":26,"STATUS":0,"FLAGS":6}
EMU_TRACE {"direction":"send","TYPE":6,"SESSION":1508911147,"SEQ":27}
EMU_TRACE {"event":"transportAck","transaction":34}
EMU_TRACE {"direction":"receive","TYPE":8,"SESSION":1508911147,"SEQ":27,"STATUS":0,"FLAGS":6}
EMU_TRACE {"direction":"send","TYPE":6,"SESSION":1508911147,"SEQ":28}
EMU_TRACE {"event":"transportAck","transaction":35}
EMU_TRACE {"direction":"receive","TYPE":8,"SESSION":1508911147,"SEQ":28,"STATUS":0,"FLAGS":6}
EMU_TRACE {"direction":"send","TYPE":6,"SESSION":1508911147,"SEQ":29}
EMU_TRACE {"event":"transportAck","transaction":36}
EMU_TRACE {"direction":"receive","TYPE":8,"SESSION":1508911147,"SEQ":29,"STATUS":0,"FLAGS":6}
EMU_TRACE {"direction":"send","TYPE":6,"SESSION":1508911147,"SEQ":30}
EMU_TRACE {"event":"transportAck","transaction":37}
EMU_TRACE {"direction":"receive","TYPE":8,"SESSION":1508911147,"SEQ":30,"STATUS":0,"FLAGS":6}
EMU_TRACE {"direction":"send","TYPE":6,"SESSION":1508911147,"SEQ":31}
EMU_TRACE {"event":"transportAck","transaction":38}
EMU_TRACE {"direction":"receive","TYPE":8,"SESSION":1508911147,"SEQ":31,"STATUS":0,"FLAGS":6}
EMU_TRACE {"direction":"send","TYPE":6,"SESSION":1508911147,"SEQ":32}
EMU_TRACE {"event":"transportAck","transaction":39}
EMU_TRACE {"direction":"receive","TYPE":8,"SESSION":1508911147,"SEQ":32,"STATUS":0,"FLAGS":6}
EMU_TRACE {"direction":"send","TYPE":6,"SESSION":1508911147,"SEQ":33}
EMU_TRACE {"event":"transportAck","transaction":40}
EMU_TRACE {"direction":"receive","TYPE":8,"SESSION":1508911147,"SEQ":33,"STATUS":0,"FLAGS":6}
EMU_TRACE {"direction":"send","TYPE":6,"SESSION":1508911147,"SEQ":34}
EMU_TRACE {"event":"transportAck","transaction":41}
EMU_TRACE {"direction":"receive","TYPE":8,"SESSION":1508911147,"SEQ":34,"STATUS":0,"FLAGS":6}
EMU_TRACE {"direction":"send","TYPE":6,"SESSION":1508911147,"SEQ":35}
EMU_TRACE {"event":"transportAck","transaction":42}
EMU_TRACE {"direction":"receive","TYPE":8,"SESSION":1508911147,"SEQ":35,"STATUS":0,"FLAGS":6}
EMU_TRACE {"direction":"send","TYPE":6,"SESSION":1508911147,"SEQ":36}
EMU_TRACE {"event":"transportAck","transaction":43}
EMU_TRACE {"direction":"receive","TYPE":8,"SESSION":1508911147,"SEQ":36,"STATUS":0,"FLAGS":6}
EMU_TRACE {"direction":"send","TYPE":6,"SESSION":1508911147,"SEQ":37}
EMU_TRACE {"event":"transportAck","transaction":44}
EMU_TRACE {"direction":"receive","TYPE":8,"SESSION":1508911147,"SEQ":37,"STATUS":0,"FLAGS":6}
EMU_TRACE {"direction":"send","TYPE":6,"SESSION":1508911147,"SEQ":38}
EMU_TRACE {"event":"transportAck","transaction":45}
EMU_TRACE {"direction":"receive","TYPE":8,"SESSION":1508911147,"SEQ":38,"STATUS":0,"FLAGS":6}
EMU_TRACE {"direction":"send","TYPE":6,"SESSION":1508911147,"SEQ":39}
EMU_TRACE {"event":"transportAck","transaction":46}
EMU_TRACE {"direction":"receive","TYPE":8,"SESSION":1508911147,"SEQ":39,"STATUS":0,"FLAGS":6}
EMU_TRACE {"direction":"send","TYPE":6,"SESSION":1508911147,"SEQ":40}
EMU_TRACE {"event":"transportAck","transaction":47}
EMU_TRACE {"direction":"receive","TYPE":8,"SESSION":1508911147,"SEQ":40,"STATUS":0,"FLAGS":6}
EMU_TRACE {"direction":"send","TYPE":6,"SESSION":1508911147,"SEQ":41}
EMU_TRACE {"event":"transportAck","transaction":48}
EMU_TRACE {"direction":"send","TYPE":6,"SESSION":1508911147,"SEQ":41}
EMU_TRACE {"direction":"send","TYPE":6,"SESSION":1508911147,"SEQ":41}
EMU_TRACE {"direction":"send","TYPE":6,"SESSION":1508911147,"SEQ":41}
EMU_TRACE {"direction":"send","TYPE":4,"STATUS":5}
AssertionError [ERR_ASSERTION]: Expected values to be strictly equal:

5 !== 3

    at Immediate.done [as _onImmediate] (/Users/e_wijaya_ap/Desktop/kasugabus-pebble/tests/run_emulator_feed.js:71:398)
    at process.processImmediate (node:internal/timers:574:21)
