EMU_TRACE {"direction":"send","TYPE":1}
EMU_TRACE {"direction":"receive","TYPE":2,"FLAGS":0,"VERSION":14,"LENGTH":32768}
EMU_TRACE {"direction":"send","TYPE":11}
EMU_TRACE {"event":"transportAck","transaction":2}
EMU_TRACE {"event":"transportAck","transaction":3}
EMU_TRACE {"direction":"receive","TYPE":2,"FLAGS":0,"VERSION":14,"LENGTH":32768}
EMU_TRACE {"direction":"send","TYPE":4,"STATUS":0}
EMU_TRACE {"event":"transportAck","transaction":4}
EMU_TRACE {"direction":"send","TYPE":4,"STATUS":1}
EMU_TRACE {"event":"transportAck","transaction":5}
EMU_TRACE {"direction":"send","TYPE":4,"STATUS":8}
EMU_TRACE {"direction":"send","TYPE":5,"SESSION":334865705,"VERSION":17,"LENGTH":24203}
EMU_TRACE {"event":"transportAck","transaction":6}
EMU_TRACE {"event":"transportAck","transaction":7}
EMU_TRACE {"direction":"receive","TYPE":8,"SESSION":334865705,"SEQ":0,"STATUS":0,"FLAGS":5}
EMU_TRACE {"direction":"send","TYPE":6,"SESSION":334865705,"SEQ":0}
EMU_TRACE {"direction":"receive","TYPE":8,"SESSION":334865705,"SEQ":0,"STATUS":0,"FLAGS":6}
EMU_TRACE {"direction":"send","TYPE":6,"SESSION":334865705,"SEQ":1}
EMU_TRACE {"event":"transportAck","transaction":8}
EMU_TRACE {"direction":"receive","TYPE":8,"SESSION":334865705,"SEQ":1,"STATUS":0,"FLAGS":6}
EMU_TRACE {"direction":"send","TYPE":6,"SESSION":334865705,"SEQ":2}
EMU_TRACE {"event":"transportAck","transaction":9}
EMU_TRACE {"direction":"receive","TYPE":8,"SESSION":334865705,"SEQ":2,"STATUS":0,"FLAGS":6}
EMU_TRACE {"direction":"send","TYPE":6,"SESSION":334865705,"SEQ":3}
EMU_TRACE {"event":"transportAck","transaction":10}
EMU_TRACE {"direction":"receive","TYPE":8,"SESSION":334865705,"SEQ":3,"STATUS":0,"FLAGS":6}
EMU_TRACE {"direction":"send","TYPE":6,"SESSION":334865705,"SEQ":4}
EMU_TRACE {"event":"transportAck","transaction":11}
EMU_TRACE {"direction":"receive","TYPE":8,"SESSION":334865705,"SEQ":4,"STATUS":0,"FLAGS":6}
EMU_TRACE {"direction":"send","TYPE":6,"SESSION":334865705,"SEQ":5}
EMU_TRACE {"event":"transportAck","transaction":12}
EMU_TRACE {"direction":"receive","TYPE":8,"SESSION":334865705,"SEQ":5,"STATUS":0,"FLAGS":6}
EMU_TRACE {"direction":"send","TYPE":6,"SESSION":334865705,"SEQ":6}
EMU_TRACE {"event":"transportAck","transaction":13}
EMU_TRACE {"direction":"receive","TYPE":8,"SESSION":334865705,"SEQ":6,"STATUS":0,"FLAGS":6}
EMU_TRACE {"direction":"send","TYPE":6,"SESSION":334865705,"SEQ":7}
EMU_TRACE {"event":"transportAck","transaction":14}
EMU_TRACE {"direction":"receive","TYPE":8,"SESSION":334865705,"SEQ":7,"STATUS":0,"FLAGS":6}
EMU_TRACE {"direction":"send","TYPE":6,"SESSION":334865705,"SEQ":8}
EMU_TRACE {"event":"transportAck","transaction":15}
EMU_TRACE {"direction":"receive","TYPE":8,"SESSION":334865705,"SEQ":8,"STATUS":0,"FLAGS":6}
EMU_TRACE {"direction":"send","TYPE":6,"SESSION":334865705,"SEQ":9}
EMU_TRACE {"event":"transportAck","transaction":16}
EMU_TRACE {"direction":"receive","TYPE":8,"SESSION":334865705,"SEQ":9,"STATUS":0,"FLAGS":6}
EMU_TRACE {"direction":"send","TYPE":6,"SESSION":334865705,"SEQ":10}
EMU_TRACE {"event":"transportAck","transaction":17}
EMU_TRACE {"direction":"receive","TYPE":8,"SESSION":334865705,"SEQ":10,"STATUS":0,"FLAGS":6}
EMU_TRACE {"direction":"send","TYPE":6,"SESSION":334865705,"SEQ":11}
EMU_TRACE {"event":"transportAck","transaction":18}
EMU_TRACE {"direction":"receive","TYPE":8,"SESSION":334865705,"SEQ":11,"STATUS":0,"FLAGS":6}
EMU_TRACE {"direction":"send","TYPE":6,"SESSION":334865705,"SEQ":12}
EMU_TRACE {"event":"transportAck","transaction":19}
EMU_TRACE {"direction":"receive","TYPE":8,"SESSION":334865705,"SEQ":12,"STATUS":0,"FLAGS":6}
EMU_TRACE {"direction":"send","TYPE":6,"SESSION":334865705,"SEQ":13}
EMU_TRACE {"event":"transportAck","transaction":20}
EMU_TRACE {"direction":"receive","TYPE":8,"SESSION":334865705,"SEQ":13,"STATUS":0,"FLAGS":6}
EMU_TRACE {"direction":"send","TYPE":6,"SESSION":334865705,"SEQ":14}
EMU_TRACE {"event":"transportAck","transaction":21}
EMU_TRACE {"direction":"receive","TYPE":8,"SESSION":334865705,"SEQ":14,"STATUS":0,"FLAGS":6}
EMU_TRACE {"direction":"send","TYPE":6,"SESSION":334865705,"SEQ":15}
EMU_TRACE {"event":"transportAck","transaction":22}
EMU_TRACE {"direction":"receive","TYPE":8,"SESSION":334865705,"SEQ":15,"STATUS":0,"FLAGS":6}
EMU_TRACE {"direction":"send","TYPE":6,"SESSION":334865705,"SEQ":16}
EMU_TRACE {"event":"transportAck","transaction":23}
EMU_TRACE {"direction":"receive","TYPE":8,"SESSION":334865705,"SEQ":16,"STATUS":0,"FLAGS":6}
EMU_TRACE {"direction":"send","TYPE":6,"SESSION":334865705,"SEQ":17}
EMU_TRACE {"event":"transportAck","transaction":24}
EMU_TRACE {"direction":"receive","TYPE":8,"SESSION":334865705,"SEQ":17,"STATUS":0,"FLAGS":6}
EMU_TRACE {"direction":"send","TYPE":6,"SESSION":334865705,"SEQ":18}
EMU_TRACE {"event":"transportAck","transaction":25}
EMU_TRACE {"direction":"receive","TYPE":8,"SESSION":334865705,"SEQ":18,"STATUS":0,"FLAGS":6}
EMU_TRACE {"direction":"send","TYPE":6,"SESSION":334865705,"SEQ":19}
EMU_TRACE {"event":"transportAck","transaction":26}
EMU_TRACE {"direction":"receive","TYPE":8,"SESSION":334865705,"SEQ":19,"STATUS":0,"FLAGS":6}
EMU_TRACE {"direction":"send","TYPE":6,"SESSION":334865705,"SEQ":20}
EMU_TRACE {"event":"transportAck","transaction":27}
EMU_TRACE {"direction":"receive","TYPE":8,"SESSION":334865705,"SEQ":20,"STATUS":0,"FLAGS":6}
EMU_TRACE {"direction":"send","TYPE":6,"SESSION":334865705,"SEQ":21}
EMU_TRACE {"event":"transportAck","transaction":28}
EMU_TRACE {"direction":"receive","TYPE":8,"SESSION":334865705,"SEQ":21,"STATUS":0,"FLAGS":6}
EMU_TRACE {"direction":"send","TYPE":6,"SESSION":334865705,"SEQ":22}
EMU_TRACE {"event":"transportAck","transaction":29}
EMU_TRACE {"direction":"receive","TYPE":8,"SESSION":334865705,"SEQ":22,"STATUS":0,"FLAGS":6}
EMU_TRACE {"direction":"send","TYPE":6,"SESSION":334865705,"SEQ":23}
EMU_TRACE {"event":"transportAck","transaction":30}
EMU_TRACE {"direction":"receive","TYPE":8,"SESSION":334865705,"SEQ":23,"STATUS":0,"FLAGS":6}
EMU_TRACE {"direction":"send","TYPE":6,"SESSION":334865705,"SEQ":24}
EMU_TRACE {"event":"transportAck","transaction":31}
EMU_TRACE {"direction":"receive","TYPE":8,"SESSION":334865705,"SEQ":24,"STATUS":0,"FLAGS":6}
EMU_TRACE {"direction":"send","TYPE":6,"SESSION":334865705,"SEQ":25}
EMU_TRACE {"event":"transportAck","transaction":32}
EMU_TRACE {"direction":"receive","TYPE":8,"SESSION":334865705,"SEQ":25,"STATUS":0,"FLAGS":6}
EMU_TRACE {"direction":"send","TYPE":6,"SESSION":334865705,"SEQ":26}
EMU_TRACE {"event":"transportAck","transaction":33}
EMU_TRACE {"direction":"receive","TYPE":8,"SESSION":334865705,"SEQ":26,"STATUS":0,"FLAGS":6}
EMU_TRACE {"direction":"send","TYPE":6,"SESSION":334865705,"SEQ":27}
EMU_TRACE {"event":"transportAck","transaction":34}
EMU_TRACE {"direction":"receive","TYPE":8,"SESSION":334865705,"SEQ":27,"STATUS":0,"FLAGS":6}
EMU_TRACE {"direction":"send","TYPE":6,"SESSION":334865705,"SEQ":28}
EMU_TRACE {"event":"transportAck","transaction":35}
EMU_TRACE {"direction":"receive","TYPE":8,"SESSION":334865705,"SEQ":28,"STATUS":0,"FLAGS":6}
EMU_TRACE {"direction":"send","TYPE":6,"SESSION":334865705,"SEQ":29}
EMU_TRACE {"event":"transportAck","transaction":36}
EMU_TRACE {"direction":"receive","TYPE":8,"SESSION":334865705,"SEQ":29,"STATUS":0,"FLAGS":6}
EMU_TRACE {"direction":"send","TYPE":6,"SESSION":334865705,"SEQ":30}
EMU_TRACE {"event":"transportAck","transaction":37}
EMU_TRACE {"direction":"receive","TYPE":8,"SESSION":334865705,"SEQ":30,"STATUS":0,"FLAGS":6}
EMU_TRACE {"direction":"send","TYPE":6,"SESSION":334865705,"SEQ":31}
EMU_TRACE {"event":"transportAck","transaction":38}
EMU_TRACE {"direction":"receive","TYPE":8,"SESSION":334865705,"SEQ":31,"STATUS":0,"FLAGS":6}
EMU_TRACE {"direction":"send","TYPE":6,"SESSION":334865705,"SEQ":32}
EMU_TRACE {"event":"transportAck","transaction":39}
EMU_TRACE {"direction":"receive","TYPE":8,"SESSION":334865705,"SEQ":32,"STATUS":0,"FLAGS":6}
EMU_TRACE {"direction":"send","TYPE":6,"SESSION":334865705,"SEQ":33}
EMU_TRACE {"event":"transportAck","transaction":40}
EMU_TRACE {"direction":"receive","TYPE":8,"SESSION":334865705,"SEQ":33,"STATUS":0,"FLAGS":6}
EMU_TRACE {"direction":"send","TYPE":6,"SESSION":334865705,"SEQ":34}
EMU_TRACE {"event":"transportAck","transaction":41}
EMU_TRACE {"direction":"receive","TYPE":8,"SESSION":334865705,"SEQ":34,"STATUS":0,"FLAGS":6}
EMU_TRACE {"direction":"send","TYPE":6,"SESSION":334865705,"SEQ":35}
EMU_TRACE {"event":"transportAck","transaction":42}
EMU_TRACE {"direction":"receive","TYPE":8,"SESSION":334865705,"SEQ":35,"STATUS":0,"FLAGS":6}
EMU_TRACE {"direction":"send","TYPE":6,"SESSION":334865705,"SEQ":36}
EMU_TRACE {"event":"transportAck","transaction":43}
EMU_TRACE {"direction":"receive","TYPE":8,"SESSION":334865705,"SEQ":36,"STATUS":0,"FLAGS":6}
EMU_TRACE {"direction":"send","TYPE":6,"SESSION":334865705,"SEQ":37}
EMU_TRACE {"event":"transportAck","transaction":44}
EMU_TRACE {"direction":"receive","TYPE":8,"SESSION":334865705,"SEQ":37,"STATUS":0,"FLAGS":6}
EMU_TRACE {"direction":"send","TYPE":6,"SESSION":334865705,"SEQ":38}
EMU_TRACE {"event":"transportAck","transaction":45}
EMU_TRACE {"direction":"receive","TYPE":8,"SESSION":334865705,"SEQ":38,"STATUS":0,"FLAGS":6}
EMU_TRACE {"direction":"send","TYPE":6,"SESSION":334865705,"SEQ":39}
EMU_TRACE {"event":"transportAck","transaction":46}
EMU_TRACE {"direction":"receive","TYPE":8,"SESSION":334865705,"SEQ":39,"STATUS":0,"FLAGS":6}
EMU_TRACE {"direction":"send","TYPE":6,"SESSION":334865705,"SEQ":40}
EMU_TRACE {"event":"transportAck","transaction":47}
EMU_TRACE {"direction":"receive","TYPE":8,"SESSION":334865705,"SEQ":40,"STATUS":0,"FLAGS":6}
EMU_TRACE {"direction":"send","TYPE":6,"SESSION":334865705,"SEQ":41}
EMU_TRACE {"event":"transportAck","transaction":48}
EMU_TRACE {"direction":"receive","TYPE":8,"SESSION":334865705,"SEQ":41,"STATUS":0,"FLAGS":6}
EMU_TRACE {"direction":"send","TYPE":6,"SESSION":334865705,"SEQ":42}
EMU_TRACE {"event":"transportAck","transaction":49}
EMU_TRACE {"direction":"receive","TYPE":8,"SESSION":334865705,"SEQ":42,"STATUS":0,"FLAGS":6}
EMU_TRACE {"direction":"send","TYPE":6,"SESSION":334865705,"SEQ":43}
EMU_TRACE {"event":"transportAck","transaction":50}
EMU_TRACE {"direction":"receive","TYPE":8,"SESSION":334865705,"SEQ":43,"STATUS":0,"FLAGS":6}
EMU_TRACE {"direction":"send","TYPE":6,"SESSION":334865705,"SEQ":44}
EMU_TRACE {"event":"transportAck","transaction":51}
EMU_TRACE {"direction":"receive","TYPE":8,"SESSION":334865705,"SEQ":44,"STATUS":0,"FLAGS":6}
EMU_TRACE {"direction":"send","TYPE":6,"SESSION":334865705,"SEQ":45}
EMU_TRACE {"event":"transportAck","transaction":52}
EMU_TRACE {"direction":"receive","TYPE":8,"SESSION":334865705,"SEQ":45,"STATUS":0,"FLAGS":6}
EMU_TRACE {"direction":"send","TYPE":6,"SESSION":334865705,"SEQ":46}
EMU_TRACE {"event":"transportAck","transaction":53}
EMU_TRACE {"direction":"receive","TYPE":8,"SESSION":334865705,"SEQ":46,"STATUS":0,"FLAGS":6}
EMU_TRACE {"direction":"send","TYPE":6,"SESSION":334865705,"SEQ":47}
EMU_TRACE {"event":"transportAck","transaction":54}
EMU_TRACE {"direction":"receive","TYPE":8,"SESSION":334865705,"SEQ":47,"STATUS":0,"FLAGS":6}
EMU_TRACE {"direction":"send","TYPE":6,"SESSION":334865705,"SEQ":48}
EMU_TRACE {"event":"transportAck","transaction":55}
EMU_TRACE {"direction":"receive","TYPE":8,"SESSION":334865705,"SEQ":48,"STATUS":0,"FLAGS":6}
EMU_TRACE {"direction":"send","TYPE":6,"SESSION":334865705,"SEQ":49}
EMU_TRACE {"event":"transportAck","transaction":56}
EMU_TRACE {"direction":"receive","TYPE":8,"SESSION":334865705,"SEQ":49,"STATUS":0,"FLAGS":6}
EMU_TRACE {"direction":"send","TYPE":6,"SESSION":334865705,"SEQ":50}
EMU_TRACE {"event":"transportAck","transaction":57}
EMU_TRACE {"direction":"receive","TYPE":8,"SESSION":334865705,"SEQ":50,"STATUS":0,"FLAGS":6}
EMU_TRACE {"direction":"send","TYPE":6,"SESSION":334865705,"SEQ":51}
EMU_TRACE {"event":"transportAck","transaction":58}
EMU_TRACE {"direction":"receive","TYPE":8,"SESSION":334865705,"SEQ":51,"STATUS":0,"FLAGS":6}
EMU_TRACE {"direction":"send","TYPE":6,"SESSION":334865705,"SEQ":52}
EMU_TRACE {"event":"transportAck","transaction":59}
EMU_TRACE {"direction":"receive","TYPE":8,"SESSION":334865705,"SEQ":52,"STATUS":0,"FLAGS":6}
EMU_TRACE {"direction":"send","TYPE":6,"SESSION":334865705,"SEQ":53}
EMU_TRACE {"event":"transportAck","transaction":60}
EMU_TRACE {"direction":"receive","TYPE":8,"SESSION":334865705,"SEQ":53,"STATUS":0,"FLAGS":6}
EMU_TRACE {"direction":"send","TYPE":6,"SESSION":334865705,"SEQ":54}
EMU_TRACE {"event":"transportAck","transaction":61}
EMU_TRACE {"direction":"receive","TYPE":8,"SESSION":334865705,"SEQ":54,"STATUS":0,"FLAGS":6}
EMU_TRACE {"direction":"send","TYPE":6,"SESSION":334865705,"SEQ":55}
EMU_TRACE {"event":"transportAck","transaction":62}
EMU_TRACE {"direction":"receive","TYPE":8,"SESSION":334865705,"SEQ":55,"STATUS":0,"FLAGS":6}
EMU_TRACE {"direction":"send","TYPE":6,"SESSION":334865705,"SEQ":56}
EMU_TRACE {"event":"transportAck","transaction":63}
EMU_TRACE {"direction":"receive","TYPE":8,"SESSION":334865705,"SEQ":56,"STATUS":0,"FLAGS":6}
EMU_TRACE {"direction":"send","TYPE":6,"SESSION":334865705,"SEQ":57}
EMU_TRACE {"event":"transportAck","transaction":64}
EMU_TRACE {"direction":"receive","TYPE":8,"SESSION":334865705,"SEQ":57,"STATUS":0,"FLAGS":6}
EMU_TRACE {"direction":"send","TYPE":6,"SESSION":334865705,"SEQ":58}
EMU_TRACE {"event":"transportAck","transaction":65}
EMU_TRACE {"direction":"receive","TYPE":8,"SESSION":334865705,"SEQ":58,"STATUS":0,"FLAGS":6}
EMU_TRACE {"direction":"send","TYPE":6,"SESSION":334865705,"SEQ":59}
EMU_TRACE {"event":"transportAck","transaction":66}
EMU_TRACE {"direction":"receive","TYPE":8,"SESSION":334865705,"SEQ":59,"STATUS":0,"FLAGS":6}
EMU_TRACE {"direction":"send","TYPE":6,"SESSION":334865705,"SEQ":60}
EMU_TRACE {"event":"transportAck","transaction":67}
EMU_TRACE {"direction":"receive","TYPE":8,"SESSION":334865705,"SEQ":60,"STATUS":0,"FLAGS":6}
EMU_TRACE {"direction":"send","TYPE":6,"SESSION":334865705,"SEQ":61}
EMU_TRACE {"event":"transportAck","transaction":68}
EMU_TRACE {"direction":"receive","TYPE":8,"SESSION":334865705,"SEQ":61,"STATUS":0,"FLAGS":6}
EMU_TRACE {"direction":"send","TYPE":6,"SESSION":334865705,"SEQ":62}
EMU_TRACE {"event":"transportAck","transaction":69}
EMU_TRACE {"direction":"receive","TYPE":8,"SESSION":334865705,"SEQ":62,"STATUS":0,"FLAGS":6}
EMU_TRACE {"direction":"send","TYPE":6,"SESSION":334865705,"SEQ":63}
EMU_TRACE {"event":"transportAck","transaction":70}
EMU_TRACE {"direction":"receive","TYPE":8,"SESSION":334865705,"SEQ":63,"STATUS":0,"FLAGS":6}
EMU_TRACE {"direction":"send","TYPE":6,"SESSION":334865705,"SEQ":64}
EMU_TRACE {"event":"transportAck","transaction":71}
EMU_TRACE {"direction":"receive","TYPE":8,"SESSION":334865705,"SEQ":64,"STATUS":0,"FLAGS":6}
EMU_TRACE {"direction":"send","TYPE":6,"SESSION":334865705,"SEQ":65}
EMU_TRACE {"event":"transportAck","transaction":72}
EMU_TRACE {"direction":"receive","TYPE":8,"SESSION":334865705,"SEQ":65,"STATUS":0,"FLAGS":6}
EMU_TRACE {"direction":"send","TYPE":6,"SESSION":334865705,"SEQ":66}
EMU_TRACE {"event":"transportAck","transaction":73}
EMU_TRACE {"direction":"receive","TYPE":8,"SESSION":334865705,"SEQ":66,"STATUS":0,"FLAGS":6}
EMU_TRACE {"direction":"send","TYPE":6,"SESSION":334865705,"SEQ":67}
EMU_TRACE {"event":"transportAck","transaction":74}
EMU_TRACE {"direction":"receive","TYPE":8,"SESSION":334865705,"SEQ":67,"STATUS":0,"FLAGS":6}
EMU_TRACE {"direction":"send","TYPE":6,"SESSION":334865705,"SEQ":68}
EMU_TRACE {"event":"transportAck","transaction":75}
EMU_TRACE {"direction":"receive","TYPE":8,"SESSION":334865705,"SEQ":68,"STATUS":0,"FLAGS":6}
EMU_TRACE {"direction":"send","TYPE":6,"SESSION":334865705,"SEQ":69}
EMU_TRACE {"event":"transportAck","transaction":76}
EMU_TRACE {"direction":"receive","TYPE":8,"SESSION":334865705,"SEQ":69,"STATUS":0,"FLAGS":6}
EMU_TRACE {"direction":"send","TYPE":6,"SESSION":334865705,"SEQ":70}
EMU_TRACE {"event":"transportAck","transaction":77}
EMU_TRACE {"direction":"receive","TYPE":8,"SESSION":334865705,"SEQ":70,"STATUS":0,"FLAGS":6}
EMU_TRACE {"direction":"send","TYPE":6,"SESSION":334865705,"SEQ":71}
EMU_TRACE {"event":"transportAck","transaction":78}
EMU_TRACE {"direction":"receive","TYPE":8,"SESSION":334865705,"SEQ":71,"STATUS":0,"FLAGS":6}
EMU_TRACE {"direction":"send","TYPE":6,"SESSION":334865705,"SEQ":72}
EMU_TRACE {"event":"transportAck","transaction":79}
EMU_TRACE {"direction":"receive","TYPE":8,"SESSION":334865705,"SEQ":72,"STATUS":0,"FLAGS":6}
EMU_TRACE {"direction":"send","TYPE":6,"SESSION":334865705,"SEQ":73}
EMU_TRACE {"event":"transportAck","transaction":80}
EMU_TRACE {"direction":"receive","TYPE":8,"SESSION":334865705,"SEQ":73,"STATUS":0,"FLAGS":6}
EMU_TRACE {"direction":"send","TYPE":6,"SESSION":334865705,"SEQ":74}
EMU_TRACE {"event":"transportAck","transaction":81}
EMU_TRACE {"direction":"receive","TYPE":8,"SESSION":334865705,"SEQ":74,"STATUS":0,"FLAGS":6}
EMU_TRACE {"direction":"send","TYPE":6,"SESSION":334865705,"SEQ":75}
EMU_TRACE {"event":"transportAck","transaction":82}
EMU_TRACE {"direction":"receive","TYPE":8,"SESSION":334865705,"SEQ":75,"STATUS":0,"FLAGS":6}
EMU_TRACE {"direction":"send","TYPE":6,"SESSION":334865705,"SEQ":76}
EMU_TRACE {"event":"transportAck","transaction":83}
EMU_TRACE {"direction":"receive","TYPE":8,"SESSION":334865705,"SEQ":76,"STATUS":0,"FLAGS":6}
EMU_TRACE {"direction":"send","TYPE":6,"SESSION":334865705,"SEQ":77}
EMU_TRACE {"event":"transportAck","transaction":84}
EMU_TRACE {"direction":"receive","TYPE":8,"SESSION":334865705,"SEQ":77,"STATUS":0,"FLAGS":6}
EMU_TRACE {"direction":"send","TYPE":6,"SESSION":334865705,"SEQ":78}
EMU_TRACE {"event":"transportAck","transaction":85}
EMU_TRACE {"direction":"receive","TYPE":8,"SESSION":334865705,"SEQ":78,"STATUS":0,"FLAGS":6}
EMU_TRACE {"direction":"send","TYPE":6,"SESSION":334865705,"SEQ":79}
EMU_TRACE {"event":"transportAck","transaction":86}
EMU_TRACE {"direction":"receive","TYPE":8,"SESSION":334865705,"SEQ":79,"STATUS":0,"FLAGS":6}
EMU_TRACE {"direction":"send","TYPE":6,"SESSION":334865705,"SEQ":80}
EMU_TRACE {"event":"transportAck","transaction":87}
EMU_TRACE {"direction":"receive","TYPE":8,"SESSION":334865705,"SEQ":80,"STATUS":0,"FLAGS":6}
EMU_TRACE {"direction":"send","TYPE":6,"SESSION":334865705,"SEQ":81}
EMU_TRACE {"event":"transportAck","transaction":88}
EMU_TRACE {"direction":"receive","TYPE":8,"SESSION":334865705,"SEQ":81,"STATUS":0,"FLAGS":6}
EMU_TRACE {"direction":"send","TYPE":6,"SESSION":334865705,"SEQ":82}
EMU_TRACE {"event":"transportAck","transaction":89}
EMU_TRACE {"direction":"receive","TYPE":8,"SESSION":334865705,"SEQ":82,"STATUS":0,"FLAGS":6}
EMU_TRACE {"direction":"send","TYPE":6,"SESSION":334865705,"SEQ":83}
EMU_TRACE {"event":"transportAck","transaction":90}
EMU_TRACE {"direction":"receive","TYPE":8,"SESSION":334865705,"SEQ":83,"STATUS":0,"FLAGS":6}
EMU_TRACE {"direction":"send","TYPE":6,"SESSION":334865705,"SEQ":84}
EMU_TRACE {"event":"transportAck","transaction":91}
EMU_TRACE {"direction":"receive","TYPE":8,"SESSION":334865705,"SEQ":84,"STATUS":0,"FLAGS":6}
EMU_TRACE {"direction":"send","TYPE":6,"SESSION":334865705,"SEQ":85}
EMU_TRACE {"event":"transportAck","transaction":92}
EMU_TRACE {"direction":"receive","TYPE":8,"SESSION":334865705,"SEQ":85,"STATUS":0,"FLAGS":6}
EMU_TRACE {"direction":"send","TYPE":6,"SESSION":334865705,"SEQ":86}
EMU_TRACE {"event":"transportAck","transaction":93}
EMU_TRACE {"direction":"receive","TYPE":8,"SESSION":334865705,"SEQ":86,"STATUS":0,"FLAGS":6}
EMU_TRACE {"direction":"send","TYPE":6,"SESSION":334865705,"SEQ":87}
EMU_TRACE {"event":"transportAck","transaction":94}
EMU_TRACE {"direction":"receive","TYPE":8,"SESSION":334865705,"SEQ":87,"STATUS":0,"FLAGS":6}
EMU_TRACE {"direction":"send","TYPE":6,"SESSION":334865705,"SEQ":88}
EMU_TRACE {"event":"transportAck","transaction":95}
EMU_TRACE {"direction":"receive","TYPE":8,"SESSION":334865705,"SEQ":88,"STATUS":0,"FLAGS":6}
EMU_TRACE {"direction":"send","TYPE":6,"SESSION":334865705,"SEQ":89}
EMU_TRACE {"event":"transportAck","transaction":96}
EMU_TRACE {"direction":"receive","TYPE":8,"SESSION":334865705,"SEQ":89,"STATUS":0,"FLAGS":6}
EMU_TRACE {"direction":"send","TYPE":6,"SESSION":334865705,"SEQ":90}
EMU_TRACE {"event":"transportAck","transaction":97}
EMU_TRACE {"direction":"receive","TYPE":8,"SESSION":334865705,"SEQ":90,"STATUS":0,"FLAGS":6}
EMU_TRACE {"direction":"send","TYPE":6,"SESSION":334865705,"SEQ":91}
EMU_TRACE {"event":"transportAck","transaction":98}
EMU_TRACE {"direction":"receive","TYPE":8,"SESSION":334865705,"SEQ":91,"STATUS":0,"FLAGS":6}
EMU_TRACE {"direction":"send","TYPE":6,"SESSION":334865705,"SEQ":92}
EMU_TRACE {"event":"transportAck","transaction":99}
EMU_TRACE {"direction":"receive","TYPE":8,"SESSION":334865705,"SEQ":92,"STATUS":0,"FLAGS":6}
EMU_TRACE {"direction":"send","TYPE":6,"SESSION":334865705,"SEQ":93}
EMU_TRACE {"event":"transportAck","transaction":100}
EMU_TRACE {"direction":"receive","TYPE":8,"SESSION":334865705,"SEQ":93,"STATUS":0,"FLAGS":6}
EMU_TRACE {"direction":"send","TYPE":6,"SESSION":334865705,"SEQ":94}
EMU_TRACE {"event":"transportAck","transaction":101}
EMU_TRACE {"direction":"receive","TYPE":8,"SESSION":334865705,"SEQ":94,"STATUS":0,"FLAGS":6}
EMU_TRACE {"direction":"send","TYPE":6,"SESSION":334865705,"SEQ":95}
EMU_TRACE {"event":"transportAck","transaction":102}
EMU_TRACE {"direction":"receive","TYPE":8,"SESSION":334865705,"SEQ":95,"STATUS":0,"FLAGS":6}
EMU_TRACE {"direction":"send","TYPE":6,"SESSION":334865705,"SEQ":96}
EMU_TRACE {"event":"transportAck","transaction":103}
EMU_TRACE {"direction":"receive","TYPE":8,"SESSION":334865705,"SEQ":96,"STATUS":0,"FLAGS":6}
EMU_TRACE {"direction":"send","TYPE":6,"SESSION":334865705,"SEQ":97}
EMU_TRACE {"event":"transportAck","transaction":104}
EMU_TRACE {"direction":"receive","TYPE":8,"SESSION":334865705,"SEQ":97,"STATUS":0,"FLAGS":6}
EMU_TRACE {"direction":"send","TYPE":6,"SESSION":334865705,"SEQ":98}
EMU_TRACE {"event":"transportAck","transaction":105}
EMU_TRACE {"direction":"receive","TYPE":8,"SESSION":334865705,"SEQ":98,"STATUS":0,"FLAGS":6}
EMU_TRACE {"direction":"send","TYPE":6,"SESSION":334865705,"SEQ":99}
EMU_TRACE {"event":"transportAck","transaction":106}
EMU_TRACE {"direction":"receive","TYPE":8,"SESSION":334865705,"SEQ":99,"STATUS":0,"FLAGS":6}
EMU_TRACE {"direction":"send","TYPE":6,"SESSION":334865705,"SEQ":100}
EMU_TRACE {"event":"transportAck","transaction":107}
EMU_TRACE {"direction":"receive","TYPE":8,"SESSION":334865705,"SEQ":100,"STATUS":0,"FLAGS":6}
EMU_TRACE {"direction":"send","TYPE":6,"SESSION":334865705,"SEQ":101}
EMU_TRACE {"event":"transportAck","transaction":108}
EMU_TRACE {"direction":"receive","TYPE":8,"SESSION":334865705,"SEQ":101,"STATUS":0,"FLAGS":6}
EMU_TRACE {"direction":"send","TYPE":6,"SESSION":334865705,"SEQ":102}
EMU_TRACE {"event":"transportAck","transaction":109}
EMU_TRACE {"direction":"receive","TYPE":8,"SESSION":334865705,"SEQ":102,"STATUS":0,"FLAGS":6}
EMU_TRACE {"direction":"send","TYPE":6,"SESSION":334865705,"SEQ":103}
EMU_TRACE {"event":"transportAck","transaction":110}
EMU_TRACE {"direction":"receive","TYPE":8,"SESSION":334865705,"SEQ":103,"STATUS":0,"FLAGS":6}
EMU_TRACE {"direction":"send","TYPE":6,"SESSION":334865705,"SEQ":104}
EMU_TRACE {"event":"transportAck","transaction":111}
EMU_TRACE {"direction":"receive","TYPE":8,"SESSION":334865705,"SEQ":104,"STATUS":0,"FLAGS":6}
EMU_TRACE {"direction":"send","TYPE":6,"SESSION":334865705,"SEQ":105}
EMU_TRACE {"event":"transportAck","transaction":112}
EMU_TRACE {"direction":"receive","TYPE":8,"SESSION":334865705,"SEQ":105,"STATUS":0,"FLAGS":6}
EMU_TRACE {"direction":"send","TYPE":6,"SESSION":334865705,"SEQ":106}
EMU_TRACE {"event":"transportAck","transaction":113}
EMU_TRACE {"direction":"receive","TYPE":8,"SESSION":334865705,"SEQ":106,"STATUS":0,"FLAGS":6}
EMU_TRACE {"direction":"send","TYPE":6,"SESSION":334865705,"SEQ":107}
EMU_TRACE {"event":"transportAck","transaction":114}
EMU_TRACE {"direction":"receive","TYPE":8,"SESSION":334865705,"SEQ":107,"STATUS":0,"FLAGS":6}
EMU_TRACE {"direction":"send","TYPE":6,"SESSION":334865705,"SEQ":108}
EMU_TRACE {"event":"transportAck","transaction":115}
EMU_TRACE {"direction":"receive","TYPE":8,"SESSION":334865705,"SEQ":108,"STATUS":0,"FLAGS":6}
EMU_TRACE {"direction":"send","TYPE":6,"SESSION":334865705,"SEQ":109}
EMU_TRACE {"event":"transportAck","transaction":116}
EMU_TRACE {"direction":"receive","TYPE":8,"SESSION":334865705,"SEQ":109,"STATUS":0,"FLAGS":6}
EMU_TRACE {"direction":"send","TYPE":6,"SESSION":334865705,"SEQ":110}
EMU_TRACE {"event":"transportAck","transaction":117}
EMU_TRACE {"direction":"receive","TYPE":8,"SESSION":334865705,"SEQ":110,"STATUS":0,"FLAGS":6}
EMU_TRACE {"direction":"send","TYPE":6,"SESSION":334865705,"SEQ":111}
EMU_TRACE {"event":"transportAck","transaction":118}
EMU_TRACE {"direction":"receive","TYPE":8,"SESSION":334865705,"SEQ":111,"STATUS":0,"FLAGS":6}
EMU_TRACE {"direction":"send","TYPE":6,"SESSION":334865705,"SEQ":112}
EMU_TRACE {"event":"transportAck","transaction":119}
EMU_TRACE {"direction":"receive","TYPE":8,"SESSION":334865705,"SEQ":112,"STATUS":0,"FLAGS":6}
EMU_TRACE {"direction":"send","TYPE":6,"SESSION":334865705,"SEQ":113}
EMU_TRACE {"event":"transportAck","transaction":120}
EMU_TRACE {"direction":"receive","TYPE":8,"SESSION":334865705,"SEQ":113,"STATUS":0,"FLAGS":6}
EMU_TRACE {"direction":"send","TYPE":6,"SESSION":334865705,"SEQ":114}
EMU_TRACE {"event":"transportAck","transaction":121}
EMU_TRACE {"direction":"receive","TYPE":8,"SESSION":334865705,"SEQ":114,"STATUS":0,"FLAGS":6}
EMU_TRACE {"direction":"send","TYPE":6,"SESSION":334865705,"SEQ":115}
EMU_TRACE {"event":"transportAck","transaction":122}
EMU_TRACE {"direction":"receive","TYPE":8,"SESSION":334865705,"SEQ":115,"STATUS":0,"FLAGS":6}
EMU_TRACE {"direction":"send","TYPE":6,"SESSION":334865705,"SEQ":116}
EMU_TRACE {"event":"transportAck","transaction":123}
EMU_TRACE {"direction":"receive","TYPE":8,"SESSION":334865705,"SEQ":116,"STATUS":0,"FLAGS":6}
EMU_TRACE {"direction":"send","TYPE":6,"SESSION":334865705,"SEQ":117}
EMU_TRACE {"event":"transportAck","transaction":124}
EMU_TRACE {"direction":"receive","TYPE":8,"SESSION":334865705,"SEQ":117,"STATUS":0,"FLAGS":6}
EMU_TRACE {"direction":"send","TYPE":6,"SESSION":334865705,"SEQ":118}
EMU_TRACE {"event":"transportAck","transaction":125}
EMU_TRACE {"direction":"receive","TYPE":8,"SESSION":334865705,"SEQ":118,"STATUS":0,"FLAGS":6}
EMU_TRACE {"direction":"send","TYPE":6,"SESSION":334865705,"SEQ":119}
EMU_TRACE {"event":"transportAck","transaction":126}
EMU_TRACE {"direction":"receive","TYPE":8,"SESSION":334865705,"SEQ":119,"STATUS":0,"FLAGS":6}
EMU_TRACE {"direction":"send","TYPE":6,"SESSION":334865705,"SEQ":120}
EMU_TRACE {"event":"transportAck","transaction":127}
EMU_TRACE {"direction":"receive","TYPE":8,"SESSION":334865705,"SEQ":120,"STATUS":0,"FLAGS":6}
EMU_TRACE {"direction":"send","TYPE":6,"SESSION":334865705,"SEQ":121}
EMU_TRACE {"event":"transportAck","transaction":128}
EMU_TRACE {"direction":"receive","TYPE":8,"SESSION":334865705,"SEQ":121,"STATUS":0,"FLAGS":6}
EMU_TRACE {"direction":"send","TYPE":6,"SESSION":334865705,"SEQ":122}
EMU_TRACE {"event":"transportAck","transaction":129}
EMU_TRACE {"direction":"receive","TYPE":8,"SESSION":334865705,"SEQ":122,"STATUS":0,"FLAGS":6}
EMU_TRACE {"direction":"send","TYPE":6,"SESSION":334865705,"SEQ":123}
EMU_TRACE {"event":"transportAck","transaction":130}
EMU_TRACE {"direction":"receive","TYPE":8,"SESSION":334865705,"SEQ":123,"STATUS":0,"FLAGS":6}
EMU_TRACE {"direction":"send","TYPE":6,"SESSION":334865705,"SEQ":124}
EMU_TRACE {"event":"transportAck","transaction":131}
EMU_TRACE {"direction":"receive","TYPE":8,"SESSION":334865705,"SEQ":124,"STATUS":0,"FLAGS":6}
EMU_TRACE {"direction":"send","TYPE":6,"SESSION":334865705,"SEQ":125}
EMU_TRACE {"event":"transportAck","transaction":132}
EMU_TRACE {"direction":"receive","TYPE":8,"SESSION":334865705,"SEQ":125,"STATUS":0,"FLAGS":6}
EMU_TRACE {"direction":"send","TYPE":6,"SESSION":334865705,"SEQ":126}
EMU_TRACE {"event":"transportAck","transaction":133}
EMU_TRACE {"direction":"receive","TYPE":8,"SESSION":334865705,"SEQ":126,"STATUS":0,"FLAGS":6}
EMU_TRACE {"direction":"send","TYPE":7,"SESSION":334865705}
EMU_TRACE {"event":"transportAck","transaction":134}
EMU_TRACE {"direction":"receive","TYPE":8,"SESSION":334865705,"SEQ":65535,"STATUS":4,"FLAGS":7}
EMU_TRACE {"direction":"send","TYPE":4,"STATUS":1}
EMU_TRACE {"direction":"send","TYPE":4,"STATUS":8}
EMU_TRACE {"direction":"send","TYPE":5,"SESSION":334865706,"VERSION":16,"LENGTH":24203}
EMU_TRACE {"event":"transportAck","transaction":135}
EMU_TRACE {"event":"transportAck","transaction":136}
EMU_TRACE {"event":"transportAck","transaction":137}
EMU_TRACE {"event":"transportAck","transaction":138}
EMU_TRACE {"direction":"receive","TYPE":8,"SESSION":334865706,"SEQ":0,"STATUS":0,"FLAGS":5}
EMU_TRACE {"direction":"send","TYPE":6,"SESSION":334865706,"SEQ":0}
EMU_TRACE {"direction":"receive","TYPE":8,"SESSION":334865706,"SEQ":0,"STATUS":0,"FLAGS":6}
EMU_TRACE {"direction":"send","TYPE":6,"SESSION":334865706,"SEQ":1}
EMU_TRACE {"event":"transportAck","transaction":139}
EMU_TRACE {"direction":"receive","TYPE":8,"SESSION":334865706,"SEQ":1,"STATUS":0,"FLAGS":6}
EMU_TRACE {"direction":"send","TYPE":6,"SESSION":334865706,"SEQ":2}
EMU_TRACE {"event":"transportAck","transaction":140}
EMU_TRACE {"direction":"receive","TYPE":8,"SESSION":334865706,"SEQ":2,"STATUS":0,"FLAGS":6}
EMU_TRACE {"direction":"send","TYPE":6,"SESSION":334865706,"SEQ":3}
EMU_TRACE {"event":"transportAck","transaction":141}
EMU_TRACE {"direction":"receive","TYPE":8,"SESSION":334865706,"SEQ":3,"STATUS":0,"FLAGS":6}
EMU_TRACE {"direction":"send","TYPE":6,"SESSION":334865706,"SEQ":4}
EMU_TRACE {"event":"transportAck","transaction":142}
EMU_TRACE {"direction":"receive","TYPE":8,"SESSION":334865706,"SEQ":4,"STATUS":0,"FLAGS":6}
EMU_TRACE {"direction":"send","TYPE":6,"SESSION":334865706,"SEQ":5}
EMU_TRACE {"event":"transportAck","transaction":143}
EMU_TRACE {"direction":"receive","TYPE":8,"SESSION":334865706,"SEQ":5,"STATUS":0,"FLAGS":6}
EMU_TRACE {"direction":"send","TYPE":6,"SESSION":334865706,"SEQ":6}
EMU_TRACE {"event":"transportAck","transaction":144}
EMU_TRACE {"direction":"receive","TYPE":8,"SESSION":334865706,"SEQ":6,"STATUS":0,"FLAGS":6}
EMU_TRACE {"direction":"send","TYPE":6,"SESSION":334865706,"SEQ":7}
EMU_TRACE {"event":"transportAck","transaction":145}
EMU_TRACE {"direction":"receive","TYPE":8,"SESSION":334865706,"SEQ":7,"STATUS":0,"FLAGS":6}
EMU_TRACE {"direction":"send","TYPE":6,"SESSION":334865706,"SEQ":8}
EMU_TRACE {"event":"transportAck","transaction":146}
EMU_TRACE {"direction":"receive","TYPE":8,"SESSION":334865706,"SEQ":8,"STATUS":0,"FLAGS":6}
EMU_TRACE {"direction":"send","TYPE":6,"SESSION":334865706,"SEQ":9}
EMU_TRACE {"event":"transportAck","transaction":147}
EMU_TRACE {"direction":"receive","TYPE":8,"SESSION":334865706,"SEQ":9,"STATUS":0,"FLAGS":6}
EMU_TRACE {"direction":"send","TYPE":6,"SESSION":334865706,"SEQ":10}
EMU_TRACE {"event":"transportAck","transaction":148}
EMU_TRACE {"direction":"receive","TYPE":8,"SESSION":334865706,"SEQ":10,"STATUS":0,"FLAGS":6}
EMU_TRACE {"direction":"send","TYPE":6,"SESSION":334865706,"SEQ":11}
EMU_TRACE {"event":"transportAck","transaction":149}
EMU_TRACE {"direction":"receive","TYPE":8,"SESSION":334865706,"SEQ":11,"STATUS":0,"FLAGS":6}
EMU_TRACE {"direction":"send","TYPE":6,"SESSION":334865706,"SEQ":12}
EMU_TRACE {"event":"transportAck","transaction":150}
EMU_TRACE {"direction":"receive","TYPE":8,"SESSION":334865706,"SEQ":12,"STATUS":0,"FLAGS":6}
EMU_TRACE {"direction":"send","TYPE":6,"SESSION":334865706,"SEQ":13}
EMU_TRACE {"event":"transportAck","transaction":151}
EMU_TRACE {"direction":"receive","TYPE":8,"SESSION":334865706,"SEQ":13,"STATUS":0,"FLAGS":6}
EMU_TRACE {"direction":"send","TYPE":6,"SESSION":334865706,"SEQ":14}
EMU_TRACE {"event":"transportAck","transaction":152}
EMU_TRACE {"direction":"receive","TYPE":8,"SESSION":334865706,"SEQ":14,"STATUS":0,"FLAGS":6}
EMU_TRACE {"direction":"send","TYPE":6,"SESSION":334865706,"SEQ":15}
EMU_TRACE {"event":"transportAck","transaction":153}
EMU_TRACE {"direction":"receive","TYPE":8,"SESSION":334865706,"SEQ":15,"STATUS":0,"FLAGS":6}
EMU_TRACE {"direction":"send","TYPE":6,"SESSION":334865706,"SEQ":16}
EMU_TRACE {"event":"transportAck","transaction":154}
EMU_TRACE {"direction":"receive","TYPE":8,"SESSION":334865706,"SEQ":16,"STATUS":0,"FLAGS":6}
EMU_TRACE {"direction":"send","TYPE":6,"SESSION":334865706,"SEQ":17}
EMU_TRACE {"event":"transportAck","transaction":155}
EMU_TRACE {"direction":"receive","TYPE":8,"SESSION":334865706,"SEQ":17,"STATUS":0,"FLAGS":6}
EMU_TRACE {"direction":"send","TYPE":6,"SESSION":334865706,"SEQ":18}
EMU_TRACE {"event":"transportAck","transaction":156}
EMU_TRACE {"direction":"receive","TYPE":8,"SESSION":334865706,"SEQ":18,"STATUS":0,"FLAGS":6}
EMU_TRACE {"direction":"send","TYPE":6,"SESSION":334865706,"SEQ":19}
EMU_TRACE {"event":"transportAck","transaction":157}
EMU_TRACE {"direction":"receive","TYPE":8,"SESSION":334865706,"SEQ":19,"STATUS":0,"FLAGS":6}
EMU_TRACE {"direction":"send","TYPE":6,"SESSION":334865706,"SEQ":20}
EMU_TRACE {"event":"transportAck","transaction":158}
EMU_TRACE {"direction":"receive","TYPE":8,"SESSION":334865706,"SEQ":20,"STATUS":0,"FLAGS":6}
EMU_TRACE {"direction":"send","TYPE":6,"SESSION":334865706,"SEQ":21}
EMU_TRACE {"event":"transportAck","transaction":159}
EMU_TRACE {"direction":"receive","TYPE":8,"SESSION":334865706,"SEQ":21,"STATUS":0,"FLAGS":6}
EMU_TRACE {"direction":"send","TYPE":6,"SESSION":334865706,"SEQ":22}
EMU_TRACE {"event":"transportAck","transaction":160}
EMU_TRACE {"direction":"receive","TYPE":8,"SESSION":334865706,"SEQ":22,"STATUS":0,"FLAGS":6}
EMU_TRACE {"direction":"send","TYPE":6,"SESSION":334865706,"SEQ":23}
EMU_TRACE {"event":"transportAck","transaction":161}
EMU_TRACE {"direction":"receive","TYPE":8,"SESSION":334865706,"SEQ":23,"STATUS":0,"FLAGS":6}
EMU_TRACE {"direction":"send","TYPE":6,"SESSION":334865706,"SEQ":24}
EMU_TRACE {"event":"transportAck","transaction":162}
EMU_TRACE {"direction":"receive","TYPE":8,"SESSION":334865706,"SEQ":24,"STATUS":0,"FLAGS":6}
EMU_TRACE {"direction":"send","TYPE":6,"SESSION":334865706,"SEQ":25}
EMU_TRACE {"event":"transportAck","transaction":163}
EMU_TRACE {"direction":"receive","TYPE":8,"SESSION":334865706,"SEQ":25,"STATUS":0,"FLAGS":6}
EMU_TRACE {"direction":"send","TYPE":6,"SESSION":334865706,"SEQ":26}
EMU_TRACE {"event":"transportAck","transaction":164}
EMU_TRACE {"direction":"receive","TYPE":8,"SESSION":334865706,"SEQ":26,"STATUS":0,"FLAGS":6}
EMU_TRACE {"direction":"send","TYPE":6,"SESSION":334865706,"SEQ":27}
EMU_TRACE {"event":"transportAck","transaction":165}
EMU_TRACE {"direction":"receive","TYPE":8,"SESSION":334865706,"SEQ":27,"STATUS":0,"FLAGS":6}
EMU_TRACE {"direction":"send","TYPE":6,"SESSION":334865706,"SEQ":28}
EMU_TRACE {"event":"transportAck","transaction":166}
EMU_TRACE {"direction":"receive","TYPE":8,"SESSION":334865706,"SEQ":28,"STATUS":0,"FLAGS":6}
EMU_TRACE {"direction":"send","TYPE":6,"SESSION":334865706,"SEQ":29}
EMU_TRACE {"event":"transportAck","transaction":167}
EMU_TRACE {"direction":"receive","TYPE":8,"SESSION":334865706,"SEQ":29,"STATUS":0,"FLAGS":6}
EMU_TRACE {"direction":"send","TYPE":6,"SESSION":334865706,"SEQ":30}
EMU_TRACE {"event":"transportAck","transaction":168}
EMU_TRACE {"direction":"receive","TYPE":8,"SESSION":334865706,"SEQ":30,"STATUS":0,"FLAGS":6}
EMU_TRACE {"direction":"send","TYPE":6,"SESSION":334865706,"SEQ":31}
EMU_TRACE {"event":"transportAck","transaction":169}
EMU_TRACE {"direction":"receive","TYPE":8,"SESSION":334865706,"SEQ":31,"STATUS":0,"FLAGS":6}
EMU_TRACE {"direction":"send","TYPE":6,"SESSION":334865706,"SEQ":32}
EMU_TRACE {"event":"transportAck","transaction":170}
EMU_TRACE {"direction":"receive","TYPE":8,"SESSION":334865706,"SEQ":32,"STATUS":0,"FLAGS":6}
EMU_TRACE {"direction":"send","TYPE":6,"SESSION":334865706,"SEQ":33}
EMU_TRACE {"event":"transportAck","transaction":171}
EMU_TRACE {"direction":"receive","TYPE":8,"SESSION":334865706,"SEQ":33,"STATUS":0,"FLAGS":6}
EMU_TRACE {"direction":"send","TYPE":6,"SESSION":334865706,"SEQ":34}
EMU_TRACE {"event":"transportAck","transaction":172}
EMU_TRACE {"direction":"receive","TYPE":8,"SESSION":334865706,"SEQ":34,"STATUS":0,"FLAGS":6}
EMU_TRACE {"direction":"send","TYPE":6,"SESSION":334865706,"SEQ":35}
EMU_TRACE {"event":"transportAck","transaction":173}
EMU_TRACE {"direction":"receive","TYPE":8,"SESSION":334865706,"SEQ":35,"STATUS":0,"FLAGS":6}
EMU_TRACE {"direction":"send","TYPE":6,"SESSION":334865706,"SEQ":36}
EMU_TRACE {"event":"transportAck","transaction":174}
EMU_TRACE {"direction":"receive","TYPE":8,"SESSION":334865706,"SEQ":36,"STATUS":0,"FLAGS":6}
EMU_TRACE {"direction":"send","TYPE":6,"SESSION":334865706,"SEQ":37}
EMU_TRACE {"event":"transportAck","transaction":175}
EMU_TRACE {"direction":"receive","TYPE":8,"SESSION":334865706,"SEQ":37,"STATUS":0,"FLAGS":6}
EMU_TRACE {"direction":"send","TYPE":6,"SESSION":334865706,"SEQ":38}
EMU_TRACE {"event":"transportAck","transaction":176}
EMU_TRACE {"direction":"receive","TYPE":8,"SESSION":334865706,"SEQ":38,"STATUS":0,"FLAGS":6}
EMU_TRACE {"direction":"send","TYPE":6,"SESSION":334865706,"SEQ":39}
EMU_TRACE {"event":"transportAck","transaction":177}
EMU_TRACE {"direction":"receive","TYPE":8,"SESSION":334865706,"SEQ":39,"STATUS":0,"FLAGS":6}
EMU_TRACE {"direction":"send","TYPE":6,"SESSION":334865706,"SEQ":40}
EMU_TRACE {"event":"transportAck","transaction":178}
EMU_TRACE {"direction":"receive","TYPE":8,"SESSION":334865706,"SEQ":40,"STATUS":0,"FLAGS":6}
EMU_TRACE {"direction":"send","TYPE":6,"SESSION":334865706,"SEQ":41}
EMU_TRACE {"event":"transportAck","transaction":179}
EMU_TRACE {"direction":"receive","TYPE":8,"SESSION":334865706,"SEQ":41,"STATUS":0,"FLAGS":6}
EMU_TRACE {"direction":"send","TYPE":6,"SESSION":334865706,"SEQ":42}
EMU_TRACE {"event":"transportAck","transaction":180}
EMU_TRACE {"direction":"receive","TYPE":8,"SESSION":334865706,"SEQ":42,"STATUS":0,"FLAGS":6}
EMU_TRACE {"direction":"send","TYPE":6,"SESSION":334865706,"SEQ":43}
EMU_TRACE {"event":"transportAck","transaction":181}
EMU_TRACE {"direction":"receive","TYPE":8,"SESSION":334865706,"SEQ":43,"STATUS":0,"FLAGS":6}
EMU_TRACE {"direction":"send","TYPE":6,"SESSION":334865706,"SEQ":44}
EMU_TRACE {"event":"transportAck","transaction":182}
EMU_TRACE {"direction":"receive","TYPE":8,"SESSION":334865706,"SEQ":44,"STATUS":0,"FLAGS":6}
EMU_TRACE {"direction":"send","TYPE":6,"SESSION":334865706,"SEQ":45}
EMU_TRACE {"event":"transportAck","transaction":183}
EMU_TRACE {"direction":"receive","TYPE":8,"SESSION":334865706,"SEQ":45,"STATUS":0,"FLAGS":6}
EMU_TRACE {"direction":"send","TYPE":6,"SESSION":334865706,"SEQ":46}
EMU_TRACE {"event":"transportAck","transaction":184}
EMU_TRACE {"direction":"receive","TYPE":8,"SESSION":334865706,"SEQ":46,"STATUS":0,"FLAGS":6}
EMU_TRACE {"direction":"send","TYPE":6,"SESSION":334865706,"SEQ":47}
EMU_TRACE {"event":"transportAck","transaction":185}
EMU_TRACE {"direction":"receive","TYPE":8,"SESSION":334865706,"SEQ":47,"STATUS":0,"FLAGS":6}
EMU_TRACE {"direction":"send","TYPE":6,"SESSION":334865706,"SEQ":48}
EMU_TRACE {"event":"transportAck","transaction":186}
EMU_TRACE {"direction":"receive","TYPE":8,"SESSION":334865706,"SEQ":48,"STATUS":0,"FLAGS":6}
EMU_TRACE {"direction":"send","TYPE":6,"SESSION":334865706,"SEQ":49}
EMU_TRACE {"event":"transportAck","transaction":187}
EMU_TRACE {"direction":"receive","TYPE":8,"SESSION":334865706,"SEQ":49,"STATUS":0,"FLAGS":6}
EMU_TRACE {"direction":"send","TYPE":6,"SESSION":334865706,"SEQ":50}
EMU_TRACE {"event":"transportAck","transaction":188}
EMU_TRACE {"direction":"receive","TYPE":8,"SESSION":334865706,"SEQ":50,"STATUS":0,"FLAGS":6}
EMU_TRACE {"direction":"send","TYPE":6,"SESSION":334865706,"SEQ":51}
EMU_TRACE {"event":"transportAck","transaction":189}
EMU_TRACE {"direction":"receive","TYPE":8,"SESSION":334865706,"SEQ":51,"STATUS":0,"FLAGS":6}
EMU_TRACE {"direction":"send","TYPE":6,"SESSION":334865706,"SEQ":52}
EMU_TRACE {"event":"transportAck","transaction":190}
EMU_TRACE {"direction":"receive","TYPE":8,"SESSION":334865706,"SEQ":52,"STATUS":0,"FLAGS":6}
EMU_TRACE {"direction":"send","TYPE":6,"SESSION":334865706,"SEQ":53}
EMU_TRACE {"event":"transportAck","transaction":191}
EMU_TRACE {"direction":"receive","TYPE":8,"SESSION":334865706,"SEQ":53,"STATUS":0,"FLAGS":6}
EMU_TRACE {"direction":"send","TYPE":6,"SESSION":334865706,"SEQ":54}
EMU_TRACE {"event":"transportAck","transaction":192}
EMU_TRACE {"direction":"receive","TYPE":8,"SESSION":334865706,"SEQ":54,"STATUS":0,"FLAGS":6}
EMU_TRACE {"direction":"send","TYPE":6,"SESSION":334865706,"SEQ":55}
EMU_TRACE {"event":"transportAck","transaction":193}
EMU_TRACE {"direction":"receive","TYPE":8,"SESSION":334865706,"SEQ":55,"STATUS":0,"FLAGS":6}
EMU_TRACE {"direction":"send","TYPE":6,"SESSION":334865706,"SEQ":56}
EMU_TRACE {"event":"transportAck","transaction":194}
EMU_TRACE {"direction":"receive","TYPE":8,"SESSION":334865706,"SEQ":56,"STATUS":0,"FLAGS":6}
EMU_TRACE {"direction":"send","TYPE":6,"SESSION":334865706,"SEQ":57}
EMU_TRACE {"event":"transportAck","transaction":195}
EMU_TRACE {"direction":"receive","TYPE":8,"SESSION":334865706,"SEQ":57,"STATUS":0,"FLAGS":6}
EMU_TRACE {"direction":"send","TYPE":6,"SESSION":334865706,"SEQ":58}
EMU_TRACE {"event":"transportAck","transaction":196}
EMU_TRACE {"direction":"receive","TYPE":8,"SESSION":334865706,"SEQ":58,"STATUS":0,"FLAGS":6}
EMU_TRACE {"direction":"send","TYPE":6,"SESSION":334865706,"SEQ":59}
EMU_TRACE {"event":"transportAck","transaction":197}
EMU_TRACE {"direction":"receive","TYPE":8,"SESSION":334865706,"SEQ":59,"STATUS":0,"FLAGS":6}
EMU_TRACE {"direction":"send","TYPE":6,"SESSION":334865706,"SEQ":60}
EMU_TRACE {"event":"transportAck","transaction":198}
EMU_TRACE {"direction":"receive","TYPE":8,"SESSION":334865706,"SEQ":60,"STATUS":0,"FLAGS":6}
EMU_TRACE {"direction":"send","TYPE":6,"SESSION":334865706,"SEQ":61}
EMU_TRACE {"event":"transportAck","transaction":199}
EMU_TRACE {"direction":"receive","TYPE":8,"SESSION":334865706,"SEQ":61,"STATUS":0,"FLAGS":6}
EMU_TRACE {"direction":"send","TYPE":6,"SESSION":334865706,"SEQ":62}
EMU_TRACE {"event":"transportAck","transaction":200}
EMU_TRACE {"direction":"receive","TYPE":8,"SESSION":334865706,"SEQ":62,"STATUS":0,"FLAGS":6}
EMU_TRACE {"direction":"send","TYPE":6,"SESSION":334865706,"SEQ":63}
EMU_TRACE {"event":"transportAck","transaction":201}
EMU_TRACE {"direction":"receive","TYPE":8,"SESSION":334865706,"SEQ":63,"STATUS":0,"FLAGS":6}
EMU_TRACE {"direction":"send","TYPE":6,"SESSION":334865706,"SEQ":64}
EMU_TRACE {"event":"transportAck","transaction":202}
EMU_TRACE {"direction":"receive","TYPE":8,"SESSION":334865706,"SEQ":64,"STATUS":0,"FLAGS":6}
EMU_TRACE {"direction":"send","TYPE":6,"SESSION":334865706,"SEQ":65}
EMU_TRACE {"event":"transportAck","transaction":203}
EMU_TRACE {"direction":"receive","TYPE":8,"SESSION":334865706,"SEQ":65,"STATUS":0,"FLAGS":6}
EMU_TRACE {"direction":"send","TYPE":6,"SESSION":334865706,"SEQ":66}
EMU_TRACE {"event":"transportAck","transaction":204}
EMU_TRACE {"direction":"receive","TYPE":8,"SESSION":334865706,"SEQ":66,"STATUS":0,"FLAGS":6}
EMU_TRACE {"direction":"send","TYPE":6,"SESSION":334865706,"SEQ":67}
EMU_TRACE {"event":"transportAck","transaction":205}
EMU_TRACE {"direction":"receive","TYPE":8,"SESSION":334865706,"SEQ":67,"STATUS":0,"FLAGS":6}
EMU_TRACE {"direction":"send","TYPE":6,"SESSION":334865706,"SEQ":68}
EMU_TRACE {"event":"transportAck","transaction":206}
EMU_TRACE {"direction":"receive","TYPE":8,"SESSION":334865706,"SEQ":68,"STATUS":0,"FLAGS":6}
EMU_TRACE {"direction":"send","TYPE":6,"SESSION":334865706,"SEQ":69}
EMU_TRACE {"event":"transportAck","transaction":207}
EMU_TRACE {"direction":"receive","TYPE":8,"SESSION":334865706,"SEQ":69,"STATUS":0,"FLAGS":6}
EMU_TRACE {"direction":"send","TYPE":6,"SESSION":334865706,"SEQ":70}
EMU_TRACE {"event":"transportAck","transaction":208}
EMU_TRACE {"direction":"receive","TYPE":8,"SESSION":334865706,"SEQ":70,"STATUS":0,"FLAGS":6}
EMU_TRACE {"direction":"send","TYPE":6,"SESSION":334865706,"SEQ":71}
EMU_TRACE {"event":"transportAck","transaction":209}
EMU_TRACE {"direction":"receive","TYPE":8,"SESSION":334865706,"SEQ":71,"STATUS":0,"FLAGS":6}
EMU_TRACE {"direction":"send","TYPE":6,"SESSION":334865706,"SEQ":72}
EMU_TRACE {"event":"transportAck","transaction":210}
EMU_TRACE {"direction":"receive","TYPE":8,"SESSION":334865706,"SEQ":72,"STATUS":0,"FLAGS":6}
EMU_TRACE {"direction":"send","TYPE":6,"SESSION":334865706,"SEQ":73}
EMU_TRACE {"event":"transportAck","transaction":211}
EMU_TRACE {"direction":"receive","TYPE":8,"SESSION":334865706,"SEQ":73,"STATUS":0,"FLAGS":6}
EMU_TRACE {"direction":"send","TYPE":6,"SESSION":334865706,"SEQ":74}
EMU_TRACE {"event":"transportAck","transaction":212}
EMU_TRACE {"direction":"receive","TYPE":8,"SESSION":334865706,"SEQ":74,"STATUS":0,"FLAGS":6}
EMU_TRACE {"direction":"send","TYPE":6,"SESSION":334865706,"SEQ":75}
EMU_TRACE {"event":"transportAck","transaction":213}
EMU_TRACE {"direction":"receive","TYPE":8,"SESSION":334865706,"SEQ":75,"STATUS":0,"FLAGS":6}
EMU_TRACE {"direction":"send","TYPE":6,"SESSION":334865706,"SEQ":76}
EMU_TRACE {"event":"transportAck","transaction":214}
EMU_TRACE {"direction":"receive","TYPE":8,"SESSION":334865706,"SEQ":76,"STATUS":0,"FLAGS":6}
EMU_TRACE {"direction":"send","TYPE":6,"SESSION":334865706,"SEQ":77}
EMU_TRACE {"event":"transportAck","transaction":215}
EMU_TRACE {"direction":"receive","TYPE":8,"SESSION":334865706,"SEQ":77,"STATUS":0,"FLAGS":6}
EMU_TRACE {"direction":"send","TYPE":6,"SESSION":334865706,"SEQ":78}
EMU_TRACE {"event":"transportAck","transaction":216}
EMU_TRACE {"direction":"receive","TYPE":8,"SESSION":334865706,"SEQ":78,"STATUS":0,"FLAGS":6}
EMU_TRACE {"direction":"send","TYPE":6,"SESSION":334865706,"SEQ":79}
EMU_TRACE {"event":"transportAck","transaction":217}
EMU_TRACE {"direction":"receive","TYPE":8,"SESSION":334865706,"SEQ":79,"STATUS":0,"FLAGS":6}
EMU_TRACE {"direction":"send","TYPE":6,"SESSION":334865706,"SEQ":80}
EMU_TRACE {"event":"transportAck","transaction":218}
EMU_TRACE {"direction":"receive","TYPE":8,"SESSION":334865706,"SEQ":80,"STATUS":0,"FLAGS":6}
EMU_TRACE {"direction":"send","TYPE":6,"SESSION":334865706,"SEQ":81}
EMU_TRACE {"event":"transportAck","transaction":219}
EMU_TRACE {"direction":"receive","TYPE":8,"SESSION":334865706,"SEQ":81,"STATUS":0,"FLAGS":6}
EMU_TRACE {"direction":"send","TYPE":6,"SESSION":334865706,"SEQ":82}
EMU_TRACE {"event":"transportAck","transaction":220}
EMU_TRACE {"direction":"receive","TYPE":8,"SESSION":334865706,"SEQ":82,"STATUS":0,"FLAGS":6}
EMU_TRACE {"direction":"send","TYPE":6,"SESSION":334865706,"SEQ":83}
EMU_TRACE {"event":"transportAck","transaction":221}
EMU_TRACE {"direction":"receive","TYPE":8,"SESSION":334865706,"SEQ":83,"STATUS":0,"FLAGS":6}
EMU_TRACE {"direction":"send","TYPE":6,"SESSION":334865706,"SEQ":84}
EMU_TRACE {"event":"transportAck","transaction":222}
EMU_TRACE {"direction":"receive","TYPE":8,"SESSION":334865706,"SEQ":84,"STATUS":0,"FLAGS":6}
EMU_TRACE {"direction":"send","TYPE":6,"SESSION":334865706,"SEQ":85}
EMU_TRACE {"event":"transportAck","transaction":223}
EMU_TRACE {"direction":"receive","TYPE":8,"SESSION":334865706,"SEQ":85,"STATUS":0,"FLAGS":6}
EMU_TRACE {"direction":"send","TYPE":6,"SESSION":334865706,"SEQ":86}
EMU_TRACE {"event":"transportAck","transaction":224}
EMU_TRACE {"direction":"receive","TYPE":8,"SESSION":334865706,"SEQ":86,"STATUS":0,"FLAGS":6}
EMU_TRACE {"direction":"send","TYPE":6,"SESSION":334865706,"SEQ":87}
EMU_TRACE {"event":"transportAck","transaction":225}
EMU_TRACE {"direction":"receive","TYPE":8,"SESSION":334865706,"SEQ":87,"STATUS":0,"FLAGS":6}
EMU_TRACE {"direction":"send","TYPE":6,"SESSION":334865706,"SEQ":88}
EMU_TRACE {"event":"transportAck","transaction":226}
EMU_TRACE {"direction":"receive","TYPE":8,"SESSION":334865706,"SEQ":88,"STATUS":0,"FLAGS":6}
EMU_TRACE {"direction":"send","TYPE":6,"SESSION":334865706,"SEQ":89}
EMU_TRACE {"event":"transportAck","transaction":227}
EMU_TRACE {"direction":"receive","TYPE":8,"SESSION":334865706,"SEQ":89,"STATUS":0,"FLAGS":6}
EMU_TRACE {"direction":"send","TYPE":6,"SESSION":334865706,"SEQ":90}
EMU_TRACE {"event":"transportAck","transaction":228}
EMU_TRACE {"direction":"receive","TYPE":8,"SESSION":334865706,"SEQ":90,"STATUS":0,"FLAGS":6}
EMU_TRACE {"direction":"send","TYPE":6,"SESSION":334865706,"SEQ":91}
EMU_TRACE {"event":"transportAck","transaction":229}
EMU_TRACE {"direction":"receive","TYPE":8,"SESSION":334865706,"SEQ":91,"STATUS":0,"FLAGS":6}
EMU_TRACE {"direction":"send","TYPE":6,"SESSION":334865706,"SEQ":92}
EMU_TRACE {"event":"transportAck","transaction":230}
EMU_TRACE {"direction":"receive","TYPE":8,"SESSION":334865706,"SEQ":92,"STATUS":0,"FLAGS":6}
EMU_TRACE {"direction":"send","TYPE":6,"SESSION":334865706,"SEQ":93}
EMU_TRACE {"event":"transportAck","transaction":231}
EMU_TRACE {"direction":"receive","TYPE":8,"SESSION":334865706,"SEQ":93,"STATUS":0,"FLAGS":6}
EMU_TRACE {"direction":"send","TYPE":6,"SESSION":334865706,"SEQ":94}
EMU_TRACE {"event":"transportAck","transaction":232}
EMU_TRACE {"direction":"receive","TYPE":8,"SESSION":334865706,"SEQ":94,"STATUS":0,"FLAGS":6}
EMU_TRACE {"direction":"send","TYPE":6,"SESSION":334865706,"SEQ":95}
EMU_TRACE {"event":"transportAck","transaction":233}
EMU_TRACE {"direction":"receive","TYPE":8,"SESSION":334865706,"SEQ":95,"STATUS":0,"FLAGS":6}
EMU_TRACE {"direction":"send","TYPE":6,"SESSION":334865706,"SEQ":96}
EMU_TRACE {"event":"transportAck","transaction":234}
EMU_TRACE {"direction":"receive","TYPE":8,"SESSION":334865706,"SEQ":96,"STATUS":0,"FLAGS":6}
EMU_TRACE {"direction":"send","TYPE":6,"SESSION":334865706,"SEQ":97}
EMU_TRACE {"event":"transportAck","transaction":235}
EMU_TRACE {"direction":"receive","TYPE":8,"SESSION":334865706,"SEQ":97,"STATUS":0,"FLAGS":6}
EMU_TRACE {"direction":"send","TYPE":6,"SESSION":334865706,"SEQ":98}
EMU_TRACE {"event":"transportAck","transaction":236}
EMU_TRACE {"direction":"receive","TYPE":8,"SESSION":334865706,"SEQ":98,"STATUS":0,"FLAGS":6}
EMU_TRACE {"direction":"send","TYPE":6,"SESSION":334865706,"SEQ":99}
EMU_TRACE {"event":"transportAck","transaction":237}
EMU_TRACE {"direction":"receive","TYPE":8,"SESSION":334865706,"SEQ":99,"STATUS":0,"FLAGS":6}
EMU_TRACE {"direction":"send","TYPE":6,"SESSION":334865706,"SEQ":100}
EMU_TRACE {"event":"transportAck","transaction":238}
EMU_TRACE {"direction":"receive","TYPE":8,"SESSION":334865706,"SEQ":100,"STATUS":0,"FLAGS":6}
EMU_TRACE {"direction":"send","TYPE":6,"SESSION":334865706,"SEQ":101}
EMU_TRACE {"event":"transportAck","transaction":239}
EMU_TRACE {"direction":"receive","TYPE":8,"SESSION":334865706,"SEQ":101,"STATUS":0,"FLAGS":6}
EMU_TRACE {"direction":"send","TYPE":6,"SESSION":334865706,"SEQ":102}
EMU_TRACE {"event":"transportAck","transaction":240}
EMU_TRACE {"direction":"receive","TYPE":8,"SESSION":334865706,"SEQ":102,"STATUS":0,"FLAGS":6}
EMU_TRACE {"direction":"send","TYPE":6,"SESSION":334865706,"SEQ":103}
EMU_TRACE {"event":"transportAck","transaction":241}
EMU_TRACE {"direction":"receive","TYPE":8,"SESSION":334865706,"SEQ":103,"STATUS":0,"FLAGS":6}
EMU_TRACE {"direction":"send","TYPE":6,"SESSION":334865706,"SEQ":104}
EMU_TRACE {"event":"transportAck","transaction":242}
EMU_TRACE {"direction":"receive","TYPE":8,"SESSION":334865706,"SEQ":104,"STATUS":0,"FLAGS":6}
EMU_TRACE {"direction":"send","TYPE":6,"SESSION":334865706,"SEQ":105}
EMU_TRACE {"event":"transportAck","transaction":243}
EMU_TRACE {"direction":"receive","TYPE":8,"SESSION":334865706,"SEQ":105,"STATUS":0,"FLAGS":6}
EMU_TRACE {"direction":"send","TYPE":6,"SESSION":334865706,"SEQ":106}
EMU_TRACE {"event":"transportAck","transaction":244}
EMU_TRACE {"direction":"receive","TYPE":8,"SESSION":334865706,"SEQ":106,"STATUS":0,"FLAGS":6}
EMU_TRACE {"direction":"send","TYPE":6,"SESSION":334865706,"SEQ":107}
EMU_TRACE {"event":"transportAck","transaction":245}
EMU_TRACE {"direction":"receive","TYPE":8,"SESSION":334865706,"SEQ":107,"STATUS":0,"FLAGS":6}
EMU_TRACE {"direction":"send","TYPE":6,"SESSION":334865706,"SEQ":108}
EMU_TRACE {"event":"transportAck","transaction":246}
EMU_TRACE {"direction":"receive","TYPE":8,"SESSION":334865706,"SEQ":108,"STATUS":0,"FLAGS":6}
EMU_TRACE {"direction":"send","TYPE":6,"SESSION":334865706,"SEQ":109}
EMU_TRACE {"event":"transportAck","transaction":247}
EMU_TRACE {"direction":"receive","TYPE":8,"SESSION":334865706,"SEQ":109,"STATUS":0,"FLAGS":6}
EMU_TRACE {"direction":"send","TYPE":6,"SESSION":334865706,"SEQ":110}
EMU_TRACE {"event":"transportAck","transaction":248}
EMU_TRACE {"direction":"receive","TYPE":8,"SESSION":334865706,"SEQ":110,"STATUS":0,"FLAGS":6}
EMU_TRACE {"direction":"send","TYPE":6,"SESSION":334865706,"SEQ":111}
EMU_TRACE {"event":"transportAck","transaction":249}
EMU_TRACE {"direction":"receive","TYPE":8,"SESSION":334865706,"SEQ":111,"STATUS":0,"FLAGS":6}
EMU_TRACE {"direction":"send","TYPE":6,"SESSION":334865706,"SEQ":112}
EMU_TRACE {"event":"transportAck","transaction":250}
EMU_TRACE {"direction":"receive","TYPE":8,"SESSION":334865706,"SEQ":112,"STATUS":0,"FLAGS":6}
EMU_TRACE {"direction":"send","TYPE":6,"SESSION":334865706,"SEQ":113}
EMU_TRACE {"event":"transportAck","transaction":251}
EMU_TRACE {"direction":"receive","TYPE":8,"SESSION":334865706,"SEQ":113,"STATUS":0,"FLAGS":6}
EMU_TRACE {"direction":"send","TYPE":6,"SESSION":334865706,"SEQ":114}
EMU_TRACE {"event":"transportAck","transaction":252}
EMU_TRACE {"direction":"receive","TYPE":8,"SESSION":334865706,"SEQ":114,"STATUS":0,"FLAGS":6}
EMU_TRACE {"direction":"send","TYPE":6,"SESSION":334865706,"SEQ":115}
EMU_TRACE {"event":"transportAck","transaction":253}
EMU_TRACE {"direction":"receive","TYPE":8,"SESSION":334865706,"SEQ":115,"STATUS":0,"FLAGS":6}
EMU_TRACE {"direction":"send","TYPE":6,"SESSION":334865706,"SEQ":116}
EMU_TRACE {"event":"transportAck","transaction":254}
EMU_TRACE {"direction":"receive","TYPE":8,"SESSION":334865706,"SEQ":116,"STATUS":0,"FLAGS":6}
EMU_TRACE {"direction":"send","TYPE":6,"SESSION":334865706,"SEQ":117}
EMU_TRACE {"event":"transportAck","transaction":0}
EMU_TRACE {"direction":"receive","TYPE":8,"SESSION":334865706,"SEQ":117,"STATUS":0,"FLAGS":6}
EMU_TRACE {"direction":"send","TYPE":6,"SESSION":334865706,"SEQ":118}
EMU_TRACE {"event":"transportAck","transaction":1}
EMU_TRACE {"direction":"receive","TYPE":8,"SESSION":334865706,"SEQ":118,"STATUS":0,"FLAGS":6}
EMU_TRACE {"direction":"send","TYPE":6,"SESSION":334865706,"SEQ":119}
EMU_TRACE {"event":"transportAck","transaction":2}
EMU_TRACE {"direction":"receive","TYPE":8,"SESSION":334865706,"SEQ":119,"STATUS":0,"FLAGS":6}
EMU_TRACE {"direction":"send","TYPE":6,"SESSION":334865706,"SEQ":120}
EMU_TRACE {"event":"transportAck","transaction":3}
EMU_TRACE {"direction":"receive","TYPE":8,"SESSION":334865706,"SEQ":120,"STATUS":0,"FLAGS":6}
EMU_TRACE {"direction":"send","TYPE":6,"SESSION":334865706,"SEQ":121}
EMU_TRACE {"event":"transportAck","transaction":4}
EMU_TRACE {"direction":"receive","TYPE":8,"SESSION":334865706,"SEQ":121,"STATUS":0,"FLAGS":6}
EMU_TRACE {"direction":"send","TYPE":6,"SESSION":334865706,"SEQ":122}
EMU_TRACE {"event":"transportAck","transaction":5}
EMU_TRACE {"direction":"receive","TYPE":8,"SESSION":334865706,"SEQ":122,"STATUS":0,"FLAGS":6}
EMU_TRACE {"direction":"send","TYPE":6,"SESSION":334865706,"SEQ":123}
EMU_TRACE {"event":"transportAck","transaction":6}
EMU_TRACE {"direction":"receive","TYPE":8,"SESSION":334865706,"SEQ":123,"STATUS":0,"FLAGS":6}
EMU_TRACE {"direction":"send","TYPE":6,"SESSION":334865706,"SEQ":124}
EMU_TRACE {"event":"transportAck","transaction":7}
EMU_TRACE {"direction":"receive","TYPE":8,"SESSION":334865706,"SEQ":124,"STATUS":0,"FLAGS":6}
EMU_TRACE {"direction":"send","TYPE":6,"SESSION":334865706,"SEQ":125}
EMU_TRACE {"event":"transportAck","transaction":8}
EMU_TRACE {"direction":"receive","TYPE":8,"SESSION":334865706,"SEQ":125,"STATUS":0,"FLAGS":6}
EMU_TRACE {"direction":"send","TYPE":6,"SESSION":334865706,"SEQ":126}
EMU_TRACE {"event":"transportAck","transaction":9}
EMU_TRACE {"direction":"receive","TYPE":8,"SESSION":334865706,"SEQ":126,"STATUS":0,"FLAGS":6}
EMU_TRACE {"direction":"send","TYPE":7,"SESSION":334865706}
EMU_TRACE {"event":"transportAck","transaction":10}
EMU_TRACE {"direction":"receive","TYPE":8,"SESSION":334865706,"SEQ":65535,"STATUS":3,"FLAGS":7}
EMU_TRACE {"direction":"send","TYPE":4,"STATUS":3}
EMU_TRACE {"direction":"send","TYPE":1}
EMU_TRACE {"event":"transportAck","transaction":11}
EMU_TRACE {"event":"transportAck","transaction":12}
EMU_TRACE {"direction":"receive","TYPE":2,"FLAGS":0,"VERSION":16,"LENGTH":32768}
PASS native emulator current + future update without PBW reinstall active=16 pending=17 chunksSent=254
EMU_TRACE {"event":"transportAck","transaction":13}
EMU_TRACE {"direction":"send","TYPE":1}
EMU_TRACE {"event":"transportNack","transaction":14}
EMU_TRACE {"direction":"receive","TYPE":2,"FLAGS":0,"VERSION":16,"LENGTH":32768}
PASS native emulator stop/start preserved active and pending
AssertionError [ERR_ASSERTION]: Offline first home exceeds one second
    at /Users/e_wijaya_ap/Desktop/kasugabus-pebble/tests/run_emulator_feed.js:92:12
    at process.processTicksAndRejections (node:internal/process/task_queues:104:5)
EMU_TRACE {"direction":"receive","TYPE":2,"FLAGS":0,"VERSION":16,"LENGTH":32768}
EMU_TRACE {"direction":"receive","TYPE":2,"FLAGS":0,"VERSION":16,"LENGTH":32768}
EMU_TRACE {"direction":"receive","TYPE":2,"FLAGS":0,"VERSION":16,"LENGTH":32768}
EMU_TRACE {"direction":"receive","TYPE":2,"FLAGS":0,"VERSION":16,"LENGTH":32768}
EMU_TRACE {"direction":"receive","TYPE":2,"FLAGS":0,"VERSION":16,"LENGTH":32768}
EMU_TRACE {"direction":"receive","TYPE":2,"FLAGS":0,"VERSION":16,"LENGTH":32768}
EMU_TRACE {"direction":"receive","TYPE":2,"FLAGS":0,"VERSION":16,"LENGTH":32768}
