Traceback (most recent call last):
  File "/Users/e_wijaya_ap/Desktop/kasugabus-pebble/tools/verify_production_feed.py", line 261, in <module>
    main()
    ~~~~^^
  File "/Users/e_wijaya_ap/Desktop/kasugabus-pebble/tools/verify_production_feed.py", line 253, in main
    result = verify(args)
  File "/Users/e_wijaya_ap/Desktop/kasugabus-pebble/tools/verify_production_feed.py", line 233, in verify
    emulator.wait(lambda e: proof.success_stamp is not None, seconds=120)
    ~~~~~~~~~~~~~^^^^^^^^^^^^^^^^^^^^^^^^^^^^^^^^^^^^^^^^^^^^^^^^^^^^^^^^
  File "/Users/e_wijaya_ap/Desktop/kasugabus-pebble/tools/verify_production_feed.py", line 180, in wait
    self.consume(event)
    ~~~~~~~~~~~~^^^^^^^
  File "/Users/e_wijaya_ap/Desktop/kasugabus-pebble/tools/verify_production_feed.py", line 164, in consume
    self.proof.phone(message)
    ~~~~~~~~~~~~~~~~^^^^^^^^^
  File "/Users/e_wijaya_ap/Desktop/kasugabus-pebble/tools/verify_production_feed.py", line 110, in phone
    require(message.get("7") not in (4, 5, 6, 7), "Shipped worker reported feed failure/incompatibility")
    ~~~~~~~^^^^^^^^^^^^^^^^^^^^^^^^^^^^^^^^^^^^^^^^^^^^^^^^^^^^^^^^^^^^^^^^^^^^^^^^^^^^^^^^^^^^^^^^^^^^^^
  File "/Users/e_wijaya_ap/Desktop/kasugabus-pebble/tools/verify_production_feed.py", line 30, in require
    raise ValueError(message)
ValueError: Shipped worker reported feed failure/incompatibility
