CloudPebble proxy host: wss://cloudpebble-proxy.repebble.com/tool-v2
CloudPebble auth mode: firebase-v2
Connected to CloudPebble proxy websocket.
Sending v2 auth frame...
CloudPebble proxy authentication succeeded.
Waiting for phone to connect...
CloudPebble connection status packet: 255
Connected.
Installing app...
App install succeeded.
[13:37:00] pkjs> KasugaBus:? Pebble JS Bridge initialized.
[13:37:02] ui.c:511> UI screen0 heap32480
[13:37:02] ui.c:511> UI screen0 heap32480
[13:37:02] ui.c:511> UI screen0 heap32480
[13:37:02] ui.c:511> UI screen0 heap32480
[13:37:06] ocess_manager.c:495> Heap Usage for App <KasugaBus>: Total Size <91896B> Used <59496B> Still allocated <0B>
[13:37:06] pkjs> Quartz by Dalpek:? Pebble JS Bridge initialized.
[13:37:06] pkjs> Quartz by Dalpek:254:12 PebbleKit JS ready!
[13:37:07] pkjs> Quartz by Dalpek:237:24 Temperature sent successfully: 28
[13:37:08] ocess_manager.c:495> Heap Usage for App <Quartz by : Total Size <124824B> Used <58076B> Still allocated <0B>
[13:37:09] pkjs> Quartz by Dalpek:? Pebble JS Bridge initialized.
[13:37:09] pkjs> Quartz by Dalpek:254:12 PebbleKit JS ready!
[13:37:10] pkjs> Quartz by Dalpek:237:24 Temperature sent successfully: 28
[13:37:11] ocess_manager.c:495> Heap Usage for App <Quartz by : Total Size <124824B> Used <58076B> Still allocated <0B>
[13:37:16] main.c:658> INIT entered
[13:37:16] main.c:695> READY storage=1048576 heap=32400 message=0
[13:37:16] ui.c:511> UI screen0 heap32400
[13:37:16] pkjs> KasugaBus:? Pebble JS Bridge initialized.
[13:37:17] ui.c:511> UI screen0 heap32480
[13:37:24] ui.c:511> UI screen1 heap32480
[13:37:28] ui.c:511> UI screen1 heap32480
[13:37:30] ui.c:511> UI screen1 heap32480
[13:37:31] ui.c:511> UI screen1 heap32480
[13:37:31] ui.c:511> UI screen1 heap32480
[13:37:32] ui.c:511> UI screen1 heap32480
[13:37:33] ui.c:511> UI screen0 heap32480
[13:37:35] ui.c:511> UI screen0 heap32480
