
up to date, audited 2 packages in 7s

found 0 vulnerabilities

up to date, audited 2 packages in 570ms

found 0 vulnerabilities
Setting top to                           : /Users/e_wijaya_ap/Desktop/kasugabus-pebble 
Setting out to                           : /Users/e_wijaya_ap/Desktop/kasugabus-pebble/build 
Checking for program 'webpack'           : /Users/e_wijaya_ap/Library/Application Support/Pebble SDK/SDKs/current/node_modules/.bin/webpack 
Found Pebble SDK for emery in:           : /Users/e_wijaya_ap/Library/Application Support/Pebble SDK/SDKs/current/sdk-core/pebble/emery 
Checking for program 'gcc, cc'           : arm-none-eabi-gcc 
Checking for program 'ar'                : arm-none-eabi-ar 
'configure' finished successfully (0.324s)
Waf: Entering directory `/Users/e_wijaya_ap/Desktop/kasugabus-pebble/build'
[21/23] Compiling emery | c: src/c/main.c -> build/src/c/main.c.9.o
[22/23] Linking emery | cprogram: build/src/c/engine.c.9.o build/src/c/main.c.9.o build/src/c/policies.c.9.o build/src/c/preferences.c.9.o build/src/c/storage.c.9.o build/src/c/ui.c.9.o build/emery/appinfo.auto.c.9.o build/emery/src/resource_ids.auto.c.9.o build/src/message_keys.auto.c.9.o -> build/emery/pebble-app.elf
/Users/e_wijaya_ap/Library/Application Support/Pebble SDK/SDKs/4.33.1/toolchain/arm-none-eabi/bin/../lib/gcc/arm-none-eabi/14.2.1/../../../../arm-none-eabi/bin/ld: warning: /Users/e_wijaya_ap/Desktop/kasugabus-pebble/build/emery/pebble-app.elf has a LOAD segment with RWX permissions

[23/23] Processing emery | memory_usage_report: build/emery/pebble-app.elf build/emery/app_resources.pbpack
-------------------------------------------------------
EMERY APP MEMORY USAGE
Total size of resources:        30042 bytes / 256.0KB
Total footprint in RAM:         37286 bytes / 128.0KB
Free RAM available (heap):      93786 bytes
------------------------------------------------------- 
[24/27] Compiling emery | /Users/e_wijaya_ap/Desktop/kasugabus-pebble/build/emery/pebble-app.raw.bin: build/emery/pebble-app.elf -> build/emery/pebble-app.raw.bin
[26/27] Processing emery | inject-metadata: build/emery/pebble-app.raw.bin build/emery/pebble-app.elf build/emery/app_resources.pbpack -> build/emery/pebble-app.bin
[27/27] Creating app_bundle:  -> build/kasugabus-pebble.pbw
Waf: Leaving directory `/Users/e_wijaya_ap/Desktop/kasugabus-pebble/build'
'build' finished successfully (1.467s)
